05-18 03:24:16.799 21741 21741 W System.err: 	at android.app.ActivityThread.access$1200(ActivityThread.java:201)
05-18 03:24:16.799 21741 21741 W System.err: 	at android.app.ActivityThread$H.handleMessage(ActivityThread.java:1674)
05-18 03:24:16.799 21741 21741 W System.err: 	at android.os.Handler.dispatchMessage(Handler.java:106)
05-18 03:24:16.799 21741 21741 W System.err: 	at android.os.Looper.loop(Looper.java:201)
05-18 03:24:16.799 21741 21741 W System.err: 	at android.app.ActivityThread.main(ActivityThread.java:6821)
05-18 03:24:16.799 21741 21741 W System.err: 	at java.lang.reflect.Method.invoke(Native Method)
05-18 03:24:16.799 21741 21741 W System.err: 	at com.android.internal.os.RuntimeInit$MethodAndArgsCaller.run(RuntimeInit.java:547)
05-18 03:24:16.800 21741 21741 W System.err: 	at com.android.internal.os.ZygoteInit.main(ZygoteInit.java:873)
05-18 03:24:16.800 21741 21741 W System.err: java.lang.NullPointerException: Attempt to invoke virtual method 'boolean java.lang.String.equals(java.lang.Object)' on a null object reference
05-18 03:24:16.800 21741 21741 W System.err: 	at com.tencent.smtt.sdk.TbsPVConfig.isEnableNoCoreGray(Unknown Source:13)
05-18 03:24:16.800 21741 21741 W System.err: 	at com.tencent.smtt.sdk.TbsShareManager.getPackageContext(Unknown Source:17)
05-18 03:24:16.800 21741 21741 W System.err: 	at com.tencent.smtt.sdk.TbsShareManager.getCoreShareDecoupleCoreVersion(Unknown Source:1)
05-18 03:24:16.800 21741 21741 W System.err: 	at com.tencent.smtt.sdk.TbsDownloader.a(Unknown Source:99)
05-18 03:24:16.800 21741 21741 W System.err: 	at com.tencent.smtt.sdk.TbsDownloader.g(Unknown Source:13)
05-18 03:24:16.800 21741 21741 W System.err: 	at com.tencent.smtt.sdk.TbsDownloader.e(Unknown Source:0)
05-18 03:24:16.800 21741 21741 W System.err: 	at com.tencent.smtt.sdk.TbsDownloader.a(Unknown Source:339)
05-18 03:24:16.800 21741 21741 W System.err: 	at com.tencent.smtt.sdk.TbsDownloader.needDownload(Unknown Source:231)
05-18 03:24:16.800 21741 21741 W System.err: 	at com.tencent.smtt.sdk.QbSdk.initX5Environment(Unknown Source:33)
05-18 03:24:16.800 21741 21741 W System.err: 	at l1.init(BaseConfig.java:8)
05-18 03:24:16.800 21741 21741 W System.err: 	at com.lezou.app.App.initTTAd(App.java:1)
05-18 03:24:16.800 21741 21741 W System.err: 	at com.lezou.app.App.onCreate(App.java:15)
05-18 03:24:16.801 21741 21741 W System.err: 	at com.stub.StubApp.onCreate(SourceFile:119)
05-18 03:24:16.801 21741 21741 W System.err: 	at android.app.Instrumentation.callApplicationOnCreate(Instrumentation.java:1155)
05-18 03:24:16.801 21741 21741 W System.err: 	at android.app.ActivityThread.handleBindApplication(ActivityThread.java:5960)
05-18 03:24:16.801 21741 21741 W System.err: 	at android.app.ActivityThread.access$1200(ActivityThread.java:201)
05-18 03:24:16.801 21741 21741 W System.err: 	at android.app.ActivityThread$H.handleMessage(ActivityThread.java:1674)
05-18 03:24:16.801 21741 21741 W System.err: 	at android.os.Handler.dispatchMessage(Handler.java:106)
05-18 03:24:16.801 21741 21741 W System.err: 	at android.os.Looper.loop(Looper.java:201)
05-18 03:24:16.801 21741 21741 W System.err: 	at android.app.ActivityThread.main(ActivityThread.java:6821)
05-18 03:24:16.801 21741 21741 W System.err: 	at java.lang.reflect.Method.invoke(Native Method)
05-18 03:24:16.801 21741 21741 W System.err: 	at com.android.internal.os.RuntimeInit$MethodAndArgsCaller.run(RuntimeInit.java:547)
05-18 03:24:16.801 21741 21741 W System.err: 	at com.android.internal.os.ZygoteInit.main(ZygoteInit.java:873)
05-18 03:24:16.801 21741 21741 W System.err: java.lang.NullPointerException: Attempt to invoke virtual method 'boolean java.lang.String.equals(java.lang.Object)' on a null object reference
05-18 03:24:16.801 21741 21741 W System.err: 	at com.tencent.smtt.sdk.TbsPVConfig.isDisableHostBackupCore(Unknown Source:13)
05-18 03:24:16.801 21741 21741 W System.err: 	at com.tencent.smtt.sdk.TbsDownloader.c(Unknown Source:6)
05-18 03:24:16.801 21741 21741 W System.err: 	at com.tencent.smtt.sdk.TbsDownloader.g(Unknown Source:16)
05-18 03:24:16.801 21741 21741 W System.err: 	at com.tencent.smtt.sdk.TbsDownloader.e(Unknown Source:0)
05-18 03:24:16.801 21741 21741 W System.err: 	at com.tencent.smtt.sdk.TbsDownloader.a(Unknown Source:339)
05-18 03:24:16.801 21741 21741 W System.err: 	at com.tencent.smtt.sdk.TbsDownloader.needDownload(Unknown Source:231)
05-18 03:24:16.801 21741 21741 W System.err: 	at com.tencent.smtt.sdk.QbSdk.initX5Environment(Unknown Source:33)
05-18 03:24:16.802 21741 21741 W System.err: 	at l1.init(BaseConfig.java:8)
05-18 03:24:16.802 21741 21741 W System.err: 	at com.lezou.app.App.initTTAd(App.java:1)
05-18 03:24:16.802 21741 21741 W System.err: 	at com.lezou.app.App.onCreate(App.java:15)
05-18 03:24:16.802 21741 21741 W System.err: 	at com.stub.StubApp.onCreate(SourceFile:119)
05-18 03:24:16.802 21741 21741 W System.err: 	at android.app.Instrumentation.callApplicationOnCreate(Instrumentation.java:1155)
05-18 03:24:16.802 21741 21741 W System.err: 	at android.app.ActivityThread.handleBindApplication(ActivityThread.java:5960)
05-18 03:24:16.802 21741 21741 W System.err: 	at android.app.ActivityThread.access$1200(ActivityThread.java:201)
05-18 03:24:16.802 21741 21741 W System.err: 	at android.app.ActivityThread$H.handleMessage(ActivityThread.java:1674)
05-18 03:24:16.802 21741 21741 W System.err: 	at android.os.Handler.dispatchMessage(Handler.java:106)
05-18 03:24:16.802 21741 21741 W System.err: 	at android.os.Looper.loop(Looper.java:201)
05-18 03:24:16.802 21741 21741 W System.err: 	at android.app.ActivityThread.main(ActivityThread.java:6821)
05-18 03:24:16.802 21741 21741 W System.err: 	at java.lang.reflect.Method.invoke(Native Method)
05-18 03:24:16.802 21741 21741 W System.err: 	at com.android.internal.os.RuntimeInit$MethodAndArgsCaller.run(RuntimeInit.java:547)
05-18 03:24:16.802 21741 21741 W System.err: 	at com.android.internal.os.ZygoteInit.main(ZygoteInit.java:873)
05-18 03:24:16.806 21741 21741 W System.err: java.io.FileNotFoundException: File doesn't exist: /storage/emulated/0/tencent/tbs/backup/com.tencent.mm/x5.tbs.org
05-18 03:24:16.806 21741 21741 W System.err: 	at java.util.zip.ZipFile.<init>(ZipFile.java:215)
05-18 03:24:16.806 21741 21741 W System.err: 	at java.util.zip.ZipFile.<init>(ZipFile.java:152)
05-18 03:24:16.806 21741 21741 W System.err: 	at java.util.jar.JarFile.<init>(JarFile.java:160)
05-18 03:24:16.806 21741 21741 W System.err: 	at java.util.jar.JarFile.<init>(JarFile.java:124)
05-18 03:24:16.806 21741 21741 W System.err: 	at com.tencent.smtt.utils.a.b(Unknown Source:6)
05-18 03:24:16.806 21741 21741 W System.err: 	at com.tencent.smtt.sdk.TbsShareManager.getBackupCoreVersion(Unknown Source:22)
05-18 03:24:16.806 21741 21741 W System.err: 	at com.tencent.smtt.sdk.TbsDownloader.c(Unknown Source:25)
05-18 03:24:16.806 21741 21741 W System.err: 	at com.tencent.smtt.sdk.TbsDownloader.g(Unknown Source:16)
05-18 03:24:16.806 21741 21741 W System.err: 	at com.tencent.smtt.sdk.TbsDownloader.e(Unknown Source:0)
05-18 03:24:16.806 21741 21741 W System.err: 	at com.tencent.smtt.sdk.TbsDownloader.a(Unknown Source:339)
05-18 03:24:16.806 21741 21741 W System.err: 	at com.tencent.smtt.sdk.TbsDownloader.needDownload(Unknown Source:231)
05-18 03:24:16.806 21741 21741 W System.err: 	at com.tencent.smtt.sdk.QbSdk.initX5Environment(Unknown Source:33)
05-18 03:24:16.806 21741 21741 W System.err: 	at l1.init(BaseConfig.java:8)
05-18 03:24:16.806 21741 21741 W System.err: 	at com.lezou.app.App.initTTAd(App.java:1)
05-18 03:24:16.806 21741 21741 W System.err: 	at com.lezou.app.App.onCreate(App.java:15)
05-18 03:24:16.806 21741 21741 W System.err: 	at com.stub.StubApp.onCreate(SourceFile:119)
05-18 03:24:16.806 21741 21741 W System.err: 	at android.app.Instrumentation.callApplicationOnCreate(Instrumentation.java:1155)
05-18 03:24:16.806 21741 21741 W System.err: 	at android.app.ActivityThread.handleBindApplication(ActivityThread.java:5960)
05-18 03:24:16.806 21741 21741 W System.err: 	at android.app.ActivityThread.access$1200(ActivityThread.java:201)
05-18 03:24:16.806 21741 21741 W System.err: 	at android.app.ActivityThread$H.handleMessage(ActivityThread.java:1674)
05-18 03:24:16.806 21741 21741 W System.err: 	at android.os.Handler.dispatchMessage(Handler.java:106)
05-18 03:24:16.806 21741 21741 W System.err: 	at android.os.Looper.loop(Looper.java:201)
05-18 03:24:16.806 21741 21741 W System.err: 	at android.app.ActivityThread.main(ActivityThread.java:6821)
05-18 03:24:16.807 21741 21741 W System.err: 	at java.lang.reflect.Method.invoke(Native Method)
05-18 03:24:16.807 21741 21741 W System.err: 	at com.android.internal.os.RuntimeInit$MethodAndArgsCaller.run(RuntimeInit.java:547)
05-18 03:24:16.807 21741 21741 W System.err: 	at com.android.internal.os.ZygoteInit.main(ZygoteInit.java:873)
05-18 03:24:16.809 21741 21741 W System.err: java.io.FileNotFoundException: File doesn't exist: /storage/emulated/0/tencent/tbs/backup/com.tencent.mm/x5.tbs.decouple
05-18 03:24:16.809 21741 21741 W System.err: 	at java.util.zip.ZipFile.<init>(ZipFile.java:215)
05-18 03:24:16.809 21741 21741 W System.err: 	at java.util.zip.ZipFile.<init>(ZipFile.java:152)
05-18 03:24:16.809 21741 21741 W System.err: 	at java.util.jar.JarFile.<init>(JarFile.java:160)
05-18 03:24:16.809 21741 21741 W System.err: 	at java.util.jar.JarFile.<init>(JarFile.java:124)
05-18 03:24:16.809 21741 21741 W System.err: 	at com.tencent.smtt.utils.a.b(Unknown Source:6)
05-18 03:24:16.809 21741 21741 W System.err: 	at com.tencent.smtt.sdk.TbsShareManager.getBackupDecoupleCoreVersion(Unknown Source:22)
05-18 03:24:16.809 21741 21741 W System.err: 	at com.tencent.smtt.sdk.TbsDownloader.c(Unknown Source:99)
05-18 03:24:16.809 21741 21741 W System.err: 	at com.tencent.smtt.sdk.TbsDownloader.g(Unknown Source:16)
05-18 03:24:16.809 21741 21741 W System.err: 	at com.tencent.smtt.sdk.TbsDownloader.e(Unknown Source:0)
05-18 03:24:16.809 21741 21741 W System.err: 	at com.tencent.smtt.sdk.TbsDownloader.a(Unknown Source:339)
05-18 03:24:16.809 21741 21741 W System.err: 	at com.tencent.smtt.sdk.TbsDownloader.needDownload(Unknown Source:231)
05-18 03:24:16.809 21741 21741 W System.err: 	at com.tencent.smtt.sdk.QbSdk.initX5Environment(Unknown Source:33)
05-18 03:24:16.809 21741 21741 W System.err: 	at l1.init(BaseConfig.java:8)
05-18 03:24:16.809 21741 21741 W System.err: 	at com.lezou.app.App.initTTAd(App.java:1)
05-18 03:24:16.809 21741 21741 W System.err: 	at com.lezou.app.App.onCreate(App.java:15)
05-18 03:24:16.809 21741 21741 W System.err: 	at com.stub.StubApp.onCreate(SourceFile:119)
05-18 03:24:16.809 21741 21741 W System.err: 	at android.app.Instrumentation.callApplicationOnCreate(Instrumentation.java:1155)
05-18 03:24:16.809 21741 21741 W System.err: 	at android.app.ActivityThread.handleBindApplication(ActivityThread.java:5960)
05-18 03:24:16.809 21741 21741 W System.err: 	at android.app.ActivityThread.access$1200(ActivityThread.java:201)
05-18 03:24:16.809 21741 21741 W System.err: 	at android.app.ActivityThread$H.handleMessage(ActivityThread.java:1674)
05-18 03:24:16.809 21741 21741 W System.err: 	at android.os.Handler.dispatchMessage(Handler.java:106)
05-18 03:24:16.809 21741 21741 W System.err: 	at android.os.Looper.loop(Looper.java:201)
05-18 03:24:16.810 21741 21741 W System.err: 	at android.app.ActivityThread.main(ActivityThread.java:6821)
05-18 03:24:16.810 21741 21741 W System.err: 	at java.lang.reflect.Method.invoke(Native Method)
05-18 03:24:16.810 21741 21741 W System.err: 	at com.android.internal.os.RuntimeInit$MethodAndArgsCaller.run(RuntimeInit.java:547)
05-18 03:24:16.810 21741 21741 W System.err: 	at com.android.internal.os.ZygoteInit.main(ZygoteInit.java:873)
05-18 03:24:16.913 21741 21774 I DpmTcmClient: RegisterTcmMonitor from: com.android.okhttp.TcmIdleTimerMonitor
05-18 03:24:16.956 21741 21783 I crashsdk: version unique build id: 574d4cd3
05-18 03:24:16.950 21741 21741 W com.quzhuan.app: type=1400 audit(0.0:105034): avc: denied { read } for name="version" dev="proc" ino=4026532086 scontext=u:r:untrusted_app:s0:c239,c256,c512,c768 tcontext=u:object_r:proc_version:s0 tclass=file permissive=0
05-18 03:24:16.961 21741 21741 I crashsdk: Catcher mask: 1000, 4096
05-18 03:24:16.961 21741 21741 I crashsdk: Catcher thread 21748
05-18 03:24:16.961 21741 21741 I crashsdk: begin hack android.os.Process
05-18 03:24:16.961 21741 21741 I crashsdk: end hack android.os.Process
05-18 03:24:16.977  3705  3705 I BatteryInfoReceiver: ACTION_BATTERY_CHANGED
05-18 03:24:16.977  2429  2429 I MiuiChargeController: checkBatteryStatus: chargeType 11 status 2 plugged 2 isRapidCharge false isSuperCharge false isCarMode false mChargeDeviceType -1 mChargeDeviceForAnalytic -1
05-18 03:24:16.977  2429  2429 I MiuiChargeManager: checkBatteryStatus:  mChargeState 11 mChargeSpeed 0 mBatteryLevel 100 mChargeDeviceType -1 mIsCarMode false mWirelessChargeState -1
05-18 03:24:16.978 21741 21774 W System.err: javax.net.ssl.SSLHandshakeException: java.security.cert.CertPathValidatorException: Trust anchor for certification path not found.
05-18 03:24:16.978  2429  2429 I KeyguardIndication: updateIndication: mVisible false mDozing false mTransientIndication null mPowerPluggedIn true mUpArrowIndication 上滑解锁
05-18 03:24:16.799 21741 21741 W FileUtils: Failed to chmod(/data/user/0/com.tencent.mm/app_tbs): android.system.ErrnoException: chmod failed: EACCES (Permission denied)
05-18 03:24:16.978  2133  2167 E UsbDeviceManager: handle message = 9
05-18 03:24:16.979 21741 21774 W System.err: 	at com.android.org.conscrypt.ConscryptFileDescriptorSocket.startHandshake(ConscryptFileDescriptorSocket.java:229)
05-18 03:24:16.979 21741 21774 W System.err: 	at com.android.okhttp.internal.io.RealConnection.connectTls(RealConnection.java:192)
05-18 03:24:16.979 21741 21774 W System.err: 	at com.android.okhttp.internal.io.RealConnection.connectSocket(RealConnection.java:149)
05-18 03:24:16.979 21741 21774 W System.err: 	at com.android.okhttp.internal.io.RealConnection.connect(RealConnection.java:112)
05-18 03:24:16.979 21741 21774 W System.err: 	at com.android.okhttp.internal.http.StreamAllocation.findConnection(StreamAllocation.java:184)
05-18 03:24:16.979 21741 21774 W System.err: 	at com.android.okhttp.internal.http.StreamAllocation.findHealthyConnection(StreamAllocation.java:126)
05-18 03:24:16.979 21741 21774 W System.err: 	at com.android.okhttp.internal.http.StreamAllocation.newStream(StreamAllocation.java:95)
05-18 03:24:16.979 21741 21774 W System.err: 	at com.android.okhttp.internal.http.HttpEngine.connect(HttpEngine.java:281)
05-18 03:24:16.979 21741 21774 W System.err: 	at com.android.okhttp.internal.http.HttpEngine.sendRequest(HttpEngine.java:224)
05-18 03:24:16.979 21741 21774 W System.err: 	at com.android.okhttp.internal.huc.HttpURLConnectionImpl.execute(HttpURLConnectionImpl.java:461)
05-18 03:24:16.979 21741 21774 W System.err: 	at com.android.okhttp.internal.huc.HttpURLConnectionImpl.connect(HttpURLConnectionImpl.java:127)
05-18 03:24:16.979 21741 21774 W System.err: 	at com.android.okhttp.internal.huc.HttpURLConnectionImpl.getOutputStream(HttpURLConnectionImpl.java:258)
05-18 03:24:16.979 21741 21774 W System.err: 	at com.android.okhttp.internal.huc.DelegatingHttpsURLConnection.getOutputStream(DelegatingHttpsURLConnection.java:218)
05-18 03:24:16.979 21741 21774 W System.err: 	at com.android.okhttp.internal.huc.HttpsURLConnectionImpl.getOutputStream(HttpsURLConnectionImpl.java:26)
05-18 03:24:16.979 21741 21774 W System.err: 	at com.tencent.smtt.utils.n.b(Unknown Source:0)
05-18 03:24:16.979 21741 21774 W System.err: 	at com.tencent.smtt.utils.n.a(Unknown Source:90)
05-18 03:24:16.979 21741 21774 W System.err: 	at com.tencent.smtt.sdk.TbsLogReport.b(Unknown Source:102)
05-18 03:24:16.979 21741 21774 W System.err: 	at com.tencent.smtt.sdk.TbsLogReport.a(Unknown Source:444)
05-18 03:24:16.979 21741 21774 W System.err: 	at com.tencent.smtt.sdk.TbsLogReport.a(Unknown Source:0)
05-18 03:24:16.979 21741 21774 W System.err: 	at com.tencent.smtt.sdk.aw.handleMessage(Unknown Source:18)
05-18 03:24:16.979 21741 21774 W System.err: 	at android.os.Handler.dispatchMessage(Handler.java:106)
05-18 03:24:16.979 21741 21774 W System.err: 	at android.os.Looper.loop(Looper.java:201)
05-18 03:24:16.979 21741 21774 W System.err: 	at android.os.HandlerThread.run(HandlerThread.java:65)
05-18 03:24:16.980 21741 21774 W System.err: Caused by: java.security.cert.CertificateException: java.security.cert.CertPathValidatorException: Trust anchor for certification path not found.
05-18 03:24:16.980 21741 21774 W System.err: 	at com.android.org.conscrypt.TrustManagerImpl.checkTrustedRecursive(TrustManagerImpl.java:646)
05-18 03:24:16.980 21741 21774 W System.err: 	at com.android.org.conscrypt.TrustManagerImpl.checkTrusted(TrustManagerImpl.java:495)
05-18 03:24:16.980 21741 21774 W System.err: 	at com.android.org.conscrypt.TrustManagerImpl.checkTrusted(TrustManagerImpl.java:418)
05-18 03:24:16.980 21741 21774 W System.err: 	at com.android.org.conscrypt.TrustManagerImpl.getTrustedChainForServer(TrustManagerImpl.java:339)
05-18 03:24:16.980 21741 21774 W System.err: 	at android.security.net.config.NetworkSecurityTrustManager.checkServerTrusted(NetworkSecurityTrustManager.java:94)
05-18 03:24:16.980 21741 21774 W System.err: 	at android.security.net.config.RootTrustManager.checkServerTrusted(RootTrustManager.java:88)
05-18 03:24:16.980 21741 21774 W System.err: 	at com.android.org.conscrypt.Platform.checkServerTrusted(Platform.java:208)
05-18 03:24:16.980 21741 21774 W System.err: 	at com.android.org.conscrypt.ConscryptFileDescriptorSocket.verifyCertificateChain(ConscryptFileDescriptorSocket.java:404)
05-18 03:24:16.980 21741 21774 W System.err: 	at com.android.org.conscrypt.NativeCrypto.SSL_do_handshake(Native Method)
05-18 03:24:16.980 21741 21774 W System.err: 	at com.android.org.conscrypt.NativeSsl.doHandshake(NativeSsl.java:375)
05-18 03:24:16.980 21741 21774 W System.err: 	at com.android.org.conscrypt.ConscryptFileDescriptorSocket.startHandshake(ConscryptFileDescriptorSocket.java:224)
05-18 03:24:16.980 21741 21774 W System.err: 	... 22 more
05-18 03:24:16.980 21741 21774 W System.err: Caused by: java.security.cert.CertPathValidatorException: Trust anchor for certification path not found.
05-18 03:24:16.980 21741 21774 W System.err: 	... 33 more
05-18 03:24:16.980 21741 21774 W System.err: javax.net.ssl.SSLHandshakeException: java.security.cert.CertPathValidatorException: Trust anchor for certification path not found.
05-18 03:24:16.980 21741 21774 W System.err: 	at com.android.org.conscrypt.ConscryptFileDescriptorSocket.startHandshake(ConscryptFileDescriptorSocket.java:229)
05-18 03:24:16.981 21741 21774 W System.err: 	at com.android.okhttp.internal.io.RealConnection.connectTls(RealConnection.java:192)
05-18 03:24:16.981 21741 21774 W System.err: 	at com.android.okhttp.internal.io.RealConnection.connectSocket(RealConnection.java:149)
05-18 03:24:16.981 21741 21774 W System.err: 	at com.android.okhttp.internal.io.RealConnection.connect(RealConnection.java:112)
05-18 03:24:16.981 21741 21774 W System.err: 	at com.android.okhttp.internal.http.StreamAllocation.findConnection(StreamAllocation.java:184)
05-18 03:24:16.981 21741 21774 W System.err: 	at com.android.okhttp.internal.http.StreamAllocation.findHealthyConnection(StreamAllocation.java:126)
05-18 03:24:16.981 21741 21774 W System.err: 	at com.android.okhttp.internal.http.StreamAllocation.newStream(StreamAllocation.java:95)
05-18 03:24:16.981 21741 21774 W System.err: 	at com.android.okhttp.internal.http.HttpEngine.connect(HttpEngine.java:281)
05-18 03:24:16.981 21741 21774 W System.err: 	at com.android.okhttp.internal.http.HttpEngine.sendRequest(HttpEngine.java:224)
05-18 03:24:16.981 21741 21774 W System.err: 	at com.android.okhttp.internal.huc.HttpURLConnectionImpl.execute(HttpURLConnectionImpl.java:461)
05-18 03:24:16.981 21741 21774 W System.err: 	at com.android.okhttp.internal.huc.HttpURLConnectionImpl.connect(HttpURLConnectionImpl.java:127)
05-18 03:24:16.981 21741 21774 W System.err: 	at com.android.okhttp.internal.huc.HttpURLConnectionImpl.getOutputStream(HttpURLConnectionImpl.java:258)
05-18 03:24:16.981 21741 21774 W System.err: 	at com.android.okhttp.internal.huc.DelegatingHttpsURLConnection.getOutputStream(DelegatingHttpsURLConnection.java:218)
05-18 03:24:16.981 21741 21774 W System.err: 	at com.android.okhttp.internal.huc.HttpsURLConnectionImpl.getOutputStream(HttpsURLConnectionImpl.java:26)
05-18 03:24:16.981 21741 21774 W System.err: 	at com.tencent.smtt.utils.n.b(Unknown Source:0)
05-18 03:24:16.981 21741 21774 W System.err: 	at com.tencent.smtt.utils.n.a(Unknown Source:90)
05-18 03:24:16.981 21741 21774 W System.err: 	at com.tencent.smtt.sdk.TbsLogReport.b(Unknown Source:102)
05-18 03:24:16.981 21741 21774 W System.err: 	at com.tencent.smtt.sdk.TbsLogReport.a(Unknown Source:444)
05-18 03:24:16.981 21741 21774 W System.err: 	at com.tencent.smtt.sdk.TbsLogReport.a(Unknown Source:0)
05-18 03:24:16.981 21741 21774 W System.err: 	at com.tencent.smtt.sdk.aw.handleMessage(Unknown Source:18)
05-18 03:24:16.981 21741 21774 W System.err: 	at android.os.Handler.dispatchMessage(Handler.java:106)
05-18 03:24:16.981 21741 21774 W System.err: 	at android.os.Looper.loop(Looper.java:201)
05-18 03:24:16.981 21741 21774 W System.err: 	at android.os.HandlerThread.run(HandlerThread.java:65)
05-18 03:24:16.981 21741 21774 W System.err: Caused by: java.security.cert.CertificateException: java.security.cert.CertPathValidatorException: Trust anchor for certification path not found.
05-18 03:24:16.981 21741 21774 W System.err: 	at com.android.org.conscrypt.TrustManagerImpl.checkTrustedRecursive(TrustManagerImpl.java:646)
05-18 03:24:16.981 21741 21774 W System.err: 	at com.android.org.conscrypt.TrustManagerImpl.checkTrusted(TrustManagerImpl.java:495)
05-18 03:24:16.981 21741 21774 W System.err: 	at com.android.org.conscrypt.TrustManagerImpl.checkTrusted(TrustManagerImpl.java:418)
05-18 03:24:16.981 21741 21774 W System.err: 	at com.android.org.conscrypt.TrustManagerImpl.getTrustedChainForServer(TrustManagerImpl.java:339)
05-18 03:24:16.981 21741 21774 W System.err: 	at android.security.net.config.NetworkSecurityTrustManager.checkServerTrusted(NetworkSecurityTrustManager.java:94)
05-18 03:24:16.981 21741 21774 W System.err: 	at android.security.net.config.RootTrustManager.checkServerTrusted(RootTrustManager.java:88)
05-18 03:24:16.981 21741 21774 W System.err: 	at com.android.org.conscrypt.Platform.checkServerTrusted(Platform.java:208)
05-18 03:24:16.981 21741 21774 W System.err: 	at com.android.org.conscrypt.ConscryptFileDescriptorSocket.verifyCertificateChain(ConscryptFileDescriptorSocket.java:404)
05-18 03:24:16.981 21741 21774 W System.err: 	at com.android.org.conscrypt.NativeCrypto.SSL_do_handshake(Native Method)
05-18 03:24:16.981 21741 21774 W System.err: 	at com.android.org.conscrypt.NativeSsl.doHandshake(NativeSsl.java:375)
05-18 03:24:16.981 21741 21774 W System.err: 	at com.android.org.conscrypt.ConscryptFileDescriptorSocket.startHandshake(ConscryptFileDescriptorSocket.java:224)
05-18 03:24:16.981 21741 21774 W System.err: 	... 22 more
05-18 03:24:16.981 21741 21774 W System.err: Caused by: java.security.cert.CertPathValidatorException: Trust anchor for certification path not found.
05-18 03:24:16.981 21741 21774 W System.err: 	... 33 more
05-18 03:24:16.992 21741 21786 W efs.send_log: tryFileLock start! 
05-18 03:24:16.997 21741 21787 W efs.send_log: tryFileLock sendlock sucess! processname: com.quzhuan.app
05-18 03:24:17.005 21741 21786 I efs.config: --->>> 删除旧的配置文件 false
05-18 03:24:17.010 21741 21788 I efs.base: lt=event`ev_ct=efs_core`ev_ac=pvuv`tm=2023-05-18 03:24:00`dn=1ae3a486-7cd9-40a5-aed7-c836621681e5`ps=com.quzhuan.app`um_os=android`stime=1684351455281`pid=21741`fr=android`pkg=com.quzhuan.app`vcode=332`dsp_w=1080`uid=1ae3a486-7cd9-40a5-aed7-c836621681e5`rom=9`wid=1ae3a486-7cd9-40a5-aed7-c836621681e5`um_app_carrier=中国移动`um_app_channel=anzhi`ctime=1684351457`model=mi-6x`lang=zh`net=wifi`brand=xiaomi`dsp_h=2030`ver=3.3.2`w_tm=1684351457`appid=5cff4169570df358890009f1`um_umid_header=925dbd76827c9123ac60f8a45b20f7dc`sdk=28`tzone=Asia/Shanghai`sdk_ver=1.3.3.umeng
05-18 03:24:17.018 21741 21786 I efs.config: current config version (-1) is older than another (1651209273)
05-18 03:24:17.019 21741 21786 I efs.config: load config from storage and notify observer
05-18 03:24:17.027 21741 21741 I Matrix.AnrTracer: anrTrace, final mAnrBeatTime:400, mAnrBeatRate:400
05-18 03:24:17.133 21741 21804 E com.quzhuan.ap: Invalid ID 0x00000000.
05-18 03:24:17.133 21741 21804 W System.err: android.content.res.Resources$NotFoundException: String resource ID #0x0
05-18 03:24:17.133 21741 21804 W System.err: 	at android.content.res.Resources.getText(Resources.java:360)
05-18 03:24:17.133 21741 21804 W System.err: 	at android.content.res.MiuiResources.getText(MiuiResources.java:97)
05-18 03:24:17.133 21741 21804 W System.err: 	at android.content.res.Resources.getString(Resources.java:453)
05-18 03:24:17.133 21741 21804 W System.err: 	at com.umeng.umzid.ZIDManager.a(:21)
05-18 03:24:17.133 21741 21804 W System.err: 	at com.umeng.umzid.ZIDManager.a(:1)
05-18 03:24:17.133 21741 21804 W System.err: 	at com.umeng.umzid.ZIDManager$a.run(Unknown Source:4)
05-18 03:24:17.133 21741 21804 W System.err: 	at java.util.concurrent.Executors$RunnableAdapter.call(Executors.java:458)
05-18 03:24:17.133 21741 21804 W System.err: 	at java.util.concurrent.FutureTask.run(FutureTask.java:266)
05-18 03:24:17.134 21741 21804 W System.err: 	at java.util.concurrent.ScheduledThreadPoolExecutor$ScheduledFutureTask.run(ScheduledThreadPoolExecutor.java:301)
05-18 03:24:17.134 21741 21804 W System.err: 	at java.util.concurrent.ThreadPoolExecutor.runWorker(ThreadPoolExecutor.java:1167)
05-18 03:24:17.134 21741 21804 W System.err: 	at java.util.concurrent.ThreadPoolExecutor$Worker.run(ThreadPoolExecutor.java:641)
05-18 03:24:17.134 21741 21804 W System.err: 	at java.lang.Thread.run(Thread.java:764)
05-18 03:24:17.171  1127  1253 E storaged: getDiskStats failed with result NOT_SUPPORTED and size 0
05-18 03:24:17.176 21741 21741 I TDLog   :  setReportUncaughtExceptions: true
05-18 03:24:17.180 21741 21741 W com.quzhuan.app: type=1400 audit(0.0:105035): avc: denied { read } for name="/" dev="rootfs" ino=1 scontext=u:r:untrusted_app:s0:c239,c256,c512,c768 tcontext=u:object_r:rootfs:s0 tclass=dir permissive=0
05-18 03:24:17.190 21741 21741 W com.quzhuan.app: type=1400 audit(0.0:105036): avc: denied { read } for name="/" dev="rootfs" ino=1 scontext=u:r:untrusted_app:s0:c239,c256,c512,c768 tcontext=u:object_r:rootfs:s0 tclass=dir permissive=0
05-18 03:24:17.282 21741 21807 I TDLog   : TalkingData App Analytics SDK init...
05-18 03:24:17.282 21741 21807 I TDLog   : 	SDK_VERSION is: Android+TD+V4.0.56 gp Type:Native  Build_Num:1387
05-18 03:24:17.282 21741 21807 I TDLog   : 	App ID is: F60AB4D5BC75462BA0C6358CC7FA7420
05-18 03:24:17.282 21741 21807 I TDLog   : 	App Channel is: anzhi
05-18 03:24:17.282 21741 21807 I TDLog   : 	SDK_OVC is: TDOVC+20a53028c979f4401208fbce714b611d+SaaS
05-18 03:24:17.310 21829 21829 F linker  : CANNOT LINK EXECUTABLE "/system/bin/dpmd": "/system/lib64/libdpmframework.so" is 32-bit instead of 64-bit
05-18 03:24:17.356 21741 21798 W com.quzhuan.ap: resources.arsc in APK '/data/app/com.iflytek.inputmethod.miui/com.iflytek.inputmethod.miui.apk' is compressed.
05-18 03:24:17.393  2133  4669 I SensorService: check list, getPackageName  com.netease.mobsec.b.n
05-18 03:24:17.402 21741 21751 W System  : A resource failed to call end. 
05-18 03:24:17.443 21741 21741 E LXADUtil: init OnResult , code = 200 msg = ok
05-18 03:24:17.461 21741 21741 W System.err: java.lang.NullPointerException: Attempt to invoke virtual method 'boolean java.lang.String.equals(java.lang.Object)' on a null object reference
05-18 03:24:17.461 21741 21741 W System.err: 	at com.tencent.smtt.sdk.TbsPVConfig.isEnableNoCoreGray(Unknown Source:13)
05-18 03:24:17.462 21741 21741 W System.err: 	at com.tencent.smtt.sdk.TbsShareManager.getPackageContext(Unknown Source:17)
05-18 03:24:17.462 21741 21741 W System.err: 	at com.tencent.smtt.sdk.TbsShareManager.getSharedTbsCoreVersion(Unknown Source:1)
05-18 03:24:17.462 21741 21741 W System.err: 	at com.tencent.smtt.sdk.TbsDownloader.a(Unknown Source:18)
05-18 03:24:17.462 21741 21741 W System.err: 	at com.tencent.smtt.sdk.TbsDownloader.g(Unknown Source:13)
05-18 03:24:17.462 21741 21741 W System.err: 	at com.tencent.smtt.sdk.TbsDownloader.e(Unknown Source:0)
05-18 03:24:17.462 21741 21741 W System.err: 	at com.tencent.smtt.sdk.TbsDownloader.a(Unknown Source:339)
05-18 03:24:17.462 21741 21741 W System.err: 	at com.tencent.smtt.sdk.TbsDownloader.needDownload(Unknown Source:231)
05-18 03:24:17.462 21741 21741 W System.err: 	at com.tencent.smtt.sdk.QbSdk.initX5Environment(Unknown Source:33)
05-18 03:24:17.462 21741 21741 W System.err: 	at l1.initX5Web(BaseConfig.java:2)
05-18 03:24:17.462 21741 21741 W System.err: 	at com.lexing.module.utils.c.initWangYi(LXADUtil.java:11)
05-18 03:24:17.462 21741 21741 W System.err: 	at com.lezou.app.App.initTTAd(App.java:2)
05-18 03:24:17.462 21741 21741 W System.err: 	at com.lezou.app.App.onCreate(App.java:15)
05-18 03:24:17.462 21741 21741 W System.err: 	at com.stub.StubApp.onCreate(SourceFile:119)
05-18 03:24:17.462 21741 21741 W System.err: 	at android.app.Instrumentation.callApplicationOnCreate(Instrumentation.java:1155)
05-18 03:24:17.462 21741 21741 W System.err: 	at android.app.ActivityThread.handleBindApplication(ActivityThread.java:5960)
05-18 03:24:17.462 21741 21741 W System.err: 	at android.app.ActivityThread.access$1200(ActivityThread.java:201)
05-18 03:24:17.462 21741 21741 W System.err: 	at android.app.ActivityThread$H.handleMessage(ActivityThread.java:1674)
05-18 03:24:17.462 21741 21741 W System.err: 	at android.os.Handler.dispatchMessage(Handler.java:106)
05-18 03:24:17.462 21741 21741 W System.err: 	at android.os.Looper.loop(Looper.java:201)
05-18 03:24:17.462 21741 21741 W System.err: 	at android.app.ActivityThread.main(ActivityThread.java:6821)
05-18 03:24:17.462 21741 21741 W System.err: 	at java.lang.reflect.Method.invoke(Native Method)
05-18 03:24:17.462 21741 21741 W System.err: 	at com.android.internal.os.RuntimeInit$MethodAndArgsCaller.run(RuntimeInit.java:547)
05-18 03:24:17.462 21741 21741 W System.err: 	at com.android.internal.os.ZygoteInit.main(ZygoteInit.java:873)
05-18 03:24:17.463 21741 21741 W System.err: java.lang.NullPointerException: Attempt to invoke virtual method 'boolean java.lang.String.equals(java.lang.Object)' on a null object reference
05-18 03:24:17.463 21741 21741 W System.err: 	at com.tencent.smtt.sdk.TbsPVConfig.isEnableNoCoreGray(Unknown Source:13)
05-18 03:24:17.463 21741 21741 W System.err: 	at com.tencent.smtt.sdk.TbsShareManager.getPackageContext(Unknown Source:17)
05-18 03:24:17.463 21741 21741 W System.err: 	at com.tencent.smtt.sdk.TbsShareManager.getSharedTbsCoreVersion(Unknown Source:1)
05-18 03:24:17.463 21741 21741 W System.err: 	at com.tencent.smtt.sdk.TbsDownloader.a(Unknown Source:18)
05-18 03:24:17.463 21741 21741 W System.err: 	at com.tencent.smtt.sdk.TbsDownloader.g(Unknown Source:13)
05-18 03:24:17.463 21741 21741 W System.err: 	at com.tencent.smtt.sdk.TbsDownloader.e(Unknown Source:0)
05-18 03:24:17.463 21741 21741 W System.err: 	at com.tencent.smtt.sdk.TbsDownloader.a(Unknown Source:339)
05-18 03:24:17.463 21741 21741 W System.err: 	at com.tencent.smtt.sdk.TbsDownloader.needDownload(Unknown Source:231)
05-18 03:24:17.463 21741 21741 W System.err: 	at com.tencent.smtt.sdk.QbSdk.initX5Environment(Unknown Source:33)
05-18 03:24:17.463 21741 21741 W System.err: 	at l1.initX5Web(BaseConfig.java:2)
05-18 03:24:17.463 21741 21741 W System.err: 	at com.lexing.module.utils.c.initWangYi(LXADUtil.java:11)
05-18 03:24:17.463 21741 21741 W System.err: 	at com.lezou.app.App.initTTAd(App.java:2)
05-18 03:24:17.463 21741 21741 W System.err: 	at com.lezou.app.App.onCreate(App.java:15)
05-18 03:24:17.463 21741 21741 W System.err: 	at com.stub.StubApp.onCreate(SourceFile:119)
05-18 03:24:17.463 21741 21741 W System.err: 	at android.app.Instrumentation.callApplicationOnCreate(Instrumentation.java:1155)
05-18 03:24:17.463 21741 21741 W System.err: 	at android.app.ActivityThread.handleBindApplication(ActivityThread.java:5960)
05-18 03:24:17.463 21741 21741 W System.err: 	at android.app.ActivityThread.access$1200(ActivityThread.java:201)
05-18 03:24:17.463 21741 21741 W System.err: 	at android.app.ActivityThread$H.handleMessage(ActivityThread.java:1674)
05-18 03:24:17.463 21741 21741 W System.err: 	at android.os.Handler.dispatchMessage(Handler.java:106)
05-18 03:24:17.463 21741 21741 W System.err: 	at android.os.Looper.loop(Looper.java:201)
05-18 03:24:17.463 21741 21741 W System.err: 	at android.app.ActivityThread.main(ActivityThread.java:6821)
05-18 03:24:17.464 21741 21741 W System.err: 	at java.lang.reflect.Method.invoke(Native Method)
05-18 03:24:17.464 21741 21741 W System.err: 	at com.android.internal.os.RuntimeInit$MethodAndArgsCaller.run(RuntimeInit.java:547)
05-18 03:24:17.464 21741 21741 W System.err: 	at com.android.internal.os.ZygoteInit.main(ZygoteInit.java:873)
05-18 03:24:17.470 21741 21741 W FileUtils: Failed to chmod(/data/user/0/com.tencent.mm/app_tbs): android.system.ErrnoException: chmod failed: EACCES (Permission denied)
05-18 03:24:17.470 21741 21741 W System.err: java.lang.NullPointerException: Attempt to invoke virtual method 'boolean java.lang.String.equals(java.lang.Object)' on a null object reference
05-18 03:24:17.471 21741 21741 W System.err: 	at com.tencent.smtt.sdk.TbsPVConfig.isEnableNoCoreGray(Unknown Source:13)
05-18 03:24:17.471 21741 21741 W System.err: 	at com.tencent.smtt.sdk.TbsShareManager.getPackageContext(Unknown Source:17)
05-18 03:24:17.471 21741 21741 W System.err: 	at com.tencent.smtt.sdk.TbsShareManager.getSharedTbsCoreVersion(Unknown Source:1)
05-18 03:24:17.471 21741 21741 W System.err: 	at com.tencent.smtt.sdk.TbsDownloader.a(Unknown Source:18)
05-18 03:24:17.471 21741 21741 W System.err: 	at com.tencent.smtt.sdk.TbsDownloader.g(Unknown Source:13)
05-18 03:24:17.471 21741 21741 W System.err: 	at com.tencent.smtt.sdk.TbsDownloader.e(Unknown Source:0)
05-18 03:24:17.471 21741 21741 W System.err: 	at com.tencent.smtt.sdk.TbsDownloader.a(Unknown Source:339)
05-18 03:24:17.471 21741 21741 W System.err: 	at com.tencent.smtt.sdk.TbsDownloader.needDownload(Unknown Source:231)
05-18 03:24:17.471 21741 21741 W System.err: 	at com.tencent.smtt.sdk.QbSdk.initX5Environment(Unknown Source:33)
05-18 03:24:17.471 21741 21741 W System.err: 	at l1.initX5Web(BaseConfig.java:2)
05-18 03:24:17.471 21741 21741 W System.err: 	at com.lexing.module.utils.c.initWangYi(LXADUtil.java:11)
05-18 03:24:17.471 21741 21741 W System.err: 	at com.lezou.app.App.initTTAd(App.java:2)
05-18 03:24:17.471 21741 21741 W System.err: 	at com.lezou.app.App.onCreate(App.java:15)
05-18 03:24:17.471 21741 21741 W System.err: 	at com.stub.StubApp.onCreate(SourceFile:119)
05-18 03:24:17.471 21741 21741 W System.err: 	at android.app.Instrumentation.callApplicationOnCreate(Instrumentation.java:1155)
05-18 03:24:17.471 21741 21741 W System.err: 	at android.app.ActivityThread.handleBindApplication(ActivityThread.java:5960)
05-18 03:24:17.471 21741 21741 W System.err: 	at android.app.ActivityThread.access$1200(ActivityThread.java:201)
05-18 03:24:17.471 21741 21741 W System.err: 	at android.app.ActivityThread$H.handleMessage(ActivityThread.java:1674)
05-18 03:24:17.471 21741 21741 W System.err: 	at android.os.Handler.dispatchMessage(Handler.java:106)
05-18 03:24:17.471 21741 21741 W System.err: 	at android.os.Looper.loop(Looper.java:201)
05-18 03:24:17.471 21741 21741 W System.err: 	at android.app.ActivityThread.main(ActivityThread.java:6821)
05-18 03:24:17.471 21741 21741 W System.err: 	at java.lang.reflect.Method.invoke(Native Method)
05-18 03:24:17.471 21741 21741 W System.err: 	at com.android.internal.os.RuntimeInit$MethodAndArgsCaller.run(RuntimeInit.java:547)
05-18 03:24:17.471 21741 21741 W System.err: 	at com.android.internal.os.ZygoteInit.main(ZygoteInit.java:873)
05-18 03:24:17.472 21741 21741 W System.err: java.lang.NullPointerException: Attempt to invoke virtual method 'boolean java.lang.String.equals(java.lang.Object)' on a null object reference
05-18 03:24:17.474 21741 21798 I MobclickAgent: module init:azioc
05-18 03:24:17.475 21741 21741 W System.err: 	at com.tencent.smtt.sdk.TbsPVConfig.isEnableNoCoreGray(Unknown Source:13)
05-18 03:24:17.475 21741 21741 W System.err: 	at com.tencent.smtt.sdk.TbsShareManager.getPackageContext(Unknown Source:17)
05-18 03:24:17.475 21741 21741 W System.err: 	at com.tencent.smtt.sdk.TbsShareManager.getSharedTbsCoreVersion(Unknown Source:1)
05-18 03:24:17.475 21741 21741 W System.err: 	at com.tencent.smtt.sdk.TbsDownloader.a(Unknown Source:18)
05-18 03:24:17.475 21741 21741 W System.err: 	at com.tencent.smtt.sdk.TbsDownloader.g(Unknown Source:13)
05-18 03:24:17.475 21741 21741 W System.err: 	at com.tencent.smtt.sdk.TbsDownloader.e(Unknown Source:0)
05-18 03:24:17.475 21741 21741 W System.err: 	at com.tencent.smtt.sdk.TbsDownloader.a(Unknown Source:339)
05-18 03:24:17.475 21741 21741 W System.err: 	at com.tencent.smtt.sdk.TbsDownloader.needDownload(Unknown Source:231)
05-18 03:24:17.475 21741 21741 W System.err: 	at com.tencent.smtt.sdk.QbSdk.initX5Environment(Unknown Source:33)
05-18 03:24:17.475 21741 21741 W System.err: 	at l1.initX5Web(BaseConfig.java:2)
05-18 03:24:17.475 21741 21741 W System.err: 	at com.lexing.module.utils.c.initWangYi(LXADUtil.java:11)
05-18 03:24:17.475 21741 21741 W System.err: 	at com.lezou.app.App.initTTAd(App.java:2)
05-18 03:24:17.475 21741 21741 W System.err: 	at com.lezou.app.App.onCreate(App.java:15)
05-18 03:24:17.475 21741 21741 W System.err: 	at com.stub.StubApp.onCreate(SourceFile:119)
05-18 03:24:17.475 21741 21741 W System.err: 	at android.app.Instrumentation.callApplicationOnCreate(Instrumentation.java:1155)
05-18 03:24:17.475 21741 21741 W System.err: 	at android.app.ActivityThread.handleBindApplication(ActivityThread.java:5960)
05-18 03:24:17.475 21741 21741 W System.err: 	at android.app.ActivityThread.access$1200(ActivityThread.java:201)
05-18 03:24:17.475 21741 21741 W System.err: 	at android.app.ActivityThread$H.handleMessage(ActivityThread.java:1674)
05-18 03:24:17.475 21741 21741 W System.err: 	at android.os.Handler.dispatchMessage(Handler.java:106)
05-18 03:24:17.475 21741 21741 W System.err: 	at android.os.Looper.loop(Looper.java:201)
05-18 03:24:17.475 21741 21741 W System.err: 	at android.app.ActivityThread.main(ActivityThread.java:6821)
05-18 03:24:17.475 21741 21741 W System.err: 	at java.lang.reflect.Method.invoke(Native Method)
05-18 03:24:17.476 21741 21741 W System.err: 	at com.android.internal.os.RuntimeInit$MethodAndArgsCaller.run(RuntimeInit.java:547)
05-18 03:24:17.476 21741 21741 W System.err: 	at com.android.internal.os.ZygoteInit.main(ZygoteInit.java:873)
05-18 03:24:17.477 21741 21741 W System.err: java.lang.NullPointerException: Attempt to invoke virtual method 'boolean java.lang.String.equals(java.lang.Object)' on a null object reference
05-18 03:24:17.477 21741 21741 W System.err: 	at com.tencent.smtt.sdk.TbsPVConfig.isEnableNoCoreGray(Unknown Source:13)
05-18 03:24:17.477 21741 21741 W System.err: 	at com.tencent.smtt.sdk.TbsShareManager.getPackageContext(Unknown Source:17)
05-18 03:24:17.477 21741 21741 W System.err: 	at com.tencent.smtt.sdk.TbsShareManager.getCoreShareDecoupleCoreVersion(Unknown Source:1)
05-18 03:24:17.477 21741 21741 W System.err: 	at com.tencent.smtt.sdk.TbsDownloader.a(Unknown Source:99)
05-18 03:24:17.477 21741 21741 W System.err: 	at com.tencent.smtt.sdk.TbsDownloader.g(Unknown Source:13)
05-18 03:24:17.477 21741 21741 W System.err: 	at com.tencent.smtt.sdk.TbsDownloader.e(Unknown Source:0)
05-18 03:24:17.478 21741 21741 W System.err: 	at com.tencent.smtt.sdk.TbsDownloader.a(Unknown Source:339)
05-18 03:24:17.478 21741 21741 W System.err: 	at com.tencent.smtt.sdk.TbsDownloader.needDownload(Unknown Source:231)
05-18 03:24:17.478 21741 21741 W System.err: 	at com.tencent.smtt.sdk.QbSdk.initX5Environment(Unknown Source:33)
05-18 03:24:17.478 21741 21741 W System.err: 	at l1.initX5Web(BaseConfig.java:2)
05-18 03:24:17.478 21741 21741 W System.err: 	at com.lexing.module.utils.c.initWangYi(LXADUtil.java:11)
05-18 03:24:17.478 21741 21741 W System.err: 	at com.lezou.app.App.initTTAd(App.java:2)
05-18 03:24:17.478 21741 21741 W System.err: 	at com.lezou.app.App.onCreate(App.java:15)
05-18 03:24:17.478 21741 21741 W System.err: 	at com.stub.StubApp.onCreate(SourceFile:119)
05-18 03:24:17.478 21741 21741 W System.err: 	at android.app.Instrumentation.callApplicationOnCreate(Instrumentation.java:1155)
05-18 03:24:17.478 21741 21741 W System.err: 	at android.app.ActivityThread.handleBindApplication(ActivityThread.java:5960)
05-18 03:24:17.478 21741 21741 W System.err: 	at android.app.ActivityThread.access$1200(ActivityThread.java:201)
05-18 03:24:17.478 21741 21741 W System.err: 	at android.app.ActivityThread$H.handleMessage(ActivityThread.java:1674)
05-18 03:24:17.478 21741 21741 W System.err: 	at android.os.Handler.dispatchMessage(Handler.java:106)
05-18 03:24:17.478 21741 21741 W System.err: 	at android.os.Looper.loop(Looper.java:201)
05-18 03:24:17.478 21741 21741 W System.err: 	at android.app.ActivityThread.main(ActivityThread.java:6821)
05-18 03:24:17.478 21741 21741 W System.err: 	at java.lang.reflect.Method.invoke(Native Method)
05-18 03:24:17.478 21741 21741 W System.err: 	at com.android.internal.os.RuntimeInit$MethodAndArgsCaller.run(RuntimeInit.java:547)
05-18 03:24:17.478 21741 21741 W System.err: 	at com.android.internal.os.ZygoteInit.main(ZygoteInit.java:873)
05-18 03:24:17.480 21741 21741 W System.err: java.lang.NullPointerException: Attempt to invoke virtual method 'boolean java.lang.String.equals(java.lang.Object)' on a null object reference
05-18 03:24:17.480 21741 21741 W System.err: 	at com.tencent.smtt.sdk.TbsPVConfig.isEnableNoCoreGray(Unknown Source:13)
05-18 03:24:17.480 21741 21741 W System.err: 	at com.tencent.smtt.sdk.TbsShareManager.getPackageContext(Unknown Source:17)
05-18 03:24:17.480 21741 21741 W System.err: 	at com.tencent.smtt.sdk.TbsShareManager.getCoreShareDecoupleCoreVersion(Unknown Source:1)
05-18 03:24:17.480 21741 21741 W System.err: 	at com.tencent.smtt.sdk.TbsDownloader.a(Unknown Source:99)
05-18 03:24:17.480 21741 21741 W System.err: 	at com.tencent.smtt.sdk.TbsDownloader.g(Unknown Source:13)
05-18 03:24:17.480 21741 21741 W System.err: 	at com.tencent.smtt.sdk.TbsDownloader.e(Unknown Source:0)
05-18 03:24:17.480 21741 21741 W System.err: 	at com.tencent.smtt.sdk.TbsDownloader.a(Unknown Source:339)
05-18 03:24:17.480 21741 21741 W System.err: 	at com.tencent.smtt.sdk.TbsDownloader.needDownload(Unknown Source:231)
05-18 03:24:17.480 21741 21741 W System.err: 	at com.tencent.smtt.sdk.QbSdk.initX5Environment(Unknown Source:33)
05-18 03:24:17.480 21741 21741 W System.err: 	at l1.initX5Web(BaseConfig.java:2)
05-18 03:24:17.480 21741 21741 W System.err: 	at com.lexing.module.utils.c.initWangYi(LXADUtil.java:11)
05-18 03:24:17.480 21741 21741 W System.err: 	at com.lezou.app.App.initTTAd(App.java:2)
05-18 03:24:17.480 21741 21741 W System.err: 	at com.lezou.app.App.onCreate(App.java:15)
05-18 03:24:17.480 21741 21741 W System.err: 	at com.stub.StubApp.onCreate(SourceFile:119)
05-18 03:24:17.480 21741 21741 W System.err: 	at android.app.Instrumentation.callApplicationOnCreate(Instrumentation.java:1155)
05-18 03:24:17.480 21741 21741 W System.err: 	at android.app.ActivityThread.handleBindApplication(ActivityThread.java:5960)
05-18 03:24:17.480 21741 21741 W System.err: 	at android.app.ActivityThread.access$1200(ActivityThread.java:201)
05-18 03:24:17.480 21741 21741 W System.err: 	at android.app.ActivityThread$H.handleMessage(ActivityThread.java:1674)
05-18 03:24:17.480 21741 21741 W System.err: 	at android.os.Handler.dispatchMessage(Handler.java:106)
05-18 03:24:17.480 21741 21741 W System.err: 	at android.os.Looper.loop(Looper.java:201)
05-18 03:24:17.480 21741 21741 W System.err: 	at android.app.ActivityThread.main(ActivityThread.java:6821)
05-18 03:24:17.480 21741 21741 W System.err: 	at java.lang.reflect.Method.invoke(Native Method)
05-18 03:24:17.480 21741 21741 W System.err: 	at com.android.internal.os.RuntimeInit$MethodAndArgsCaller.run(RuntimeInit.java:547)
05-18 03:24:17.480 21741 21741 W System.err: 	at com.android.internal.os.ZygoteInit.main(ZygoteInit.java:873)
05-18 03:24:17.481 21741 21741 W System.err: java.lang.NullPointerException: Attempt to invoke virtual method 'boolean java.lang.String.equals(java.lang.Object)' on a null object reference
05-18 03:24:17.481 21741 21741 W System.err: 	at com.tencent.smtt.sdk.TbsPVConfig.isEnableNoCoreGray(Unknown Source:13)
05-18 03:24:17.482 21741 21741 W System.err: 	at com.tencent.smtt.sdk.TbsShareManager.getPackageContext(Unknown Source:17)
05-18 03:24:17.482 21741 21741 W System.err: 	at com.tencent.smtt.sdk.TbsShareManager.getCoreShareDecoupleCoreVersion(Unknown Source:1)
05-18 03:24:17.482 21741 21741 W System.err: 	at com.tencent.smtt.sdk.TbsDownloader.a(Unknown Source:99)
05-18 03:24:17.482 21741 21741 W System.err: 	at com.tencent.smtt.sdk.TbsDownloader.g(Unknown Source:13)
05-18 03:24:17.482 21741 21741 W System.err: 	at com.tencent.smtt.sdk.TbsDownloader.e(Unknown Source:0)
05-18 03:24:17.482 21741 21741 W System.err: 	at com.tencent.smtt.sdk.TbsDownloader.a(Unknown Source:339)
05-18 03:24:17.482 21741 21741 W System.err: 	at com.tencent.smtt.sdk.TbsDownloader.needDownload(Unknown Source:231)
05-18 03:24:17.482 21741 21741 W System.err: 	at com.tencent.smtt.sdk.QbSdk.initX5Environment(Unknown Source:33)
05-18 03:24:17.482 21741 21741 W System.err: 	at l1.initX5Web(BaseConfig.java:2)
05-18 03:24:17.482 21741 21741 W System.err: 	at com.lexing.module.utils.c.initWangYi(LXADUtil.java:11)
05-18 03:24:17.482 21741 21741 W System.err: 	at com.lezou.app.App.initTTAd(App.java:2)
05-18 03:24:17.482 21741 21741 W System.err: 	at com.lezou.app.App.onCreate(App.java:15)
05-18 03:24:17.482 21741 21741 W System.err: 	at com.stub.StubApp.onCreate(SourceFile:119)
05-18 03:24:17.482 21741 21741 W System.err: 	at android.app.Instrumentation.callApplicationOnCreate(Instrumentation.java:1155)
05-18 03:24:17.482 21741 21741 W System.err: 	at android.app.ActivityThread.handleBindApplication(ActivityThread.java:5960)
05-18 03:24:17.482 21741 21741 W System.err: 	at android.app.ActivityThread.access$1200(ActivityThread.java:201)
05-18 03:24:17.482 21741 21741 W System.err: 	at android.app.ActivityThread$H.handleMessage(ActivityThread.java:1674)
05-18 03:24:17.482 21741 21741 W System.err: 	at android.os.Handler.dispatchMessage(Handler.java:106)
05-18 03:24:17.482 21741 21741 W System.err: 	at android.os.Looper.loop(Looper.java:201)
05-18 03:24:17.482 21741 21741 W System.err: 	at android.app.ActivityThread.main(ActivityThread.java:6821)
05-18 03:24:17.482 21741 21741 W System.err: 	at java.lang.reflect.Method.invoke(Native Method)
05-18 03:24:17.482 21741 21741 W System.err: 	at com.android.internal.os.RuntimeInit$MethodAndArgsCaller.run(RuntimeInit.java:547)
05-18 03:24:17.482 21741 21741 W System.err: 	at com.android.internal.os.ZygoteInit.main(ZygoteInit.java:873)
05-18 03:24:17.484 21741 21741 W System.err: java.lang.NullPointerException: Attempt to invoke virtual method 'boolean java.lang.String.equals(java.lang.Object)' on a null object reference
05-18 03:24:17.484 21741 21741 W System.err: 	at com.tencent.smtt.sdk.TbsPVConfig.isEnableNoCoreGray(Unknown Source:13)
05-18 03:24:17.484 21741 21741 W System.err: 	at com.tencent.smtt.sdk.TbsShareManager.getPackageContext(Unknown Source:17)
05-18 03:24:17.484 21741 21741 W System.err: 	at com.tencent.smtt.sdk.TbsShareManager.getCoreShareDecoupleCoreVersion(Unknown Source:1)
05-18 03:24:17.484 21741 21741 W System.err: 	at com.tencent.smtt.sdk.TbsDownloader.a(Unknown Source:99)
05-18 03:24:17.484 21741 21741 W System.err: 	at com.tencent.smtt.sdk.TbsDownloader.g(Unknown Source:13)
05-18 03:24:17.484 21741 21741 W System.err: 	at com.tencent.smtt.sdk.TbsDownloader.e(Unknown Source:0)
05-18 03:24:17.484 21741 21741 W System.err: 	at com.tencent.smtt.sdk.TbsDownloader.a(Unknown Source:339)
05-18 03:24:17.484 21741 21741 W System.err: 	at com.tencent.smtt.sdk.TbsDownloader.needDownload(Unknown Source:231)
05-18 03:24:17.484 21741 21741 W System.err: 	at com.tencent.smtt.sdk.QbSdk.initX5Environment(Unknown Source:33)
05-18 03:24:17.484 21741 21741 W System.err: 	at l1.initX5Web(BaseConfig.java:2)
05-18 03:24:17.484 21741 21741 W System.err: 	at com.lexing.module.utils.c.initWangYi(LXADUtil.java:11)
05-18 03:24:17.484 21741 21741 W System.err: 	at com.lezou.app.App.initTTAd(App.java:2)
05-18 03:24:17.484 21741 21741 W System.err: 	at com.lezou.app.App.onCreate(App.java:15)
05-18 03:24:17.484 21741 21741 W System.err: 	at com.stub.StubApp.onCreate(SourceFile:119)
05-18 03:24:17.484 21741 21741 W System.err: 	at android.app.Instrumentation.callApplicationOnCreate(Instrumentation.java:1155)
05-18 03:24:17.484 21741 21741 W System.err: 	at android.app.ActivityThread.handleBindApplication(ActivityThread.java:5960)
05-18 03:24:17.484 21741 21741 W System.err: 	at android.app.ActivityThread.access$1200(ActivityThread.java:201)
