--------- beginning of system
05-18 03:23:02.511  2133  2167 E UsbDeviceManager: handle message = 9
--------- beginning of main
05-18 03:23:03.620  3472  3721 I IMECheckManager: getSelectedInputMethod, ime is io.github.ylimit.droidbotapp/.DroidBotIME
05-18 03:23:03.620  3472  3721 I IMECheckManager: InputMethodObserver, userId is 0, ime = io.github.ylimit.droidbotapp/.DroidBotIME
05-18 03:23:03.632  3472  3721 I IMECheckManager: getSelectedInputMethod, ime is io.github.ylimit.droidbotapp/.DroidBotIME
05-18 03:23:03.633  3472  3721 I IMECheckManager: updateCurrentIME, userId is 0, ime is io.github.ylimit.droidbotapp/.DroidBotIME, pkg is io.github.ylimit.droidbotapp, uid is 10164
05-18 03:23:03.633  3472  3721 I ActiveStateController: Ime outdated, uid is 10085
05-18 03:23:03.634  3472  3825 I PowerKeeperConfigureManager: userId is 0, Ime outdated, uid is 10085
05-18 03:23:03.636  2133  7384 E InputMethodManagerService: Ignoring com.android.server.InputMethodManagerService.updateStatusIcon:2221 due to an invalid token. uid:10085 token:android.os.Binder@403495a
05-18 03:23:03.637  3472  3721 I ActiveStateController: Ime update, uid is 10164
05-18 03:23:03.638  3472  3721 I HideModeStateMachine: Uid: 10085 State: inactive_level_1st Feature: location |-> compareAndSetParam, Bundle[{POLICY=0}]
05-18 03:23:03.638  3472  3721 I HideModeStateMachine: Uid: 10085 State: inactive_level_1st Feature: sensor |-> compareAndSetParam, Bundle[{POLICY=0}]
05-18 03:23:03.661  2133  2167 E UsbDeviceManager: handle message = 6
05-18 03:23:03.668  3472  3721 I HideModeStateMachine: Uid: 10164 State: inactive_level_1st Feature: location |-> compareAndSetParam, Bundle[{POLICY=0}]
05-18 03:23:03.668  3472  3721 I HideModeStateMachine: Uid: 10164 State: inactive_level_1st Feature: location |-> startRun
05-18 03:23:03.668  3472  3721 I HideModeStateMachine: Uid: 10164 State: inactive_level_1st Feature: location |-> setActive
05-18 03:23:03.669  3472  3721 I HideModeStateMachine: Uid: 10164 State: inactive_level_1st Feature: sensor |-> compareAndSetParam, Bundle[{POLICY=0}]
05-18 03:23:03.669  3472  3721 I HideModeStateMachine: Uid: 10164 State: inactive_level_1st Feature: sensor |-> startRun
05-18 03:23:03.669  3472  3721 I HideModeStateMachine: Uid: 10164 State: inactive_level_1st Feature: sensor |-> setActive
05-18 03:23:03.669  3472  3721 I HideModeStateMachine: Uid: 10164 State: inactive_level_1st Feature: sensor |-> updateRule, Rule = allow
05-18 03:23:03.669  3472  3721 I HideModeStateMachine: Uid: 10164 Feature: sensor Rule: allow |-> notifyAppRuleChangedListeners
05-18 03:23:03.671  3472  3825 I PowerKeeperConfigureManager: userId is 0, Ime update, uid is 10164
05-18 03:23:03.672  2429  2429 E MiuiFaceFactory: getCurrentAuthType sCurrentAuthType = 1
05-18 03:23:03.672  2429  2429 E MiuiFaceFactory: getFaceManager sCurrentAuthType = 1
05-18 03:23:03.672  2429  2429 E MiuiFaceFactory: getCurrentAuthType sCurrentAuthType = 1
05-18 03:23:03.672  2429  2429 E MiuiFaceFactory: getFaceManager sCurrentAuthType = 1
05-18 03:23:03.694  8648  8653 I od.sogou.xiaom: Method exceeds compiler instruction limit: 16498 in void com.sohu.inputmethod.settings.internet.StatisticsData.a(boolean, boolean)
05-18 03:23:03.701  2133  2145 E InputMethodManagerService: Ignoring com.android.server.InputMethodManagerService.updateStatusIcon:2221 due to an invalid token. uid:10085 token:android.os.Binder@403495a
05-18 03:23:03.705  8648  8648 I Process : Sending signal. PID: 8648 SIG: 9
05-18 03:23:03.732  2133  3191 I ActivityManager: Process com.sohu.inputmethod.sogou.xiaomi (pid 8648) has died: fore SVC 
05-18 03:23:03.732  2133  2163 W libprocessgroup: kill(-8648, 9) failed: No such process
05-18 03:23:03.735  1084  1084 I Zygote  : Process 8648 exited due to signal (9)
05-18 03:23:03.737  2133  2163 W libprocessgroup: kill(-8648, 9) failed: No such process
05-18 03:23:03.737  2133  2163 I libprocessgroup: Successfully killed process cgroup uid 10085 pid 8648 in 5ms
05-18 03:23:04.068  2599  4166 I DPMJ    : |REQ:RCVR| DPM creating socket
05-18 03:23:04.206  3423  3423 W Looper  : Slow Looper main: Long Msg: seq=141086 plan=03:22:59.195  late=0ms wall=5010ms running=0ms h=com.android.internal.os.HandlerCaller$MyHandler w=3
05-18 03:23:04.207  3423 20452 W System.err: java.net.SocketException: Broken pipe
05-18 03:23:04.212  3423 20452 W System.err: 	at java.net.SocketOutputStream.socketWrite0(Native Method)
05-18 03:23:04.218  3423 20452 W System.err: 	at java.net.SocketOutputStream.socketWrite(SocketOutputStream.java:117)
05-18 03:23:04.222  3423 20452 W System.err: 	at java.net.SocketOutputStream.write(SocketOutputStream.java:149)
05-18 03:23:04.227  3423 20452 W System.err: 	at io.github.privacystreams.utils.PSDebugSocketServer$SocketSendThread.run(PSDebugSocketServer.java:119)
05-18 03:23:04.360  3705  4033 I TrafficManageService: mina mTrafficStatsReceiver onReceive
05-18 03:23:04.445  3705  4033 I TrafficManageService: mina mTrafficStatsReceiver onReceive
05-18 03:23:04.471  3423  3490 I mit.droidbotap: Background concurrent copying GC freed 305989(11MB) AllocSpace objects, 480(24MB) LOS objects, 33% free, 48MB/72MB, paused 105us total 144.489ms
05-18 03:23:04.485  3705  4033 I TrafficManageService: mina mTrafficStatsReceiver onReceive
05-18 03:23:04.565  3705  4033 I TrafficManageService: mina mTrafficStatsReceiver onReceive
05-18 03:23:04.585 20453 20453 I app_process: The ClassLoaderContext is a special shared library.
05-18 03:23:04.600 20453 20453 W main    : type=1400 audit(0.0:104920): avc: denied { read } for name="u:object_r:vendor_mpctl_prop:s0" dev="tmpfs" ino=12459 scontext=u:r:shell:s0 tcontext=u:object_r:vendor_mpctl_prop:s0 tclass=file permissive=0
05-18 03:23:04.608 20453 20453 E libc    : Access denied finding property "ro.vendor.at_library"
05-18 03:23:04.616 20453 20453 I Input   : injectKeyEvent: KeyEvent { action=ACTION_DOWN, keyCode=KEYCODE_MENU, scanCode=0, metaState=0, flags=0x0, repeatCount=0, eventTime=64594532, downTime=64594532, deviceId=-1, source=0x101 }
05-18 03:23:04.639  2133  3191 W BaseMiuiPhoneWindowManager: keyCode:82 down:true eventTime:64594532 downTime:64594532 policyFlags:2b000000 flags:0 deviceId:-1 isScreenOn:true keyguardActive:false repeatCount:0
05-18 03:23:04.642 20453 20453 I Input   : injectKeyEvent: KeyEvent { action=ACTION_UP, keyCode=KEYCODE_MENU, scanCode=0, metaState=0, flags=0x0, repeatCount=0, eventTime=64594532, downTime=64594532, deviceId=-1, source=0x101 }
05-18 03:23:04.642  2133  3191 W BaseMiuiPhoneWindowManager: keyCode:82 down:false eventTime:64594532 downTime:64594532 policyFlags:2b000000 flags:0 deviceId:-1 isScreenOn:true keyguardActive:false repeatCount:0
05-18 03:23:04.655  2133  3227 I SplashScreenServiceDelegate: None for com.android.systemui
05-18 03:23:04.655  2133  3227 I ActivityManager: START u0 {flg=0x10884000 cmp=com.android.systemui/.recents.RecentsActivity} from uid 1000
05-18 03:23:04.656  2133  3227 I ActivityManager: Ignoring FLAG_ACTIVITY_NEW_DOCUMENT, launchMode is "singleInstance" or "singleTask"
05-18 03:23:04.707  2133  3227 E ActivityTrigger: activityResumeTrigger: not whiteListedcom.android.systemui/com.android.systemui.recents.RecentsActivity/201906250
05-18 03:23:04.709   786   816 E ANDR-PERF-MPCTL: Invalid profile no. 0, total profiles 0 only
05-18 03:23:04.723  2991  3068 I octvm_power: power mode [normal] start 1684351384
05-18 03:23:04.723  2991  3068 I octvm_drv: common drv: get_current_battery_uAh will return 0
05-18 03:23:04.723  2991  3068 I octvm_power: Action: set_bcbc_cust_state(disable) for [foreground_change]
05-18 03:23:04.723  2991  3068 I octvm_drv: common drv: platform_set_bcbc_cust_state -> platform not support
05-18 03:23:04.723  2991  3068 I octvm_power: Action: set_lcd_mode(default) for [foreground_change]
05-18 03:23:04.723  2991  3068 I octvm_drv: common drv: platform_set_lcd_mode -> platform not support
05-18 03:23:04.723  2991  3068 I octvm_power: Action: set_thermal_config(restore) for [foreground_change]
05-18 03:23:04.724  2991  3068 I octvm_drv: platform_set_thermal_mode cur_global_config:[], target mode:[restore], profile=0, ret=0
05-18 03:23:04.724  2991  3068 I octvm_drv: common drv: get_current_battery_uAh will return 0
05-18 03:23:04.724  2991  3068 I octvm_power: onPowerModeChanged[normal] called
05-18 03:23:04.724  2133  3227 I Timeline: Timeline: App_transition_ready time:64594640
05-18 03:23:04.725  3705  4033 I TrafficManageService: mina mTrafficStatsReceiver onReceive
05-18 03:23:04.728  2133  6675 I Timeline: Timeline: App_transition_ready time:64594644
05-18 03:23:04.730  2429  2429 W HeadsUpManager: removeHeadsUpNotification() no heads up notification on show
05-18 03:23:04.749  2133  9390 I Timeline: Timeline: App_transition_ready time:64594664
05-18 03:23:04.753  2671  2671 E Launcher: changeViewByFsGestureState,  view=ShortcutMenuLayer,  alpha=0.0,  scale=1.0
05-18 03:23:04.760  2133  8243 I Timeline: Timeline: App_transition_ready time:64594676
05-18 03:23:04.766  3472  3721 I HideModeStateMachine: Uid: 10030 State: inactive_level_1st |-> startRun
05-18 03:23:04.766  3472  3721 I HideModeStateMachine: Uid: 10030 State: inactive_level_1st Feature: location |-> startRun
05-18 03:23:04.767  3472  3721 I HideModeStateMachine: Uid: 10030 State: inactive_level_1st Feature: location |-> setActive
05-18 03:23:04.767  3472  3721 I HideModeStateMachine: Uid: 10030 State: inactive_level_1st Feature: sensor |-> startRun
05-18 03:23:04.767  3472  3721 I HideModeStateMachine: Uid: 10030 State: inactive_level_1st Feature: sensor |-> setActive
05-18 03:23:04.770  2429  2429 W HeadsUpManager: removeHeadsUpNotification() no heads up notification on show
05-18 03:23:04.785  2133  2210 I Timeline: Timeline: App_transition_ready time:64594701
05-18 03:23:04.828  2133  2210 I Timeline: Timeline: App_transition_ready time:64594743
05-18 03:23:04.845  2133  8243 I SplashScreenServiceDelegate: None for com.android.systemui
05-18 03:23:04.883  3705  4033 I TrafficManageService: mina mTrafficStatsReceiver onReceive
05-18 03:23:04.940  3705  4033 I TrafficManageService: mina mTrafficStatsReceiver onReceive
05-18 03:23:05.045  2133  2169 I Timeline: Timeline: Activity_windows_visible id: ActivityRecord{492679d u0 com.android.systemui/.recents.RecentsActivity t5} time:64594960
05-18 03:23:05.046   814   878 W SurfaceFlinger: Attempting to set client state on removed layer: com.miui.home/com.miui.home.launcher.Launcher#0
05-18 03:23:05.046   814   878 W SurfaceFlinger: Attempting to destroy on removed layer: com.miui.home/com.miui.home.launcher.Launcher#0
05-18 03:23:05.047  2133  2210 I Timeline: Timeline: App_transition_stopped time:64594962
05-18 03:23:05.089 20477 20477 I app_process: The ClassLoaderContext is a special shared library.
05-18 03:23:05.100 20477 20477 W main    : type=1400 audit(0.0:104921): avc: denied { read } for name="u:object_r:vendor_mpctl_prop:s0" dev="tmpfs" ino=12459 scontext=u:r:shell:s0 tcontext=u:object_r:vendor_mpctl_prop:s0 tclass=file permissive=0
05-18 03:23:05.112 20477 20477 E libc    : Access denied finding property "ro.vendor.at_library"
05-18 03:23:05.121 20477 20477 I Input   : injectKeyEvent: KeyEvent { action=ACTION_DOWN, keyCode=KEYCODE_BACK, scanCode=0, metaState=0, flags=0x0, repeatCount=0, eventTime=64595036, downTime=64595036, deviceId=-1, source=0x101 }
05-18 03:23:05.143  2133  6675 W BaseMiuiPhoneWindowManager: keyCode:4 down:true eventTime:64595036 downTime:64595036 policyFlags:2b000000 flags:0 deviceId:-1 isScreenOn:true keyguardActive:false repeatCount:0
05-18 03:23:05.148 20477 20477 I Input   : injectKeyEvent: KeyEvent { action=ACTION_UP, keyCode=KEYCODE_BACK, scanCode=0, metaState=0, flags=0x0, repeatCount=0, eventTime=64595036, downTime=64595036, deviceId=-1, source=0x101 }
05-18 03:23:05.149  2133  6675 W BaseMiuiPhoneWindowManager: keyCode:4 down:false eventTime:64595036 downTime:64595036 policyFlags:2b000000 flags:0 deviceId:-1 isScreenOn:true keyguardActive:false repeatCount:0
05-18 03:23:05.160  2429  2429 W HeadsUpManager: removeHeadsUpNotification() no heads up notification on show
05-18 03:23:05.166  2133  6675 I SplashScreenServiceDelegate: None for com.miui.home
05-18 03:23:05.166  2133  6675 I ActivityManager: START u0 {act=android.intent.action.MAIN cat=[android.intent.category.HOME] flg=0x10200000 cmp=com.miui.home/.launcher.Launcher} from uid 1000
05-18 03:23:05.181  2133  6675 E ActivityTrigger: activityResumeTrigger: not whiteListedcom.miui.home/com.miui.home.launcher.Launcher/41201167
05-18 03:23:05.182   786   816 E ANDR-PERF-MPCTL: Invalid profile no. 0, total profiles 0 only
05-18 03:23:05.194  2991  3068 I octvm_power: power mode [home] start 1684351385
05-18 03:23:05.194  2991  3068 I octvm_drv: common drv: get_current_battery_uAh will return 0
05-18 03:23:05.194  2991  3068 I octvm_power: Action: set_bcbc_cust_state(disable) for [foreground_change]
05-18 03:23:05.194  2991  3068 I octvm_drv: common drv: platform_set_bcbc_cust_state -> platform not support
05-18 03:23:05.194  2991  3068 I octvm_power: Action: set_lcd_mode(default) for [foreground_change]
05-18 03:23:05.194  2991  3068 I octvm_drv: common drv: platform_set_lcd_mode -> platform not support
05-18 03:23:05.194  2991  3068 I octvm_power: Action: set_thermal_config(restore) for [foreground_change]
05-18 03:23:05.194  2991  3068 I octvm_drv: platform_set_thermal_mode cur_global_config:[], target mode:[restore], profile=0, ret=0
05-18 03:23:05.194  2991  3068 I octvm_drv: common drv: get_current_battery_uAh will return 0
05-18 03:23:05.194  2991  3068 I octvm_power: onPowerModeChanged[home] called
05-18 03:23:05.195  3472  3721 I HideModeStateMachine: Uid: 10030 State: inactive_level_1st |-> setForegroundActive
05-18 03:23:05.195  3472  3721 I HideModeStateMachine: Uid: 10030 State: inactive_level_1st Feature: location |-> setSubStateForegroundActive
05-18 03:23:05.195  3472  3721 I HideModeStateMachine: Uid: 10030 State: inactive_level_1st Feature: sensor |-> setSubStateForegroundActive
05-18 03:23:05.195  3472  3721 I HideModeStateMachine: Uid: 10030 State: active |-> setForegroundActive
05-18 03:23:05.196  2133  6675 I Timeline: Timeline: App_transition_ready time:64595112
05-18 03:23:05.198  2133  9390 I Timeline: Timeline: App_transition_ready time:64595113
05-18 03:23:05.200  2133  2210 I Timeline: Timeline: App_transition_ready time:64595115
05-18 03:23:05.205  2671  2975 I RenderThread: RenderThread resumed
05-18 03:23:05.206  2671  2975 I RenderThread: All controllers paused.
05-18 03:23:05.206  2671  2975 I RenderThread: RenderThread paused, waiting for signal
05-18 03:23:05.207  2133  8243 I Timeline: Timeline: App_transition_ready time:64595123
05-18 03:23:05.217  2133  2145 I Timeline: Timeline: App_transition_ready time:64595133
05-18 03:23:05.224  2671  2671 E Launcher: changeViewByFsGestureState,  view=ShortcutMenuLayer,  alpha=1.0,  scale=1.0
05-18 03:23:05.225  2133  9390 I Timeline: Timeline: App_transition_ready time:64595140
05-18 03:23:05.229  2133  9390 I Timeline: Timeline: App_transition_ready time:64595144
05-18 03:23:05.225  2671  2671 E Launcher: changeViewByFsGestureState,  view=ShortcutMenuLayer,  alpha=1.0,  scale=1.0
05-18 03:23:05.236  2133  8243 I Timeline: Timeline: App_transition_ready time:64595152
05-18 03:23:05.239  2133  2210 I Timeline: Timeline: App_transition_ready time:64595154
05-18 03:23:05.278  2133  2210 I Timeline: Timeline: App_transition_ready time:64595193
05-18 03:23:05.295  2671  2671 W AssistOnScrollListener: caculateScrollY firstView is null!
05-18 03:23:05.308  2133  3191 I SplashScreenServiceDelegate: None for com.miui.home
05-18 03:23:05.328   814  2990 W SurfaceFlinger: Attempting to set client state on removed layer: com.android.systemui/com.android.systemui.recents.RecentsActivity#0
05-18 03:23:05.328   814  2990 W SurfaceFlinger: Attempting to destroy on removed layer: com.android.systemui/com.android.systemui.recents.RecentsActivity#0
05-18 03:23:05.427  2133  2169 I Timeline: Timeline: Activity_windows_visible id: ActivityRecord{5384054 u0 com.miui.home/.launcher.Launcher t1} time:64595342
05-18 03:23:05.433  2133  2210 I Timeline: Timeline: App_transition_stopped time:64595349
05-18 03:23:05.443  3705  4033 I TrafficManageService: mina mTrafficStatsReceiver onReceive
05-18 03:23:05.455  2133  9390 I InstallationStatistic: beginInstallSession: 2101769974
05-18 03:23:05.498  3705  4033 I TrafficManageService: mina mTrafficStatsReceiver onReceive
05-18 03:23:05.556  2671  2671 E Launcher: changeViewByFsGestureState,  view=FitSystemWindowView,  alpha=1.0,  scale=1.0
05-18 03:23:05.556  2671  2671 E Launcher: changeViewByFsGestureState,  view=ShortcutMenuLayer,  alpha=1.0,  scale=1.0
05-18 03:23:05.562  3705  4033 I TrafficManageService: mina mTrafficStatsReceiver onReceive
05-18 03:23:05.595  3705  4033 I TrafficManageService: mina mTrafficStatsReceiver onReceive
05-18 03:23:05.621  3705  4033 I TrafficManageService: mina mTrafficStatsReceiver onReceive
05-18 03:23:05.632  2429  2429 I MiuiChargeController: checkBatteryStatus: chargeType 11 status 2 plugged 2 isRapidCharge false isSuperCharge false isCarMode false mChargeDeviceType -1 mChargeDeviceForAnalytic -1
05-18 03:23:05.632  2429  2429 I MiuiChargeManager: checkBatteryStatus:  mChargeState 11 mChargeSpeed 0 mBatteryLevel 100 mChargeDeviceType -1 mIsCarMode false mWirelessChargeState -1
05-18 03:23:05.632  2133  2167 E UsbDeviceManager: handle message = 9
05-18 03:23:05.633  2429  2429 I KeyguardIndication: updateIndication: mVisible false mDozing false mTransientIndication null mPowerPluggedIn true mUpArrowIndication 上滑解锁
05-18 03:23:05.634  3705  3705 I BatteryInfoReceiver: ACTION_BATTERY_CHANGED
05-18 03:23:05.669  3705  4033 I TrafficManageService: mina mTrafficStatsReceiver onReceive
05-18 03:23:05.790  3423  3490 I mit.droidbotap: Background concurrent copying GC freed 233281(8MB) AllocSpace objects, 276(20MB) LOS objects, 34% free, 44MB/68MB, paused 83us total 139.808ms
05-18 03:23:06.240 23271 23271 W [GT]HotPool#2: type=1400 audit(0.0:104922): avc: denied { getattr } for path="/sys/kernel/debug/tracing/trace_marker" dev="tracefs" ino=3901 scontext=u:r:untrusted_app:s0:c130,c256,c512,c768 tcontext=u:object_r:debugfs_trace_marker:s0 tclass=file permissive=0
05-18 03:23:06.254  3705  4033 I TrafficManageService: mina mTrafficStatsReceiver onReceive
05-18 03:23:06.260 23271 23271 W [GT]HotPool#2: type=1400 audit(0.0:104924): avc: denied { getattr } for path="/sys/kernel/debug/tracing/trace_marker" dev="tracefs" ino=3901 scontext=u:r:untrusted_app:s0:c130,c256,c512,c768 tcontext=u:object_r:debugfs_trace_marker:s0 tclass=file permissive=0
--------- beginning of crash
05-18 03:23:07.151 20531 20531 F linker  : CANNOT LINK EXECUTABLE "/system/bin/dpmd": "/system/lib64/libdpmframework.so" is 32-bit instead of 64-bit
05-18 03:23:07.230  2133  2162 I ActivityManager: Start proc 20533:com.qualcomm.qti.seemp.service:seemp_service/1000 for broadcast com.qualcomm.qti.seemp.service/.SeempBroadcastReceiver caller=android
05-18 03:23:07.279 20533 20533 I Perf    : Connecting to perf service.
05-18 03:23:07.294 20533 20533 I Process : Sending signal. PID: 20533 SIG: 9
05-18 03:23:07.296  2133  2176 E system_server: Invalid ID 0x00000000.
05-18 03:23:07.302  2133  2176 W PackageParser: No actions in intent filter at /data/app/vmdl2101769974.tmp/base.apk Binary XML file line #-1
05-18 03:23:07.302  2133  2176 W PackageParser: No actions in intent filter at /data/app/vmdl2101769974.tmp/base.apk Binary XML file line #-1
05-18 03:23:07.302  2133  4669 I ActivityManager: Process com.qualcomm.qti.seemp.service:seemp_service (pid 20533) has died: fore SVC 
05-18 03:23:07.302  2133  2163 W libprocessgroup: kill(-20533, 9) failed: No such process
05-18 03:23:07.303  1084  1084 I Zygote  : Process 20533 exited due to signal (9)
05-18 03:23:07.307  2133  2163 W libprocessgroup: kill(-20533, 9) failed: No such process
05-18 03:23:07.307  2133  2163 I libprocessgroup: Successfully killed process cgroup uid 1000 pid 20533 in 5ms
05-18 03:23:07.318  2133  2176 E SELinux : SELinux:  setxattr failed: /data/app/com.quzhuan.app-g2s4XnB65tRAvcyJw3Yduw==:  Operation not permitted
05-18 03:23:07.318  2133  2176 E SELinux : SELinux:  setxattr failed: /data/app/com.quzhuan.app-g2s4XnB65tRAvcyJw3Yduw==/lib:  Operation not permitted
05-18 03:23:07.318  2133  2176 E SELinux : SELinux:  setxattr failed: /data/app/com.quzhuan.app-g2s4XnB65tRAvcyJw3Yduw==/lib/arm64:  Operation not permitted
05-18 03:23:07.320  2133  2176 W PackageManager: Skipping provider name com.quzhuan.app.fileprovider (in package com.quzhuan.app): name already used by com.quzhuan.app
05-18 03:23:07.432  2133  2176 I PackageManager.DexOptimizer: Running dexopt (dexoptNeeded=1) on: /data/app/com.quzhuan.app-g2s4XnB65tRAvcyJw3Yduw==/base.apk pkg=com.quzhuan.app isa=arm64 dexoptFlags=boot_complete,public,enable_hidden_api_checks targetFilter=quicken oatDir=/data/app/com.quzhuan.app-g2s4XnB65tRAvcyJw3Yduw==/oat classLoaderContext=PCL[/system/framework/org.apache.http.legacy.boot.jar]
05-18 03:23:07.465 20554 20554 I dex2oat : /system/bin/dex2oat --input-vdex-fd=-1 --output-vdex-fd=20 --compiler-filter=quicken -j6 --classpath-dir=/data/app/com.quzhuan.app-g2s4XnB65tRAvcyJw3Yduw== --class-loader-context=PCL[/system/framework/org.apache.http.legacy.boot.jar] --generate-mini-debug-info --compact-dex-level=none --compilation-reason=install
05-18 03:23:07.520 23437 23437 W [GT]HotPool#0: type=1400 audit(0.0:104925): avc: denied { getattr } for path="/sys/kernel/debug/tracing/trace_marker" dev="tracefs" ino=3901 scontext=u:r:untrusted_app:s0:c130,c256,c512,c768 tcontext=u:object_r:debugfs_trace_marker:s0 tclass=file permissive=0
05-18 03:23:07.530 23437 23437 W [GT]HotPool#0: type=1400 audit(0.0:104926): avc: denied { getattr } for path="/dev/pmsg0" dev="tmpfs" ino=4954 scontext=u:r:untrusted_app:s0:c130,c256,c512,c768 tcontext=u:object_r:pmsg_device:s0 tclass=chr_file permissive=0
05-18 03:23:07.540   775   775 W memtrack@1.0-se: type=1400 audit(0.0:104927): avc: denied { read } for name="mem" dev="debugfs" ino=12255919 scontext=u:r:hal_memtrack_default:s0 tcontext=u:object_r:qti_debugfs:s0 tclass=file permissive=0
05-18 03:23:07.756  2133  2159 W FileUtils: Slow Operation: fsync took 131ms
05-18 03:23:07.540   775   775 W memtrack@1.0-se: type=1400 audit(0.0:104928): avc: denied { read } for name="mem" dev="debugfs" ino=12255919 scontext=u:r:hal_memtrack_default:s0 tcontext=u:object_r:qti_debugfs:s0 tclass=file permissive=0
05-18 03:23:07.791 20554 20554 I dex2oat : dex2oat took 328.079ms (173.403ms cpu) (threads: 6) arena alloc=13KB (14176B) java alloc=96KB (98392B) native alloc=1120KB (1147016B) free=2MB (2523000B)
05-18 03:23:07.797 23437 23447 W System  : A resource failed to call close. 
05-18 03:23:07.799 23437 23447 I chatty  : uid=10130(com.tencent.mm) FinalizerDaemon identical 4 lines
05-18 03:23:07.799 23437 23447 W System  : A resource failed to call close. 
05-18 03:23:07.812  2133  2176 I InstallationStatistic: com.quzhuan.app|null|2356|1470|145|94|96|371
05-18 03:23:07.823  3991  7121 I MetokLocationProvider: onSetRequest
05-18 03:23:07.825  3991  3991 I MetokLocationProvider: setRequest: request =ProviderRequest[OFF] ; client =WorkSource{}
05-18 03:23:07.828  4000  4024 I FusedLocationProvider: onSetRequest
05-18 03:23:07.831  4000  4075 I AbsoluteLocationDispatcher: request type:0
05-18 03:23:07.831  3991  7121 I MetokLocationProvider: onSetRequest
05-18 03:23:07.832  4000  4024 I FusedLocationProvider: onSetRequest
05-18 03:23:07.832  4000  4075 I AbsoluteLocationDispatcher: request type:0
05-18 03:23:07.833  3991  7121 I MetokLocationProvider: onSetRequest
05-18 03:23:07.833  4000  4024 I FusedLocationProvider: onSetRequest
05-18 03:23:07.833  4000  4075 I AbsoluteLocationDispatcher: request type:0
05-18 03:23:07.841  3991  7121 I MetokLocationProvider: onSetRequest
05-18 03:23:07.842  4000  4024 I FusedLocationProvider: onSetRequest
05-18 03:23:07.842  4000  4075 I AbsoluteLocationDispatcher: request type:0
05-18 03:23:07.844 20305 20340 I oid.documentsu: ProcessProfilingInfo new_methods=0 is saved saved_to_disk=0 resolve_classes_delay=8000
05-18 03:23:07.853  3991  7121 I MetokLocationProvider: onSetRequest
05-18 03:23:07.853  1102  2221 E         : Couldn't opendir /data/app/vmdl2101769974.tmp: No such file or directory
05-18 03:23:07.853  1102  2221 E installd: Failed to delete /data/app/vmdl2101769974.tmp: No such file or directory
05-18 03:23:07.853  4000  4024 I FusedLocationProvider: onSetRequest
05-18 03:23:07.853  4000  4075 I AbsoluteLocationDispatcher: request type:0
05-18 03:23:07.854  3991  3991 I NLPWrapper: request exit
05-18 03:23:07.854  3991  3991 I MetokLocationProvider: setRequest: request =ProviderRequest[OFF] ; client =WorkSource{}
05-18 03:23:07.854  3991  3991 I NLPWrapper: request exit
05-18 03:23:07.854  3991  3991 I MetokLocationProvider: setRequest: request =ProviderRequest[OFF] ; client =WorkSource{}
05-18 03:23:07.854  3991  3991 I NLPWrapper: request exit
05-18 03:23:07.854  3991  3991 I MetokLocationProvider: setRequest: request =ProviderRequest[OFF] ; client =WorkSource{}
05-18 03:23:07.854  3991  3991 I NLPWrapper: request exit
05-18 03:23:07.854  3991  3991 I MetokLocationProvider: setRequest: request =ProviderRequest[OFF] ; client =WorkSource{}
05-18 03:23:07.854  3991  3991 I NLPWrapper: request exit
05-18 03:23:07.859  3991  7121 I MetokLocationProvider: onSetRequest
05-18 03:23:07.859  3991  3991 I MetokLocationProvider: setRequest: request =ProviderRequest[OFF] ; client =WorkSource{}
05-18 03:23:07.859  3991  3991 I NLPWrapper: request exit
05-18 03:23:07.859  2133  2275 I MiuiCompatModePackages: package com.quzhuan.app updated, removing config
05-18 03:23:07.860  4000  4024 I FusedLocationProvider: onSetRequest
05-18 03:23:07.860  4000  4075 I AbsoluteLocationDispatcher: request type:0
05-18 03:23:07.861  3991  7121 I MetokLocationProvider: onSetRequest
05-18 03:23:07.862  3991  3991 I MetokLocationProvider: setRequest: request =ProviderRequest[OFF] ; client =WorkSource{}
05-18 03:23:07.862  3991  3991 I NLPWrapper: request exit
05-18 03:23:07.862  4000  4024 I FusedLocationProvider: onSetRequest
05-18 03:23:07.862  4000  4075 I AbsoluteLocationDispatcher: request type:0
05-18 03:23:07.862  2671  2671 I PackageInstallReceiver: action = android.intent.action.PACKAGE_ADDED packageName = com.quzhuan.app
05-18 03:23:07.863  2133 20578 I WakePathChecker: updateLauncherPackageNames =com.miui.home
05-18 03:23:07.863  2133 20578 I WakePathChecker: updateLauncherPackageNames =com.android.settings
05-18 03:23:07.864  3296  3296 I ##XLogger##: #&^RSHdB1rtQhtxMdWmEMmvPzRoYtkV82u4AvkYVWs9Fd8vDH2vLfHzRcA1UBcPfjtvlllbD4HBpeU1lBO+M1jOPOKJsnPPS8cNbyg25buHyldTA703Q0h8Kg/DP/s5b/Vd/yifkcGvPOk3qL/LuBSCmT5jZDPK+0S3R0mO5wncMvs=!!bac1VsyVu/DJixu6q3fk2pus9yw/TbSrrfkMAGhn92kMH5lrJo6tqipd2HHXq+tiPPdeqo/ikrsNvLv6JeqfHA54cYDGM12iNX6Es5bJJAcLmiYhU/jmJQ56PgLtmOfVaBh9epTQ0NKW1vdpW90UzyJNTaE4XhzWF4zrnbCrIr+CwWyTv67/okPe69VxsU0GapAC+XToYtCHsJwPKesCjda8KpHhiAznLXg5P83Av6ldb3OhW1tp2ZnjA2QlzGVzpoCLqOhdAWPAS6wbeKwVTbCjXc16AIjkqiuPqu1cTjyialvaZ/p2m+WMxj/MLOg7D9ZU9RgTg7oyW30S1zsAm6ZcJs+YS6j9tFXxhcqpRgVvPw6vDgbcBratBkBTV7geXujG135/iSv6BhemgwvvW5qwCBXacP+0GNmM26CdPua3hIrTm8SVERyLxN+4uWUWVdxJUrauygUt4Tl3OkqSY/cbqLmyeyC5qee9LY+cES4=^&#
05-18 03:23:07.865  3367  3367 I WakePathManager: PackageMonitor. onPackageAdded: packageName =com.quzhuan.app
05-18 03:23:07.865  2133  2160 W BroadcastQueue: Background execution not allowed: receiving Intent { act=android.intent.action.PACKAGE_ADDED dat=package:com.quzhuan.app flg=0x4000011 (has extras) } to com.lbe.security.miui/com.lbe.security.service.BootReceiver
05-18 03:23:07.865  3705  4167 I MiuiVpnManageService: PackageMonitor. onPackageAdded: packageName =com.quzhuan.app
05-18 03:23:07.865  2133  2160 W BroadcastQueue: Background execution not allowed: receiving Intent { act=android.intent.action.PACKAGE_ADDED dat=package:com.quzhuan.app flg=0x4000011 (has extras) } to com.android.providers.downloads/.receiver.ApplicationInstallReceiver
05-18 03:23:07.865  2133  2160 W BroadcastQueue: Background execution not allowed: receiving Intent { act=android.intent.action.PACKAGE_ADDED dat=package:com.quzhuan.app flg=0x4000011 (has extras) } to com.android.settings/.search.provider.UpdateReceiver
05-18 03:23:07.865  2133  2160 W BroadcastQueue: Background execution not allowed: receiving Intent { act=android.intent.action.PACKAGE_ADDED dat=package:com.quzhuan.app flg=0x4000011 (has extras) } to com.miui.audioeffect/com.android.musicfx.Compatibility$Receiver
05-18 03:23:07.866  2133  2160 W BroadcastQueue: Background execution not allowed: receiving Intent { act=android.intent.action.PACKAGE_ADDED dat=package:com.quzhuan.app flg=0x4000011 (has extras) } to com.xiaomi.market/.data.MyPackageMonitor
05-18 03:23:07.866  2133  2160 W BroadcastQueue: Background execution not allowed: receiving Intent { act=android.intent.action.PACKAGE_ADDED dat=package:com.quzhuan.app flg=0x4000011 (has extras) } to com.xiaomi.misettings/.usagestats.AppTimerReceiver
05-18 03:23:07.866  2133  2160 W BroadcastQueue: Background execution not allowed: receiving Intent { act=android.intent.action.PACKAGE_ADDED dat=package:com.quzhuan.app flg=0x4000011 (has extras) } to com.xiaomi.providers.appindex/.PackageChangeReceiver
05-18 03:23:07.870  2133  2231 I InputReader: Reconfiguring input devices.  changes=0x00000010
05-18 03:23:07.873  3705  3705 I FireWallService: mina mPackageReceiver onReceive
05-18 03:23:07.875  3472  3721 I WakelockPolicyManager: setWakelockPolicy
05-18 03:23:07.897  5483 20581 I Market-LocalAppManager: add package to list: com.quzhuan.app
05-18 03:23:07.905  3705  3705 W FireWallService: is Pre-installed application
05-18 03:23:07.905  3705  3705 I TrafficManageService: mina mPackageReceiver 0
05-18 03:23:07.908  4697  4697 I FindDeviceGNReceiver: Received miui.android.intent.action.PACKAGE_ADDED. 
05-18 03:23:07.911  5483  5543 E m.xiaomi.marke: Invalid ID 0x00000000.
05-18 03:23:07.916  2638  2638 E PhoneInterfaceManager: [PhoneIntfMgr] getCarrierPackageNamesForIntent: No UICC
05-18 03:23:07.916  4697  4697 I FindDeviceGNReceiver: isReplace: false, open: true. 
05-18 03:23:07.932  2133  2133 I Telecom : DefaultDialerCache: Refreshing default dialer for user 0: now com.android.contacts: DDC.oR@A4s
05-18 03:23:07.960  2133  2159 W TextServicesManagerService: no available spell checker services found
05-18 03:23:07.964  3472  3721 I HideModeStateMachine: Uid: 10239 State: active |-> startRun
05-18 03:23:07.964  3472  3721 I HideModeStateMachine: Uid: 10239 State: active |-> stateCompleteCallBack
05-18 03:23:07.964  3472  3721 I HideModeStateMachine: Uid: 10239 State: inactive_level_1st |-> startRun
05-18 03:23:07.964  3472  3721 I HideModeStateMachine: Uid: 10239 State: inactive_level_1st Feature: location |-> startRun
05-18 03:23:07.964  3472  3721 I HideModeStateMachine: Uid: 10239 State: inactive_level_1st Feature: location |-> setActive
05-18 03:23:07.964  3472  3721 I HideModeStateMachine: Uid: 10239 State: inactive_level_1st Feature: sensor |-> startRun
05-18 03:23:07.964  3472  3721 I HideModeStateMachine: Uid: 10239 State: inactive_level_1st Feature: sensor |-> setActive
05-18 03:23:07.964  3472  3721 I HideModeStateMachine: Uid: 10239 State: inactive_level_1st Feature: location |-> compareAndSetParam, Bundle[{POLICY=2, DELAY_MINUTE=1}]
05-18 03:23:07.965  3472  3721 I HideModeStateMachine: Uid: 10239 State: inactive_level_1st Feature: location |-> startRun
05-18 03:23:07.965  3472  3721 I HideModeStateMachine: Uid: 10239 State: inactive_level_1st Feature: sensor |-> compareAndSetParam, Bundle[{POLICY=3}]
05-18 03:23:07.965  3472  3721 I HideModeStateMachine: Uid: 10239 State: inactive_level_1st Feature: sensor |-> startRun
05-18 03:23:07.965  3472  3721 I HideModeStateMachine: Uid: 10239 State: inactive_level_1st Feature: sensor |-> updateRule, Rule = restrict
05-18 03:23:07.965  3472  3721 I HideModeStateMachine: Uid: 10239 State: inactive_level_1st Feature: sensor |-> subFeatureRuleChangedCallback, Rule = restrict
05-18 03:23:07.965  3472  3721 I HideModeStateMachine: Uid: 10239 Feature: sensor Rule: restrict |-> notifyAppRuleChangedListeners
05-18 03:23:07.978  5483  5483 I Market-CheckUpdateService: start forground service
05-18 03:23:07.981  2133  2160 W BroadcastQueue: Background execution not allowed: receiving Intent { act=android.search.action.SEARCHABLES_CHANGED flg=0x24000011 } to com.android.quicksearchbox/.CorporaUpdateReceiver
05-18 03:23:07.984  2133  2159 W AutofillServiceInfo: AutofillService from 'com.miui.contentcatcher' uses unsupported permission android.permission.BIND_AUTOFILL. It works for now, but might not be supported on future releases
05-18 03:23:07.987  2133  2160 E NotificationService: Suppressing notification from package by user request.
05-18 03:23:07.987  2133  2160 W XSpaceManagerService: update XSpace App: packageName:com.quzhuan.app, user:UserHandle{0}, action:android.intent.action.PACKAGE_ADDED
05-18 03:23:07.991  5483  5543 W System  : Ignoring header Content-Type because its value was null.
05-18 03:23:07.994  2671  2876 E Launcher.AllAppsList: Can't load postion for packageName: com.quzhuan.app activityName: com.lezou.app.view.activity.SplashActivity
05-18 03:23:07.995  5483 20593 I Market-WakeLockManager: acquire wakeLock: CheckUpdateService for 30000
05-18 03:23:08.001  5483 20593 I Market-LocalAppManager: query update apps from server : begin
05-18 03:23:08.016  2671  2877 E ResourceLoader: getXmlRoot local inputStream is null
05-18 03:23:08.016  2671  2877 E ScreenElementRoot: load error, manifest root is null
05-18 03:23:08.059  2671  2877 I ThemeRuntimeManager: add pending job com.quzhuan.app.png
05-18 03:23:08.071 20350 20370 I m.miui.vsimcor: ProcessProfilingInfo new_methods=0 is saved saved_to_disk=0 resolve_classes_delay=8000
05-18 03:23:08.071  2599  4166 I DPMJ    : |REQ:RCVR| DPM creating socket
05-18 03:23:08.073  2671 20598 I ThemeRuntimeManager: saving icon for com.quzhuan.app.png
05-18 03:23:08.078  5483 20593 W System  : Ignoring header Content-Type because its value was null.
05-18 03:23:08.089  2133  2143 I system_server: Background concurrent copying GC freed 252869(13MB) AllocSpace objects, 116(3MB) LOS objects, 42% free, 27MB/48MB, paused 204us total 236.249ms
05-18 03:23:08.120  3705  4033 I TrafficManageService: mina mTrafficStatsReceiver onReceive
05-18 03:23:08.187  5483  5543 I Market-DataParser: [InvalidPackageList] JSON : invalidSystemPackageList list is null
05-18 03:23:08.314  5483 20593 I Market-DataParser: [InvalidPackageList] JSON : invalidSystemPackageList list is null
05-18 03:23:08.314  5483 20593 I Market-LocalAppManager: query update apps from server : finish, 38 / 248 to update
05-18 03:23:08.559  5483 20593 W FileUtils: Slow Operation: fsync took 235ms
05-18 03:23:08.560  2133  2243 W FileUtils: Slow Operation: fsync took 233ms
05-18 03:23:08.561  5483 20593 I Market-UpdateAppList: notify update appList changed: pkg (36) = com.android.browser,com.xiaomi.market,com.miui.video,com.miui.newhome,com.miui.player,com.mfashiongallery.emag,com.sohu.inputmethod.sogou.xiaomi,com.miui.bugreport,com.xiaomi.gamecenter.sdk.service,com.xiaomi.scanner,com.xiaomi.mi_connect_service,com.miui.voiceassist,com.android.calendar,com.xiaomi.payment,com.android.fileexplorer,com.xiaomi.vipaccount,com.android.mms,com.miui.virtualsim,com.android.quicksearchbox,com.mipay.wallet,com.xiaomi.account,com.miui.greenguard,com.android.soundrecorder,com.miui.compass,com.miui.calculator,com.miui.contentextension,com.miui.smsextra,com.xiaomi.pass,com.miui.huanji,com.baidu.input_mi,com.iflytek.inputmethod.miui,com.higoplayservice.higoplay,com.duokan.phone.remotecontroller,cn.wps.moffice_eng.xiaomi.lite,com.xiaomi.mibrain.speech,com.mi.health
05-18 03:23:08.565  3705  4033 I TrafficManageService: mina mTrafficStatsReceiver onReceive
05-18 03:23:08.579  5483 20593 W System  : Ignoring header Content-Type because its value was null.
05-18 03:23:08.626  5483 20593 I Market-WakeLockManager: release wakeLock: CheckUpdateService
05-18 03:23:08.632  5483  5483 I Market-CheckUpdateService: stop forground service
05-18 03:23:10.309  2133  3227 I ActivityManager: Force stopping com.quzhuan.app appid=10239 user=0: from process:20635
05-18 03:23:10.310  2133  3227 I AutoStartManagerService: MIUILOG- Reject RestartService packageName :com.quzhuan.app uid : 10239
05-18 03:23:10.315  2638  2638 E PhoneInterfaceManager: [PhoneIntfMgr] getCarrierPackageNamesForIntent: No UICC
05-18 03:23:10.673 20637 20637 I app_process: The ClassLoaderContext is a special shared library.
05-18 03:23:10.700 20637 20637 E libc    : Access denied finding property "ro.vendor.at_library"
05-18 03:23:10.690 20637 20637 W main    : type=1400 audit(0.0:104929): avc: denied { read } for name="u:object_r:vendor_mpctl_prop:s0" dev="tmpfs" ino=12459 scontext=u:r:shell:s0 tcontext=u:object_r:vendor_mpctl_prop:s0 tclass=file permissive=0
05-18 03:23:10.711 20637 20637 I Input   : injectKeyEvent: KeyEvent { action=ACTION_DOWN, keyCode=KEYCODE_HOME, scanCode=0, metaState=0, flags=0x0, repeatCount=0, eventTime=64600627, downTime=64600627, deviceId=-1, source=0x101 }
05-18 03:23:10.742  2133  9390 W BaseMiuiPhoneWindowManager: keyCode:3 down:true eventTime:64600627 downTime:64600627 policyFlags:2b000000 flags:0 deviceId:-1 isScreenOn:true keyguardActive:false repeatCount:0
05-18 03:23:10.744 20637 20637 I Input   : injectKeyEvent: KeyEvent { action=ACTION_UP, keyCode=KEYCODE_HOME, scanCode=0, metaState=0, flags=0x0, repeatCount=0, eventTime=64600627, downTime=64600627, deviceId=-1, source=0x101 }
05-18 03:23:10.745  2133  9390 W BaseMiuiPhoneWindowManager: keyCode:3 down:false eventTime:64600627 downTime:64600627 policyFlags:2b000000 flags:0 deviceId:-1 isScreenOn:true keyguardActive:false repeatCount:0
05-18 03:23:10.748  2429  2429 W HeadsUpManager: removeHeadsUpNotification() no heads up notification on show
05-18 03:23:10.750  2133  2230 I SplashScreenServiceDelegate: None for com.miui.home
05-18 03:23:10.750  2133  2230 I ActivityManager: START u0 {act=android.intent.action.MAIN cat=[android.intent.category.HOME] flg=0x10200000 cmp=com.miui.home/.launcher.Launcher (has extras)} from uid 1000
05-18 03:23:10.755  2671  2975 I RenderThread: RenderThread resumed
05-18 03:23:10.755  2671  2975 I RenderThread: All controllers paused.
05-18 03:23:10.755  2671  2975 I RenderThread: RenderThread paused, waiting for signal
05-18 03:23:11.607  2429  2429 I MiuiChargeController: checkBatteryStatus: chargeType 11 status 2 plugged 2 isRapidCharge false isSuperCharge false isCarMode false mChargeDeviceType -1 mChargeDeviceForAnalytic -1
05-18 03:23:11.608  2429  2429 I MiuiChargeManager: checkBatteryStatus:  mChargeState 11 mChargeSpeed 0 mBatteryLevel 100 mChargeDeviceType -1 mIsCarMode false mWirelessChargeState -1
05-18 03:23:11.608  2133  2167 E UsbDeviceManager: handle message = 9
05-18 03:23:11.610  3705  3705 I BatteryInfoReceiver: ACTION_BATTERY_CHANGED
05-18 03:23:12.072  2599  4166 I DPMJ    : |REQ:RCVR| DPM creating socket
05-18 03:23:12.185 20651 20651 F linker  : CANNOT LINK EXECUTABLE "/system/bin/dpmd": "/system/lib64/libdpmframework.so" is 32-bit instead of 64-bit
05-18 03:23:12.901  2429  2429 I MiuiChargeController: checkBatteryStatus: chargeType 11 status 5 plugged 2 isRapidCharge false isSuperCharge false isCarMode false mChargeDeviceType -1 mChargeDeviceForAnalytic -1
05-18 03:23:12.902  2429  2429 I MiuiChargeManager: checkBatteryStatus:  mChargeState 11 mChargeSpeed 0 mBatteryLevel 100 mChargeDeviceType -1 mIsCarMode false mWirelessChargeState -1
05-18 03:23:12.902  3705  3705 I BatteryInfoReceiver: ACTION_BATTERY_CHANGED
05-18 03:23:12.907  2429  2429 I KeyguardIndication: updateIndication: mVisible false mDozing false mTransientIndication null mPowerPluggedIn true mUpArrowIndication 上滑解锁
05-18 03:23:13.200  3705  4033 I TrafficManageService: mina mTrafficStatsReceiver onReceive
05-18 03:23:16.076  2599  4166 I DPMJ    : |REQ:RCVR| DPM creating socket
05-18 03:23:17.106  3705  3705 I BatteryInfoReceiver: ACTION_BATTERY_CHANGED
05-18 03:23:17.109  2429  2429 I MiuiChargeController: checkBatteryStatus: chargeType 11 status 5 plugged 2 isRapidCharge false isSuperCharge false isCarMode false mChargeDeviceType -1 mChargeDeviceForAnalytic -1
05-18 03:23:17.109  2429  2429 I MiuiChargeManager: checkBatteryStatus:  mChargeState 11 mChargeSpeed 0 mBatteryLevel 100 mChargeDeviceType -1 mIsCarMode false mWirelessChargeState -1
05-18 03:23:12.902  2133  2167 I chatty  : uid=1000(system) android.fg identical 1 line
05-18 03:23:17.105  2133  2167 E UsbDeviceManager: handle message = 9
05-18 03:23:17.171  1127  1253 E storaged: getDiskStats failed with result NOT_SUPPORTED and size 0
05-18 03:23:17.186 20677 20677 F linker  : CANNOT LINK EXECUTABLE "/system/bin/dpmd": "/system/lib64/libdpmframework.so" is 32-bit instead of 64-bit
05-18 03:23:20.082  2599  4166 I DPMJ    : |REQ:RCVR| DPM creating socket
05-18 03:23:20.236  3705  4033 I TrafficManageService: mina mTrafficStatsReceiver onReceive
05-18 03:23:22.191 20754 20754 F linker  : CANNOT LINK EXECUTABLE "/system/bin/dpmd": "/system/lib64/libdpmframework.so" is 32-bit instead of 64-bit
05-18 03:23:24.084  2599  4166 I DPMJ    : |REQ:RCVR| DPM creating socket
05-18 03:23:24.755  2133  9390 I SplashScreenServiceDelegate: None for com.quzhuan.app
05-18 03:23:24.755  2133  9390 I ActivityManager: START u0 {act=android.intent.action.MAIN cat=[android.intent.category.LAUNCHER] flg=0x10000000 cmp=com.quzhuan.app/com.lezou.app.view.activity.SplashActivity} from uid 2000
05-18 03:23:24.765   786   816 E ANDR-PERF-MPCTL: Invalid profile no. 0, total profiles 0 only
05-18 03:23:24.767   614   614 W hwservicemanager: getTransport: Cannot find entry vendor.qti.hardware.iop@2.0::IIop/default in either framework or device manifest.
05-18 03:23:24.767  2133  9390 E ANDR-PERF-JNI: Iop tryGetService failed
05-18 03:23:24.777  2133  9390 E ActivityTrigger: activityStartTrigger: not whiteListedcom.quzhuan.app/com.lezou.app.view.activity.SplashActivity/332
05-18 03:23:24.779  2133  9390 E ActivityTrigger: activityResumeTrigger: not whiteListedcom.quzhuan.app/com.lezou.app.view.activity.SplashActivity/332
05-18 03:23:24.783  2133  6011 E ActivityTrigger: activityResumeTrigger: not whiteListedcom.quzhuan.app/com.lezou.app.view.activity.SplashActivity/332
05-18 03:23:24.783  2133  2176 I SettingsInjector: notify first launch
05-18 03:23:24.789  2133  2176 W ActivityManager: Sending non-protected broadcast miui.intent.action.PACKAGE_FIRST_LAUNCH from system uid 1000 pkg null. Callers=com.android.server.am.ActivityManagerService.broadcastIntentLocked:22650 com.android.server.am.ActivityManagerService.broadcastIntent:22837 com.android.server.pm.IActivityManagerCompat.sendBroadcast:19 com.android.server.pm.SettingsInjector$1.run:117 android.os.Handler.handleCallback:873 
05-18 03:23:24.827  2133  2162 I ActivityManager: Start proc 20788:com.quzhuan.app/u0a239 for activity com.quzhuan.app/com.lezou.app.view.activity.SplashActivity caller=null
05-18 03:23:24.832  5483  5483 I Market-AppActiveStatService: start forground service
05-18 03:23:24.837  2133  2160 E NotificationService: Suppressing notification from package by user request.
05-18 03:23:24.868  2991  3068 I octvm_power: power mode [normal] start 1684351404
05-18 03:23:24.868  3472  3721 I HideModeStateMachine: Uid: 10239 State: inactive_level_1st |-> setForegroundActive
05-18 03:23:24.868  3472  3721 I HideModeStateMachine: Uid: 10239 State: inactive_level_1st Feature: location |-> setSubStateForegroundActive
05-18 03:23:24.868  3472  3721 I HideModeStateMachine: Uid: 10239 State: inactive_level_1st Feature: sensor |-> setSubStateForegroundActive
05-18 03:23:24.868  3472  3721 I HideModeStateMachine: Uid: 10239 State: inactive_level_1st Feature: sensor |-> updateRule, Rule = allow
05-18 03:23:24.868  3472  3721 I HideModeStateMachine: Uid: 10239 State: active |-> setForegroundActive
05-18 03:23:24.869  2991  3068 I octvm_drv: common drv: get_current_battery_uAh will return 0
05-18 03:23:24.869  2991  3068 I octvm_power: Action: set_bcbc_cust_state(disable) for [foreground_change]
05-18 03:23:24.869  2991  3068 I octvm_drv: common drv: platform_set_bcbc_cust_state -> platform not support
05-18 03:23:24.869  2991  3068 I octvm_power: Action: set_lcd_mode(default) for [foreground_change]
05-18 03:23:24.869  2991  3068 I octvm_drv: common drv: platform_set_lcd_mode -> platform not support
05-18 03:23:24.869  2991  3068 I octvm_power: Action: set_thermal_config(restore) for [foreground_change]
05-18 03:23:24.869  3472  3721 I HideModeStateMachine: Uid: 10239 Feature: sensor Rule: allow |-> notifyAppRuleChangedListeners
05-18 03:23:24.869  2991  3068 I octvm_drv: platform_set_thermal_mode cur_global_config:[], target mode:[restore], profile=0, ret=0
05-18 03:23:24.869  2991  3068 I octvm_drv: common drv: get_current_battery_uAh will return 0
05-18 03:23:24.869  2991  3068 I octvm_power: onPowerModeChanged[normal] called
05-18 03:23:24.878  2133  2210 I Timeline: Timeline: App_transition_ready time:64614794
05-18 03:23:24.886 20788 20788 I com.quzhuan.ap: The ClassLoaderContext is a special shared library.
05-18 03:23:24.886  3705  4033 I TrafficManageService: mina mTrafficStatsReceiver onReceive
05-18 03:23:24.891 20788 20788 E LoadedApk: Unable to instantiate appComponentFactory
05-18 03:23:24.891 20788 20788 E LoadedApk: java.lang.ClassNotFoundException: Didn't find class "androidx.core.app.CoreComponentFactory" on path: DexPathList[[zip file "/system/framework/org.apache.http.legacy.boot.jar", zip file "/data/app/com.quzhuan.app-g2s4XnB65tRAvcyJw3Yduw==/base.apk"],nativeLibraryDirectories=[/data/app/com.quzhuan.app-g2s4XnB65tRAvcyJw3Yduw==/lib/arm64, /data/app/com.quzhuan.app-g2s4XnB65tRAvcyJw3Yduw==/base.apk!/lib/arm64-v8a, /system/lib64]]
05-18 03:23:24.891 20788 20788 E LoadedApk: 	at dalvik.system.BaseDexClassLoader.findClass(BaseDexClassLoader.java:171)
05-18 03:23:24.891 20788 20788 E LoadedApk: 	at java.lang.ClassLoader.loadClass(ClassLoader.java:379)
05-18 03:23:24.891 20788 20788 E LoadedApk: 	at java.lang.ClassLoader.loadClass(ClassLoader.java:312)
05-18 03:23:24.891 20788 20788 E LoadedApk: 	at android.app.LoadedApk.createAppFactory(LoadedApk.java:228)
05-18 03:23:24.891 20788 20788 E LoadedApk: 	at android.app.LoadedApk.createOrUpdateClassLoaderLocked(LoadedApk.java:733)
05-18 03:23:24.891 20788 20788 E LoadedApk: 	at android.app.LoadedApk.getClassLoader(LoadedApk.java:812)
05-18 03:23:24.891 20788 20788 E LoadedApk: 	at android.app.LoadedApk.getResources(LoadedApk.java:1034)
05-18 03:23:24.891 20788 20788 E LoadedApk: 	at android.app.ContextImpl.createAppContext(ContextImpl.java:2357)
05-18 03:23:24.891 20788 20788 E LoadedApk: 	at android.app.ActivityThread.handleBindApplication(ActivityThread.java:5832)
05-18 03:23:24.891 20788 20788 E LoadedApk: 	at android.app.ActivityThread.access$1200(ActivityThread.java:201)
05-18 03:23:24.891 20788 20788 E LoadedApk: 	at android.app.ActivityThread$H.handleMessage(ActivityThread.java:1674)
05-18 03:23:24.891 20788 20788 E LoadedApk: 	at android.os.Handler.dispatchMessage(Handler.java:106)
05-18 03:23:24.891 20788 20788 E LoadedApk: 	at android.os.Looper.loop(Looper.java:201)
05-18 03:23:24.891 20788 20788 E LoadedApk: 	at android.app.ActivityThread.main(ActivityThread.java:6821)
05-18 03:23:24.891 20788 20788 E LoadedApk: 	at java.lang.reflect.Method.invoke(Native Method)
05-18 03:23:24.891 20788 20788 E LoadedApk: 	at com.android.internal.os.RuntimeInit$MethodAndArgsCaller.run(RuntimeInit.java:547)
05-18 03:23:24.891 20788 20788 E LoadedApk: 	at com.android.internal.os.ZygoteInit.main(ZygoteInit.java:873)
05-18 03:23:24.898 20788 20788 I Perf    : Connecting to perf service.
05-18 03:23:24.904 20788 20788 W com.quzhuan.ap: Accessing hidden field Landroid/app/ActivityThread;->mHiddenApiWarningShown:Z (dark greylist, reflection)
05-18 03:23:24.954  3705  4033 I TrafficManageService: mina mTrafficStatsReceiver onReceive
05-18 03:23:25.183  5483  5483 I Market-AppActiveStatService: stop forground service
05-18 03:23:25.195  5483  5611 W System  : Ignoring header Content-Type because its value was null.
05-18 03:23:25.223 20788 20788 W com.quzhuan.ap: Opening an oat file without a class loader. Are you using the deprecated DexFile APIs?
05-18 03:23:25.224 20788 20788 W com.quzhuan.ap: Skipping duplicate class check due to unsupported classloader
05-18 03:23:25.225 20788 20788 I com.quzhuan.ap: The ClassLoaderContext is a special shared library.
05-18 03:23:25.226 20788 20788 W System.err: Warning: Using deprecated Element constructor. Do not use internal APIs, this constructor will be removed in the future.
05-18 03:23:25.259 20788 20788 I MultiDex: VM with version 2.1.0 has multidex support
05-18 03:23:25.259 20788 20788 I MultiDex: Installing application
05-18 03:23:25.259 20788 20788 I MultiDex: VM has multidex support, MultiDex support library is disabled.
05-18 03:23:25.259  5483  5611 E Market-ConnectionRSA: get key exception : com.android.org.bouncycastle.util.encoders.DecoderException: unable to decode base64 string: invalid characters encountered in base64 data
05-18 03:23:25.264 20788 20788 I CustomActivityOnCrash: CustomActivityOnCrash has been installed.
