05-18 03:23:43.885 20788 21102 W System.err: 	at com.android.org.conscrypt.NativeSsl.doHandshake(NativeSsl.java:375)
05-18 03:23:43.885 20788 21102 W System.err: 	at com.android.org.conscrypt.ConscryptFileDescriptorSocket.startHandshake(ConscryptFileDescriptorSocket.java:224)
05-18 03:23:43.885 20788 21102 W System.err: 	... 22 more
05-18 03:23:43.885 20788 21102 W System.err: Caused by: java.security.cert.CertPathValidatorException: Trust anchor for certification path not found.
05-18 03:23:43.885 20788 21102 W System.err: 	... 33 more
05-18 03:23:43.886 20788 21148 E libc    : Access denied finding property "ro.boot.serialno"
05-18 03:23:43.886 20788 21148 E libc    : Access denied finding property "ro.serialno"
05-18 03:23:43.901  3705  4033 I TrafficManageService: mina mTrafficStatsReceiver onReceive
05-18 03:23:43.925 20788 20868 W com.quzhuan.ap: resources.arsc in APK '/system/app/SogouInput/SogouInput.apk' is compressed.
05-18 03:23:43.925 20788 21157 I TeaLog  : loadHeader, true, 0
05-18 03:23:43.928 20788 21157 I TeaLog  : net|worker start
05-18 03:23:43.950 20788 21148 W System.err: javax.net.ssl.SSLHandshakeException: java.security.cert.CertPathValidatorException: Trust anchor for certification path not found.
05-18 03:23:43.950 20788 21148 W System.err: 	at com.android.org.conscrypt.ConscryptFileDescriptorSocket.startHandshake(ConscryptFileDescriptorSocket.java:229)
05-18 03:23:43.950 20788 21148 W System.err: 	at com.android.okhttp.internal.io.RealConnection.connectTls(RealConnection.java:192)
05-18 03:23:43.950 20788 21148 W System.err: 	at com.android.okhttp.internal.io.RealConnection.connectSocket(RealConnection.java:149)
05-18 03:23:43.950 20788 21148 W System.err: 	at com.android.okhttp.internal.io.RealConnection.connect(RealConnection.java:112)
05-18 03:23:43.950 20788 21148 W System.err: 	at com.android.okhttp.internal.http.StreamAllocation.findConnection(StreamAllocation.java:184)
05-18 03:23:43.950 20788 21148 W System.err: 	at com.android.okhttp.internal.http.StreamAllocation.findHealthyConnection(StreamAllocation.java:126)
05-18 03:23:43.950 20788 21148 W System.err: 	at com.android.okhttp.internal.http.StreamAllocation.newStream(StreamAllocation.java:95)
05-18 03:23:43.950 20788 21148 W System.err: 	at com.android.okhttp.internal.http.HttpEngine.connect(HttpEngine.java:281)
05-18 03:23:43.950 20788 21148 W System.err: 	at com.android.okhttp.internal.http.HttpEngine.sendRequest(HttpEngine.java:224)
05-18 03:23:43.950 20788 21148 W System.err: 	at com.android.okhttp.internal.huc.HttpURLConnectionImpl.execute(HttpURLConnectionImpl.java:461)
05-18 03:23:43.950 20788 21148 W System.err: 	at com.android.okhttp.internal.huc.HttpURLConnectionImpl.connect(HttpURLConnectionImpl.java:127)
05-18 03:23:43.950 20788 21148 W System.err: 	at com.android.okhttp.internal.huc.HttpURLConnectionImpl.getOutputStream(HttpURLConnectionImpl.java:258)
05-18 03:23:43.950 20788 21148 W System.err: 	at com.android.okhttp.internal.huc.DelegatingHttpsURLConnection.getOutputStream(DelegatingHttpsURLConnection.java:218)
05-18 03:23:43.950 20788 21148 W System.err: 	at com.android.okhttp.internal.huc.HttpsURLConnectionImpl.getOutputStream(HttpsURLConnectionImpl.java:26)
05-18 03:23:43.950 20788 21148 W System.err: 	at com.netease.mobsec.b.c.sendPost(Unknown Source:51)
05-18 03:23:43.950 20788 21148 W System.err: 	at com.netease.mobsec.b.f.a(Unknown Source:44)
05-18 03:23:43.950 20788 21148 W System.err: 	at com.netease.mobsec.b.g.h(Unknown Source:83)
05-18 03:23:43.950 20788 21148 W System.err: 	at com.netease.mobsec.b.g.d(Unknown Source:0)
05-18 03:23:43.950 20788 21148 W System.err: 	at com.netease.mobsec.b.i.run(Unknown Source:2)
05-18 03:23:43.950 20788 21148 W System.err: Caused by: java.security.cert.CertificateException: java.security.cert.CertPathValidatorException: Trust anchor for certification path not found.
05-18 03:23:43.950 20788 21148 W System.err: 	at com.android.org.conscrypt.TrustManagerImpl.checkTrustedRecursive(TrustManagerImpl.java:646)
05-18 03:23:43.950 20788 21148 W System.err: 	at com.android.org.conscrypt.TrustManagerImpl.checkTrusted(TrustManagerImpl.java:495)
05-18 03:23:43.950 20788 21148 W System.err: 	at com.android.org.conscrypt.TrustManagerImpl.checkTrusted(TrustManagerImpl.java:418)
05-18 03:23:43.952 20788 21148 W System.err: 	at com.android.org.conscrypt.TrustManagerImpl.getTrustedChainForServer(TrustManagerImpl.java:339)
05-18 03:23:43.952 20788 21148 W System.err: 	at android.security.net.config.NetworkSecurityTrustManager.checkServerTrusted(NetworkSecurityTrustManager.java:94)
05-18 03:23:43.952 20788 21148 W System.err: 	at android.security.net.config.RootTrustManager.checkServerTrusted(RootTrustManager.java:88)
05-18 03:23:43.952 20788 21148 W System.err: 	at com.android.org.conscrypt.Platform.checkServerTrusted(Platform.java:208)
05-18 03:23:43.952 20788 21148 W System.err: 	at com.android.org.conscrypt.ConscryptFileDescriptorSocket.verifyCertificateChain(ConscryptFileDescriptorSocket.java:404)
05-18 03:23:43.952 20788 21148 W System.err: 	at com.android.org.conscrypt.NativeCrypto.SSL_do_handshake(Native Method)
05-18 03:23:43.952 20788 21148 W System.err: 	at com.android.org.conscrypt.NativeSsl.doHandshake(NativeSsl.java:375)
05-18 03:23:43.952 20788 21148 W System.err: 	at com.android.org.conscrypt.ConscryptFileDescriptorSocket.startHandshake(ConscryptFileDescriptorSocket.java:224)
05-18 03:23:43.952 20788 21148 W System.err: 	... 18 more
05-18 03:23:43.952 20788 21148 W System.err: Caused by: java.security.cert.CertPathValidatorException: Trust anchor for certification path not found.
05-18 03:23:43.952 20788 21148 W System.err: 	... 29 more
05-18 03:23:43.984 20788 21170 E TeaLog  : U SHALL NOT PASS!
05-18 03:23:43.984 20788 21170 E TeaLog  : javax.net.ssl.SSLHandshakeException: java.security.cert.CertPathValidatorException: Trust anchor for certification path not found.
05-18 03:23:43.984 20788 21170 E TeaLog  : 	at com.android.org.conscrypt.ConscryptFileDescriptorSocket.startHandshake(ConscryptFileDescriptorSocket.java:229)
05-18 03:23:43.984 20788 21170 E TeaLog  : 	at com.android.okhttp.internal.io.RealConnection.connectTls(RealConnection.java:192)
05-18 03:23:43.984 20788 21170 E TeaLog  : 	at com.android.okhttp.internal.io.RealConnection.connectSocket(RealConnection.java:149)
05-18 03:23:43.984 20788 21170 E TeaLog  : 	at com.android.okhttp.internal.io.RealConnection.connect(RealConnection.java:112)
05-18 03:23:43.984 20788 21170 E TeaLog  : 	at com.android.okhttp.internal.http.StreamAllocation.findConnection(StreamAllocation.java:184)
05-18 03:23:43.984 20788 21170 E TeaLog  : 	at com.android.okhttp.internal.http.StreamAllocation.findHealthyConnection(StreamAllocation.java:126)
05-18 03:23:43.984 20788 21170 E TeaLog  : 	at com.android.okhttp.internal.http.StreamAllocation.newStream(StreamAllocation.java:95)
05-18 03:23:43.984 20788 21170 E TeaLog  : 	at com.android.okhttp.internal.http.HttpEngine.connect(HttpEngine.java:281)
05-18 03:23:43.984 20788 21170 E TeaLog  : 	at com.android.okhttp.internal.http.HttpEngine.sendRequest(HttpEngine.java:224)
05-18 03:23:43.984 20788 21170 E TeaLog  : 	at com.android.okhttp.internal.huc.HttpURLConnectionImpl.execute(HttpURLConnectionImpl.java:461)
05-18 03:23:43.984 20788 21170 E TeaLog  : 	at com.android.okhttp.internal.huc.HttpURLConnectionImpl.connect(HttpURLConnectionImpl.java:127)
05-18 03:23:43.984 20788 21170 E TeaLog  : 	at com.android.okhttp.internal.huc.HttpURLConnectionImpl.getOutputStream(HttpURLConnectionImpl.java:258)
05-18 03:23:43.984 20788 21170 E TeaLog  : 	at com.android.okhttp.internal.huc.DelegatingHttpsURLConnection.getOutputStream(DelegatingHttpsURLConnection.java:218)
05-18 03:23:43.984 20788 21170 E TeaLog  : 	at com.android.okhttp.internal.huc.HttpsURLConnectionImpl.getOutputStream(HttpsURLConnectionImpl.java:26)
05-18 03:23:43.984 20788 21170 E TeaLog  : 	at com.bytedance.embedapplog.p.a(SourceFile:49)
05-18 03:23:43.984 20788 21170 E TeaLog  : 	at com.bytedance.embedapplog.p.a(SourceFile:87)
05-18 03:23:43.984 20788 21170 E TeaLog  : 	at com.bytedance.embedapplog.c2.d(SourceFile:8)
05-18 03:23:43.984 20788 21170 E TeaLog  : 	at com.bytedance.embedapplog.w1.h(SourceFile:4)
05-18 03:23:43.984 20788 21170 E TeaLog  : 	at com.bytedance.embedapplog.y1.handleMessage(SourceFile:21)
05-18 03:23:43.984 20788 21170 E TeaLog  : 	at android.os.Handler.dispatchMessage(Handler.java:102)
05-18 03:23:43.984 20788 21170 E TeaLog  : 	at android.os.Looper.loop(Looper.java:201)
05-18 03:23:43.984 20788 21170 E TeaLog  : 	at android.os.HandlerThread.run(HandlerThread.java:65)
05-18 03:23:43.984 20788 21170 E TeaLog  : Caused by: java.security.cert.CertificateException: java.security.cert.CertPathValidatorException: Trust anchor for certification path not found.
05-18 03:23:43.984 20788 21170 E TeaLog  : 	at com.android.org.conscrypt.TrustManagerImpl.checkTrustedRecursive(TrustManagerImpl.java:646)
05-18 03:23:43.984 20788 21170 E TeaLog  : 	at com.android.org.conscrypt.TrustManagerImpl.checkTrusted(TrustManagerImpl.java:495)
05-18 03:23:43.984 20788 21170 E TeaLog  : 	at com.android.org.conscrypt.TrustManagerImpl.checkTrusted(TrustManagerImpl.java:418)
05-18 03:23:43.984 20788 21170 E TeaLog  : 	at com.android.org.conscrypt.TrustManagerImpl.getTrustedChainForServer(TrustManagerImpl.java:339)
05-18 03:23:43.984 20788 21170 E TeaLog  : 	at android.security.net.config.NetworkSecurityTrustManager.checkServerTrusted(NetworkSecurityTrustManager.java:94)
05-18 03:23:43.984 20788 21170 E TeaLog  : 	at android.security.net.config.RootTrustManager.checkServerTrusted(RootTrustManager.java:88)
05-18 03:23:43.984 20788 21170 E TeaLog  : 	at com.android.org.conscrypt.Platform.checkServerTrusted(Platform.java:208)
05-18 03:23:43.984 20788 21170 E TeaLog  : 	at com.android.org.conscrypt.ConscryptFileDescriptorSocket.verifyCertificateChain(ConscryptFileDescriptorSocket.java:404)
05-18 03:23:43.984 20788 21170 E TeaLog  : 	at com.android.org.conscrypt.NativeCrypto.SSL_do_handshake(Native Method)
05-18 03:23:43.984 20788 21170 E TeaLog  : 	at com.android.org.conscrypt.NativeSsl.doHandshake(NativeSsl.java:375)
05-18 03:23:43.984 20788 21170 E TeaLog  : 	at com.android.org.conscrypt.ConscryptFileDescriptorSocket.startHandshake(ConscryptFileDescriptorSocket.java:224)
05-18 03:23:43.984 20788 21170 E TeaLog  : 	... 21 more
05-18 03:23:43.984 20788 21170 E TeaLog  : Caused by: java.security.cert.CertPathValidatorException: Trust anchor for certification path not found.
05-18 03:23:43.984 20788 21170 E TeaLog  : 	... 32 more
05-18 03:23:43.984 20788 21170 I TeaLog  : r worked:false 10000
05-18 03:23:43.985 20788 21170 I TeaLog  : c worked:false 180000
05-18 03:23:43.985 20788 21170 I TeaLog  : p worked:false 60000
05-18 03:23:44.005 20788 21148 E libc    : Access denied finding property "ro.boot.serialno"
05-18 03:23:44.005 20788 21148 E libc    : Access denied finding property "ro.serialno"
05-18 03:23:44.014 20788 21170 I TeaLog  : s0 0
05-18 03:23:44.014 20788 21170 I TeaLog  : s worked:true 30000
05-18 03:23:44.063 20788 20868 I TDLog   : TalkingData App Analytics SDK init...
05-18 03:23:44.063 20788 20868 I TDLog   : 	SDK_VERSION is: Android+TD+V4.0.56 gp Type:Native  Build_Num:1387
05-18 03:23:44.063 20788 20868 I TDLog   : 	App ID is: F60AB4D5BC75462BA0C6358CC7FA7420
05-18 03:23:44.063 20788 20868 I TDLog   : 	App Channel is: anzhi
05-18 03:23:44.063 20788 20868 I TDLog   : 	SDK_OVC is: TDOVC+20a53028c979f4401208fbce714b611d+SaaS
05-18 03:23:44.076 20788 21186 E VNetLog : [4956] h.a: Unable to create cache dir /data/user/0/com.quzhuan.app/cache/VAdNetSdk/reqQueue
05-18 03:23:44.101 20788 20788 I WebViewFactory: Loading com.google.android.webview version 74.0.3729.136 (code 372913650)
05-18 03:23:44.113  2599  4166 I DPMJ    : |REQ:RCVR| DPM creating socket
05-18 03:23:44.151 20788 20788 I cr_LibraryLoader: Time to load native libraries: 2 ms (timestamps 4065-4067)
05-18 03:23:44.167 20788 20788 I chromium: [INFO:library_loader_hooks.cc(50)] Chromium logging enabled: level = 0, default verbosity = 0
05-18 03:23:44.168 20788 20788 I cr_LibraryLoader: Expected native library version number "74.0.3729.136", actual native library version number "74.0.3729.136"
05-18 03:23:44.187 20788 21218 W cr_ChildProcLH: Create a new ChildConnectionAllocator with package name = com.google.android.webview, sandboxed = true
05-18 03:23:44.190 20788 20788 I cr_BrowserStartup: Initializing chromium process, singleProcess=false
05-18 03:23:44.197 20788 20788 E chromium: [ERROR:filesystem_posix.cc(89)] stat /data/user/0/com.quzhuan.app/cache/webview_com.quzhuan.app/WebView/Crashpad: No such file or directory (2)
05-18 03:23:44.197 20788 20788 E chromium: [ERROR:filesystem_posix.cc(62)] mkdir /data/user/0/com.quzhuan.app/cache/webview_com.quzhuan.app/WebView/Crashpad: No such file or directory (2)
05-18 03:23:43.731 20788 20788 W FileUtils: Failed to chmod(/data/user/0/com.tencent.mm/app_tbs): android.system.ErrnoException: chmod failed: EACCES (Permission denied)
05-18 03:23:44.231  2133  2162 I ActivityManager: Start proc 21223:com.google.android.webview:sandboxed_process0/u0i386 for webview_service com.quzhuan.app/org.chromium.content.app.SandboxedProcessService0 caller=com.quzhuan.app
05-18 03:23:44.269  2807  2807 I QcrilOemhookMsgTunnel: [0]invokeOemRilRequestRaw: serial=6299 length=24
05-18 03:23:44.270  2807  2831 I QcrilOemhookMsgTunnel: [0]processOemHookResponse serial no: 6299 error: 0length=0
05-18 03:23:44.272  2807  2831 I QcrilOemhookMsgTunnel: [0]processOemHookIndication length=28
05-18 03:23:44.272  3705  4033 I TrafficManageService: mina mTrafficStatsReceiver onReceive
05-18 03:23:44.275  2807  2807 I QcrilOemhookMsgTunnel: [1]invokeOemRilRequestRaw: serial=6300 length=24
05-18 03:23:44.276  2807  2831 I QcrilOemhookMsgTunnel: [1]processOemHookResponse serial no: 6300 error: 0length=0
05-18 03:23:44.278  2807  2831 I QcrilOemhookMsgTunnel: [1]processOemHookIndication length=28
05-18 03:23:44.270 21223 21223 W dboxed_process0: type=1400 audit(0.0:105015): avc: denied { search } for name="theme" dev="dm-2" ino=524300 scontext=u:r:isolated_app:s0:c130,c257,c512,c768 tcontext=u:object_r:theme_data_file:s0 tclass=dir permissive=0
05-18 03:23:44.300 21223 21223 W dboxed_process0: type=1400 audit(0.0:105019): avc: denied { search } for name="theme" dev="dm-2" ino=524300 scontext=u:r:isolated_app:s0:c130,c257,c512,c768 tcontext=u:object_r:theme_data_file:s0 tclass=dir permissive=0
05-18 03:23:44.320 21223 21223 I LoadedApk: No resource references to update in package com.google.android.webview
05-18 03:23:44.326 21223 21223 I cr_ChildProcessService: Creating new ChildProcessService pid=21223
05-18 03:23:44.329 20788 20788 W Looper  : Slow Looper main: Long Msg: seq=59 plan=03:23:43.081  late=0ms wall=1247ms running=0ms h=android.view.ViewRootImpl$ViewRootHandler c=android.view.View$PerformClick
05-18 03:23:44.339  2807  2807 I QcrilOemhookMsgTunnel: [0]invokeOemRilRequestRaw: serial=6301 length=24
05-18 03:23:44.340  2807  2831 I QcrilOemhookMsgTunnel: [0]processOemHookResponse serial no: 6301 error: 0length=0
05-18 03:23:44.342  2807  2831 I QcrilOemhookMsgTunnel: [0]processOemHookIndication length=28
05-18 03:23:44.342  2807  2807 I QcrilOemhookMsgTunnel: [1]invokeOemRilRequestRaw: serial=6302 length=24
05-18 03:23:44.343  2807  2831 I QcrilOemhookMsgTunnel: [1]processOemHookResponse serial no: 6302 error: 0length=0
05-18 03:23:44.345 20788 20788 I Choreographer: Skipped 75 frames!  The application may be doing too much work on its main thread.
05-18 03:23:44.347  2807  2831 I QcrilOemhookMsgTunnel: [1]processOemHookIndication length=28
05-18 03:23:44.348 20788 20788 W Looper  : Slow Looper main: doFrame is 1251ms late because of 1 msg, msg 1 took 1247ms (seq=59 h=android.view.ViewRootImpl$ViewRootHandler c=android.view.View$PerformClick)
05-18 03:23:44.349 20788 20788 I crashsdk: Unexp log not enabled, skip update unexp info!
05-18 03:23:44.352 20788 21122 W efs.info.manager: network change: wifi
05-18 03:23:44.356  3991  7121 I MetokLocationProvider: onSetRequest
05-18 03:23:44.356  3991  3991 I MetokLocationProvider: setRequest: request =ProviderRequest[ON interval=0 lowPowerMode=false] ; client =WorkSource{10239 com.quzhuan.app}
05-18 03:23:44.357 20788 20788 W com.quzhuan.ap: Accessing hidden field Landroid/location/LocationManager$ListenerTransport;->mListener:Landroid/location/LocationListener; (dark greylist, reflection)
05-18 03:23:44.358  2133  4669 I WifiService: startScan uid=10074
05-18 03:23:44.437  3705  4033 I TrafficManageService: mina mTrafficStatsReceiver onReceive
05-18 03:23:44.437 20788 20868 I TDLog   : [APP][Session] - New session!
05-18 03:23:44.437 20788 20868 I TDLog   : [APP][Session] - Id: 7e7d8fb2-53c5-4f64-8cfa-b66ba5f13582
05-18 03:23:44.439  2133  2167 E UsbDeviceManager: handle message = 9
05-18 03:23:44.441  3705  3705 I BatteryInfoReceiver: ACTION_BATTERY_CHANGED
05-18 03:23:44.442  2429  2429 I MiuiChargeController: checkBatteryStatus: chargeType 11 status 2 plugged 2 isRapidCharge false isSuperCharge false isCarMode false mChargeDeviceType -1 mChargeDeviceForAnalytic -1
05-18 03:23:44.442  2429  2429 I MiuiChargeManager: checkBatteryStatus:  mChargeState 11 mChargeSpeed 0 mBatteryLevel 100 mChargeDeviceType -1 mIsCarMode false mWirelessChargeState -1
05-18 03:23:44.521  2133  2981 I OpenGLRenderer: Initialized EGL, version 1.4
05-18 03:23:44.530 20788 20788 I Timeline: Timeline: Activity_launch_request time:64634445 intent:Intent { flg=0x10000000 cmp=com.quzhuan.app/com.lezou.app.view.activity.MainActivity (has extras) }
05-18 03:23:44.530  2133  9647 I SplashScreenServiceDelegate: None for com.quzhuan.app
05-18 03:23:44.530  2133  9647 I ActivityManager: START u0 {flg=0x10000000 cmp=com.quzhuan.app/com.lezou.app.view.activity.MainActivity (has extras)} from uid 10239
05-18 03:23:44.532   786   816 E ANDR-PERF-MPCTL: Invalid profile no. 0, total profiles 0 only
05-18 03:23:44.533   614   614 W hwservicemanager: getTransport: Cannot find entry vendor.qti.hardware.iop@2.0::IIop/default in either framework or device manifest.
05-18 03:23:44.533  2133  9647 E ANDR-PERF-JNI: Iop tryGetService failed
05-18 03:23:44.549  2133  9647 E ActivityTrigger: activityStartTrigger: not whiteListedcom.quzhuan.app/com.lezou.app.view.activity.MainActivity/332
05-18 03:23:44.552  2133  9647 E ActivityTrigger: activityResumeTrigger: not whiteListedcom.quzhuan.app/com.lezou.app.view.activity.MainActivity/332
05-18 03:23:44.565  2133  9647 E ActivityTrigger: activityResumeTrigger: not whiteListedcom.quzhuan.app/com.lezou.app.view.activity.MainActivity/332
05-18 03:23:44.577 20788 21137 I TDLog   : [APP] Submit local data to collector server ...
05-18 03:23:44.587   814  2892 W SurfaceFlinger: Attempting to set client state on removed layer: com.quzhuan.app/com.lezou.app.view.activity.SplashActivity#0
05-18 03:23:44.587   814  2892 W SurfaceFlinger: Attempting to set client state on removed layer: Dim Layer for - Task=637#0
05-18 03:23:44.587   814  2892 W SurfaceFlinger: Attempting to destroy on removed layer: com.quzhuan.app/com.lezou.app.view.activity.SplashActivity#0
05-18 03:23:44.587   814  2892 W SurfaceFlinger: Attempting to destroy on removed layer: Dim Layer for - Task=637#0
05-18 03:23:44.598  2133  9647 I Timeline: Timeline: App_transition_ready time:64634514
05-18 03:23:44.607 20788 20788 W ActivityThread: handleWindowVisibility: no activity for token android.os.BinderProxy@332242
05-18 03:23:44.608  2133  2208 W ActivityManager: Unable to start service Intent { act=com.ss.android.message.action.PUSH_SERVICE pkg=com.ss.android.article.calendar } U=0: not found
05-18 03:23:44.608  3705  4033 I TrafficManageService: mina mTrafficStatsReceiver onReceive
05-18 03:23:44.625  2133  2210 I Timeline: Timeline: App_transition_ready time:64634541
05-18 03:23:44.647 20788 20839 I ContentCatcher: ViewContentFetcher : ViewContentFetcher
05-18 03:23:44.693 20788 20788 I crashsdk: Unexp log not enabled, skip update unexp info!
05-18 03:23:44.695 20788 20788 I Downloader-AppStatusManager: dispatchAppForeground
05-18 03:23:44.698 20788 20868 I TDLog   : [APP][Session] - Same session as before! Session id is 7e7d8fb2-53c5-4f64-8cfa-b66ba5f13582
05-18 03:23:44.699 20788 21137 I TDLog   : [APP] Failed to submit data! Response code 600
05-18 03:23:44.699 20788 20868 I TDLog   : onPageStart being called!  pagename: com.lezou.app.view.activity.MainActivity, refer: com.lezou.app.view.activity.SplashActivity
05-18 03:23:44.703 20788 21137 I TDLog   : [APP] Submit local data to collector server ...
05-18 03:23:44.713  2807  2807 I QcrilOemhookMsgTunnel: [0]invokeOemRilRequestRaw: serial=6303 length=24
05-18 03:23:44.715  2807  2831 I QcrilOemhookMsgTunnel: [0]processOemHookResponse serial no: 6303 error: 0length=0
05-18 03:23:44.718  2807  2831 I QcrilOemhookMsgTunnel: [0]processOemHookIndication length=28
05-18 03:23:44.718  2807  2807 I QcrilOemhookMsgTunnel: [1]invokeOemRilRequestRaw: serial=6304 length=24
05-18 03:23:44.719  2807  2831 I QcrilOemhookMsgTunnel: [1]processOemHookResponse serial no: 6304 error: 0length=0
05-18 03:23:44.721  2807  2831 I QcrilOemhookMsgTunnel: [1]processOemHookIndication length=28
05-18 03:23:44.822  3705  4033 I TrafficManageService: mina mTrafficStatsReceiver onReceive
05-18 03:23:44.838 20788 21137 I TDLog   : [APP] Data submitted successfully!
05-18 03:23:44.926  3705  4033 I TrafficManageService: mina mTrafficStatsReceiver onReceive
05-18 03:23:44.955 20788 21312 E com.quzhuan.ap: Invalid ID 0x00000000.
05-18 03:23:44.955 20788 21312 W System.err: android.content.res.Resources$NotFoundException: String resource ID #0x0
05-18 03:23:44.955 20788 21312 W System.err: 	at android.content.res.Resources.getText(Resources.java:360)
05-18 03:23:44.955 20788 21312 W System.err: 	at android.content.res.MiuiResources.getText(MiuiResources.java:97)
05-18 03:23:44.955 20788 21312 W System.err: 	at android.content.res.Resources.getString(Resources.java:453)
05-18 03:23:44.955 20788 21312 W System.err: 	at com.umeng.umzid.ZIDManager.a(:21)
05-18 03:23:44.955 20788 21312 W System.err: 	at com.umeng.umzid.ZIDManager.a(:1)
05-18 03:23:44.955 20788 21312 W System.err: 	at com.umeng.umzid.ZIDManager$a.run(Unknown Source:4)
05-18 03:23:44.955 20788 21312 W System.err: 	at java.util.concurrent.Executors$RunnableAdapter.call(Executors.java:458)
05-18 03:23:44.955 20788 21312 W System.err: 	at java.util.concurrent.FutureTask.run(FutureTask.java:266)
05-18 03:23:44.955 20788 21312 W System.err: 	at java.util.concurrent.ScheduledThreadPoolExecutor$ScheduledFutureTask.run(ScheduledThreadPoolExecutor.java:301)
05-18 03:23:44.955 20788 21312 W System.err: 	at java.util.concurrent.ThreadPoolExecutor.runWorker(ThreadPoolExecutor.java:1167)
05-18 03:23:44.955 20788 21312 W System.err: 	at java.util.concurrent.ThreadPoolExecutor$Worker.run(ThreadPoolExecutor.java:641)
05-18 03:23:44.955 20788 21312 W System.err: 	at java.lang.Thread.run(Thread.java:764)
05-18 03:23:44.983  3705  4033 I TrafficManageService: mina mTrafficStatsReceiver onReceive
05-18 03:23:45.031  3705  4033 I TrafficManageService: mina mTrafficStatsReceiver onReceive
05-18 03:23:45.107  3705  4033 I TrafficManageService: mina mTrafficStatsReceiver onReceive
05-18 03:23:45.114 20788 20861 W com.quzhuan.ap: resources.arsc in APK '/data/app/com.iflytek.inputmethod.miui/com.iflytek.inputmethod.miui.apk' is compressed.
05-18 03:23:45.131  2429  2429 W ImageView: Unable to find resource: 2130838256
05-18 03:23:45.131  2429  2429 W ImageView: android.content.res.Resources$NotFoundException: Resource ID #0x7f0202f0
05-18 03:23:45.131  2429  2429 W ImageView: 	at android.content.res.ResourcesImpl.getValueForDensity(ResourcesImpl.java:225)
05-18 03:23:45.131  2429  2429 W ImageView: 	at android.content.res.Resources.getDrawableForDensity(Resources.java:901)
05-18 03:23:45.131  2429  2429 W ImageView: 	at android.content.res.Resources.getDrawable(Resources.java:841)
05-18 03:23:45.131  2429  2429 W ImageView: 	at android.content.Context.getDrawable(Context.java:635)
05-18 03:23:45.131  2429  2429 W ImageView: 	at android.widget.ImageView.resolveUri(ImageView.java:914)
05-18 03:23:45.131  2429  2429 W ImageView: 	at android.widget.ImageView.setImageResource(ImageView.java:478)
05-18 03:23:45.131  2429  2429 W ImageView: 	at com.android.systemui.statusbar.AnimatedImageView.setImageResource(AnimatedImageView.java:93)
05-18 03:23:45.131  2429  2429 W ImageView: 	at com.android.systemui.statusbar.phone.StatusBarIconController$DarkIconManager$1.onDarkChanged(StatusBarIconController.java:149)
05-18 03:23:45.131  2429  2429 W ImageView: 	at com.android.systemui.statusbar.phone.DarkIconDispatcherImpl.applyIconTint(DarkIconDispatcherImpl.java:115)
05-18 03:23:45.131  2429  2429 W ImageView: 	at com.android.systemui.statusbar.phone.DarkIconDispatcherImpl.setIconTintInternal(DarkIconDispatcherImpl.java:110)
05-18 03:23:45.131  2429  2429 W ImageView: 	at com.android.systemui.statusbar.phone.DarkIconDispatcherImpl.access$000(DarkIconDispatcherImpl.java:31)
05-18 03:23:45.131  2429  2429 W ImageView: 	at com.android.systemui.statusbar.phone.DarkIconDispatcherImpl$1.applyDarkIntensity(DarkIconDispatcherImpl.java:50)
05-18 03:23:45.131  2429  2429 W ImageView: 	at com.android.systemui.statusbar.phone.LightBarTransitionsController.setIconTintInternal(LightBarTransitionsController.java:337)
05-18 03:23:45.131  2429  2429 W ImageView: 	at com.android.systemui.statusbar.phone.LightBarTransitionsController.access$100(LightBarTransitionsController.java:45)
05-18 03:23:45.131  2429  2429 W ImageView: 	at com.android.systemui.statusbar.phone.LightBarTransitionsController$2.onAnimationUpdate(LightBarTransitionsController.java:326)
05-18 03:23:45.131  2429  2429 W ImageView: 	at android.animation.ValueAnimator.animateValue(ValueAnimator.java:1570)
05-18 03:23:45.131  2429  2429 W ImageView: 	at android.animation.ValueAnimator.animateBasedOnTime(ValueAnimator.java:1359)
05-18 03:23:45.131  2429  2429 W ImageView: 	at android.animation.ValueAnimator.doAnimationFrame(ValueAnimator.java:1491)
05-18 03:23:45.131  2429  2429 W ImageView: 	at android.animation.AnimationHandler.doAnimationFrame(AnimationHandler.java:146)
05-18 03:23:45.131  2429  2429 W ImageView: 	at android.animation.AnimationHandler.access$100(AnimationHandler.java:37)
05-18 03:23:45.131  2429  2429 W ImageView: 	at android.animation.AnimationHandler$1.doFrame(AnimationHandler.java:54)
05-18 03:23:45.131  2429  2429 W ImageView: 	at android.view.Choreographer$CallbackRecord.run(Choreographer.java:1032)
05-18 03:23:45.131  2429  2429 W ImageView: 	at android.view.Choreographer.doCallbacks(Choreographer.java:830)
05-18 03:23:45.131  2429  2429 W ImageView: 	at android.view.Choreographer.doFrame(Choreographer.java:762)
05-18 03:23:45.131  2429  2429 W ImageView: 	at android.view.Choreographer$FrameDisplayEventReceiver.run(Choreographer.java:1020)
05-18 03:23:45.131  2429  2429 W ImageView: 	at android.os.Handler.handleCallback(Handler.java:873)
05-18 03:23:45.131  2429  2429 W ImageView: 	at android.os.Handler.dispatchMessage(Handler.java:99)
05-18 03:23:45.131  2429  2429 W ImageView: 	at android.os.Looper.loop(Looper.java:201)
05-18 03:23:45.131  2429  2429 W ImageView: 	at android.app.ActivityThread.main(ActivityThread.java:6821)
05-18 03:23:45.131  2429  2429 W ImageView: 	at java.lang.reflect.Method.invoke(Native Method)
05-18 03:23:45.131  2429  2429 W ImageView: 	at com.android.internal.os.RuntimeInit$MethodAndArgsCaller.run(RuntimeInit.java:547)
05-18 03:23:45.131  2429  2429 W ImageView: 	at com.android.internal.os.ZygoteInit.main(ZygoteInit.java:873)
05-18 03:23:45.181 20788 20861 I MobclickAgent: module init:azioc
05-18 03:23:45.196  2133  2210 I Timeline: Timeline: App_transition_stopped time:64635112
05-18 03:23:45.275 20788 21170 I TeaLog  : p worked:false 60000
05-18 03:23:45.284 20788 21170 I TeaLog  : wP {com.bytedance.embedapplog.x@c33a185, te, p: 0, v1: 0, v3: 0}, m: 0}
05-18 03:23:45.285 20788 21312 E com.quzhuan.ap: Invalid ID 0x00000000.
05-18 03:23:45.285 20788 21312 W System.err: android.content.res.Resources$NotFoundException: String resource ID #0x0
05-18 03:23:45.286 20788 21312 W System.err: 	at android.content.res.Resources.getText(Resources.java:360)
05-18 03:23:45.286 20788 21312 W System.err: 	at android.content.res.MiuiResources.getText(MiuiResources.java:97)
05-18 03:23:45.286 20788 21312 W System.err: 	at android.content.res.Resources.getString(Resources.java:453)
05-18 03:23:45.286 20788 21312 W System.err: 	at com.umeng.umzid.ZIDManager.a(:21)
05-18 03:23:45.286 20788 21312 W System.err: 	at com.umeng.umzid.ZIDManager.a(:1)
05-18 03:23:45.286 20788 21312 W System.err: 	at com.umeng.umzid.ZIDManager$c.run(Unknown Source:4)
05-18 03:23:45.286 20788 21312 W System.err: 	at java.util.concurrent.Executors$RunnableAdapter.call(Executors.java:458)
05-18 03:23:45.286 20788 21312 W System.err: 	at java.util.concurrent.FutureTask.run(FutureTask.java:266)
05-18 03:23:45.286 20788 21312 W System.err: 	at java.util.concurrent.ScheduledThreadPoolExecutor$ScheduledFutureTask.run(ScheduledThreadPoolExecutor.java:301)
05-18 03:23:45.286 20788 21312 W System.err: 	at java.util.concurrent.ThreadPoolExecutor.runWorker(ThreadPoolExecutor.java:1167)
05-18 03:23:45.286 20788 21312 W System.err: 	at java.util.concurrent.ThreadPoolExecutor$Worker.run(ThreadPoolExecutor.java:641)
05-18 03:23:45.286 20788 21312 W System.err: 	at java.lang.Thread.run(Thread.java:764)
05-18 03:23:45.350 20788 20800 W System  : A resource failed to call close. 
05-18 03:23:45.351 20788 20800 W System  : A resource failed to call close. 
05-18 03:23:45.447 20788 21170 I TeaLog  : s1 1
05-18 03:23:45.448 20788 21170 I TeaLog  : s worked:true 9223370352503350359
05-18 03:23:45.453 20788 21170 I TeaLog  : ac worked:false 60000
05-18 03:23:45.471  3705  4033 I TrafficManageService: mina mTrafficStatsReceiver onReceive
05-18 03:23:45.485 20788 21326 E com.quzhuan.ap: Invalid ID 0x00000000.
05-18 03:23:45.486 20788 21326 W System.err: android.content.res.Resources$NotFoundException: String resource ID #0x0
05-18 03:23:45.487 20788 21326 W System.err: 	at android.content.res.Resources.getText(Resources.java:360)
05-18 03:23:45.487 20788 21326 W System.err: 	at android.content.res.MiuiResources.getText(MiuiResources.java:97)
05-18 03:23:45.487 20788 21326 W System.err: 	at android.content.res.Resources.getString(Resources.java:453)
05-18 03:23:45.487 20788 21326 W System.err: 	at com.umeng.umzid.ZIDManager.a(:21)
05-18 03:23:45.487 20788 21326 W System.err: 	at com.umeng.umzid.ZIDManager.a(:1)
05-18 03:23:45.487 20788 21326 W System.err: 	at com.umeng.umzid.ZIDManager$c.run(Unknown Source:4)
05-18 03:23:45.487 20788 21326 W System.err: 	at java.util.concurrent.Executors$RunnableAdapter.call(Executors.java:458)
05-18 03:23:45.487 20788 21326 W System.err: 	at java.util.concurrent.FutureTask.run(FutureTask.java:266)
05-18 03:23:45.487 20788 21326 W System.err: 	at java.util.concurrent.ScheduledThreadPoolExecutor$ScheduledFutureTask.run(ScheduledThreadPoolExecutor.java:301)
05-18 03:23:45.487 20788 21326 W System.err: 	at java.util.concurrent.ThreadPoolExecutor.runWorker(ThreadPoolExecutor.java:1167)
05-18 03:23:45.487 20788 21326 W System.err: 	at java.util.concurrent.ThreadPoolExecutor$Worker.run(ThreadPoolExecutor.java:641)
05-18 03:23:45.487 20788 21326 W System.err: 	at java.lang.Thread.run(Thread.java:764)
05-18 03:23:45.616 20788 20788 E RecyclerView: No adapter attached; skipping layout
05-18 03:23:45.619 20788 20788 I chatty  : uid=10239(com.quzhuan.app) identical 2 lines
05-18 03:23:45.620 20788 20788 E RecyclerView: No adapter attached; skipping layout
05-18 03:23:45.685  3705  4033 I TrafficManageService: mina mTrafficStatsReceiver onReceive
05-18 03:23:45.758  3705  4033 I TrafficManageService: mina mTrafficStatsReceiver onReceive
05-18 03:23:45.769 20788 21345 E VNetLog : [5055] c.a: Unexpected response code 400 for https://dm.bytedance.com/get_domains/v4/?abi=arm64-v8a&aid=1371&device_platform=android&channel=openadsdk&version_code=3251&device_id=null
05-18 03:23:45.791 20788 20788 W Looper  : Slow Looper main: doFrame is 472ms late because of 92 msg, msg 1 took 909ms (seq=125 late=2ms h=android.view.Choreographer$FrameHandler c=android.view.Choreographer$FrameDisplayEventReceiver)
05-18 03:23:45.908  2133  2169 I ActivityManager: Displayed com.quzhuan.app/com.lezou.app.view.activity.MainActivity: +1s314ms
05-18 03:23:45.900  2133  2133 W android.display: type=1400 audit(0.0:105028): avc: denied { write } for name="logd" dev="tmpfs" ino=4995 scontext=u:r:system_server:s0 tcontext=u:object_r:logd_socket:s0 tclass=sock_file permissive=0
05-18 03:23:45.908  2133  2169 I Timeline: Timeline: Activity_windows_visible id: ActivityRecord{9e2495c u0 com.quzhuan.app/com.lezou.app.view.activity.MainActivity t638} time:64635824
05-18 03:23:45.959 20788 20788 W Glide   : Failed to find GeneratedAppGlideModule. You should include an annotationProcessor compile dependency on com.github.bumptech.glide:compiler in your application and a @GlideModule annotated AppGlideModule implementation or LibraryGlideModules will be silently ignored
05-18 03:23:45.974  3705  4033 I TrafficManageService: mina mTrafficStatsReceiver onReceive
05-18 03:23:46.064   814  2990 W SurfaceFlinger: Attempting to set client state on removed layer: Splash Screen com.quzhuan.app#0
05-18 03:23:46.064   814  2990 W SurfaceFlinger: Attempting to destroy on removed layer: Splash Screen com.quzhuan.app#0
05-18 03:23:46.074 20788 21359 E VNetLog : [5063] c.a: Unexpected response code 400 for https://dm.pstatp.com/get_domains/v4/?abi=arm64-v8a&aid=1371&device_platform=android&channel=openadsdk&version_code=3251&device_id=null
05-18 03:23:46.133  2133  4669 I SplashScreenServiceDelegate: None for com.quzhuan.app
05-18 03:23:46.130   775   775 W memtrack@1.0-se: type=1400 audit(0.0:105029): avc: denied { read } for name="mem" dev="debugfs" ino=18698935 scontext=u:r:hal_memtrack_default:s0 tcontext=u:object_r:qti_debugfs:s0 tclass=file permissive=0
05-18 03:23:46.149   814  2892 W SurfaceFlinger: Attempting to destroy on removed layer: AppWindowToken{1dbead6 token=Token{173bef1 ActivityRecord{9923698 u0 com.quzhuan.app/com.lezou.app.view.activity.SplashActivity t637}}}#0
05-18 03:23:46.158  3705  4033 I TrafficManageService: mina mTrafficStatsReceiver onReceive
05-18 03:23:46.206  3705  4033 I TrafficManageService: mina mTrafficStatsReceiver onReceive
05-18 03:23:46.313  3705  4033 I TrafficManageService: mina mTrafficStatsReceiver onReceive
05-18 03:23:46.345  3705  4033 I TrafficManageService: mina mTrafficStatsReceiver onReceive
05-18 03:23:46.584  3705  4033 I TrafficManageService: mina mTrafficStatsReceiver onReceive
05-18 03:23:46.980 21390 21390 W ls      : type=1400 audit(0.0:105031): avc: denied { read } for name="/" dev="rootfs" ino=1 scontext=u:r:untrusted_app:s0:c239,c256,c512,c768 tcontext=u:object_r:rootfs:s0 tclass=dir permissive=0
05-18 03:23:47.169  1248  2308 I LOWI-8.6.0.26: [LOWI-Scan] lowi_close_record:Scan done in 64619450ms, 29 APs in scan results
05-18 03:23:47.170  1248  1265 I LOWI-8.6.0.26: [LOWIUtils] responseToOutPostcard - TO: GTP-FDAL, FROM:   LOWI-SERVER, RESP:  LOWI_ASYNC_DISCOVERY_SCAN_RESULTS
05-18 03:23:47.172  1250  1357 W XTCC-6.2.0.6: [WifiScanner] WiFi scan result : [29] AP's, async result: 1
05-18 03:23:47.177  2133  2292 E AppScanObserverService: Result available, null observers for user: 0
05-18 03:23:47.188  3991  4129 I NetworkLocationManager: start get current Location
05-18 03:23:47.220 21391 21391 F linker  : CANNOT LINK EXECUTABLE "/system/bin/dpmd": "/system/lib64/libdpmframework.so" is 32-bit instead of 64-bit
05-18 03:23:47.224  3991  3991 I MetokLocationProvider: report position from 6
05-18 03:23:47.225  3991 21392 W System  : Ignoring header MIUIGVER because its value was null.
05-18 03:23:47.230  3991  4011 I MetokLocationProvider: onSetRequest
05-18 03:23:47.230  3991  3991 I MetokLocationProvider: setRequest: request =ProviderRequest[OFF] ; client =WorkSource{}
05-18 03:23:47.230  3991  3991 I NLPWrapper: request exit
05-18 03:23:47.362  3991 21392 E LocationServer: parse from server error :java.lang.NullPointerException: Attempt to invoke virtual method 'boolean java.lang.Boolean.booleanValue()' on a null object reference
05-18 03:23:48.115  2599  4166 I DPMJ    : |REQ:RCVR| DPM creating socket
05-18 03:23:48.330 20788 21112 I efs.px.api: get config from server, url is https://errlog.umeng.com/apm_cc
05-18 03:23:48.486 20788 21112 I efs.config: config request succ, config is:
05-18 03:23:48.486 20788 21112 I efs.config:  {"msg":"成功","code":0,"cip":"127.0.0.1","config":{"common":{"updateInteval":480,"gate_way_https":true},"app_configs":[{"conditions":[{"val":"0.0.0.0","opc":">=","fld":"ver"}],"actions":[{"opt":"apm_mem_state","set":0},{"opt":"apm_oom_state","set":0},{"opt":"apm_native_h5perf_sampling_rate","set":5},{"opt":"apm_memperf_collect_interval","set":5},{"opt":"apm_netperf_sampling_rate","set":5},{"opt":"apm_patrace_switch_rate","set":5},{"opt":"record_accumulation_time","set":60,"lt":"memperf"},{"opt":"apm_memperf_sampling_rate","set":0},{"opt":"apm_crash_user_upload_type","set":1},{"opt":"apm_memperf_collect_max_period_sec","set":600},{"opt":"apm_net_state","set":0},{"opt":"apm_startperf_sampling_rate","set":5},{"opt":"apm_crash_user_max_count","set":20},{"opt":"apm_oom_sampling_rate","set":5},{"opt":"apm_native_h5_state","set":0}]}]},"stm":1684351429,"cver":1651209273}
05-18 03:23:48.486 20788 21112 I efs.config: efs config is {"msg":"成功","code":0,"cip":"127.0.0.1","config":{"common":{"updateInteval":480,"gate_way_https":true},"app_configs":[{"conditions":[{"val":"0.0.0.0","opc":">=","fld":"ver"}],"actions":[{"opt":"apm_mem_state","set":0},{"opt":"apm_oom_state","set":0},{"opt":"apm_native_h5perf_sampling_rate","set":5},{"opt":"apm_memperf_collect_interval","set":5},{"opt":"apm_netperf_sampling_rate","set":5},{"opt":"apm_patrace_switch_rate","set":5},{"opt":"record_accumulation_time","set":60,"lt":"memperf"},{"opt":"apm_memperf_sampling_rate","set":0},{"opt":"apm_crash_user_upload_type","set":1},{"opt":"apm_memperf_collect_max_period_sec","set":600},{"opt":"apm_net_state","set":0},{"opt":"apm_startperf_sampling_rate","set":5},{"opt":"apm_crash_user_max_count","set":20},{"opt":"apm_oom_sampling_rate","set":5},{"opt":"apm_native_h5_state","set":0}]}]},"stm":1684351429,"cver":1651209273}
05-18 03:23:48.491 20788 21126 I efs.base: lt=event`ev_ct=efs_core`ev_ac=config_coverage`tm=2023-05-18 03:23:48`dn=1ae3a486-7cd9-40a5-aed7-c836621681e5`ps=com.quzhuan.app`um_os=android`stime=1684351412199`pid=20788`fr=android`pkg=com.quzhuan.app`cver=1651209273`vcode=332`dsp_w=1080`uid=1ae3a486-7cd9-40a5-aed7-c836621681e5`rom=9`wid=1ae3a486-7cd9-40a5-aed7-c836621681e5`um_app_carrier=中国移动`um_app_channel=anzhi`ctime=1684351428`model=mi-6x`lang=zh`net=wifi`brand=xiaomi`dsp_h=2030`ver=3.3.2`w_tm=1684351428`appid=5cff4169570df358890009f1`um_umid_header=null`sdk=28`tzone=Asia/Shanghai`sdk_ver=1.3.3.umeng
05-18 03:23:48.505 20788 21112 I efs.config: current config version (-1) is older than another (1651209273)
05-18 03:23:48.511 20788 20788 I efs.config: --->>> configCallback key is apm_patrace_switch_rate ## value is 5
05-18 03:23:48.711 20788 20802 I com.quzhuan.ap: Background concurrent copying GC freed 137009(6MB) AllocSpace objects, 33(1348KB) LOS objects, 49% free, 8MB/17MB, paused 254us total 137.429ms
05-18 03:23:49.118 20788 21137 I TDLog   : [APP] Submit local data to collector server ...
05-18 03:23:49.253 20788 21137 I TDLog   : [APP] Data submitted successfully!
05-18 03:23:51.288  2133  2143 I system_server: Background concurrent copying GC freed 372287(18MB) AllocSpace objects, 23(588KB) LOS objects, 42% free, 25MB/44MB, paused 149us total 128.737ms
05-18 03:23:52.118  2599  4166 I DPMJ    : |REQ:RCVR| DPM creating socket
05-18 03:23:52.245 21476 21476 F linker  : CANNOT LINK EXECUTABLE "/system/bin/dpmd": "/system/lib64/libdpmframework.so" is 32-bit instead of 64-bit
05-18 03:23:46.135  2133  4669 I SplashScreenServiceDelegate: None for com.quzhuan.app
05-18 03:23:53.148  2133  2167 E UsbDeviceManager: handle message = 9
05-18 03:23:53.148  2429  2429 I MiuiChargeController: checkBatteryStatus: chargeType 11 status 2 plugged 2 isRapidCharge false isSuperCharge false isCarMode false mChargeDeviceType -1 mChargeDeviceForAnalytic -1
05-18 03:23:53.148  2429  2429 I MiuiChargeManager: checkBatteryStatus:  mChargeState 11 mChargeSpeed 0 mBatteryLevel 100 mChargeDeviceType -1 mIsCarMode false mWirelessChargeState -1
05-18 03:23:53.150  3705  3705 I BatteryInfoReceiver: ACTION_BATTERY_CHANGED
05-18 03:23:53.337 20788 21126 I efs.base: lt=event`ev_ct=efs_core`ev_ac=log_lag`tm=2023-05-18 03:23:33`dn=1ae3a486-7cd9-40a5-aed7-c836621681e5`ps=com.quzhuan.app`um_os=android`stime=1684351412199`pid=20788`fr=android`pkg=com.quzhuan.app`vcode=332`dsp_w=1080`uid=1ae3a486-7cd9-40a5-aed7-c836621681e5`rom=9`wid=1ae3a486-7cd9-40a5-aed7-c836621681e5`um_app_carrier=中国移动`um_app_channel=anzhi`ctime=1684351433`model=mi-6x`lang=zh`net=wifi`brand=xiaomi`dsp_h=2030`ver=3.3.2`cnt=0`w_tm=1684351433`appid=5cff4169570df358890009f1`um_umid_header=null`sdk=28`tzone=Asia/Shanghai`sdk_ver=1.3.3.umeng
05-18 03:23:54.142 20788 21170 I TeaLog  : r worked:false 180000
05-18 03:23:56.119  2599  4166 I DPMJ    : |REQ:RCVR| DPM creating socket
05-18 03:23:56.417  3705  3705 I BatteryInfoReceiver: ACTION_BATTERY_CHANGED
05-18 03:23:56.417  2429  2429 I MiuiChargeController: checkBatteryStatus: chargeType 11 status 2 plugged 2 isRapidCharge false isSuperCharge false isCarMode false mChargeDeviceType -1 mChargeDeviceForAnalytic -1
05-18 03:23:56.418  2429  2429 I MiuiChargeManager: checkBatteryStatus:  mChargeState 11 mChargeSpeed 0 mBatteryLevel 100 mChargeDeviceType -1 mIsCarMode false mWirelessChargeState -1
05-18 03:23:57.269 21535 21535 F linker  : CANNOT LINK EXECUTABLE "/system/bin/dpmd": "/system/lib64/libdpmframework.so" is 32-bit instead of 64-bit
05-18 03:23:58.042 21546 21546 I app_process: The ClassLoaderContext is a special shared library.
05-18 03:23:58.069 21546 21546 E libc    : Access denied finding property "ro.vendor.at_library"
05-18 03:23:58.060 21546 21546 W main    : type=1400 audit(0.0:105032): avc: denied { read } for name="u:object_r:vendor_mpctl_prop:s0" dev="tmpfs" ino=12459 scontext=u:r:shell:s0 tcontext=u:object_r:vendor_mpctl_prop:s0 tclass=file permissive=0
05-18 03:23:58.103 21546 21546 I Input   : injectMotionEvent: MotionEvent { action=ACTION_DOWN, actionButton=0, id[0]=0, x[0]=539.0, y[0]=972.0, toolType[0]=TOOL_TYPE_UNKNOWN, buttonState=0, metaState=0, flags=0x0, edgeFlags=0x0, pointerCount=1, historySize=0, eventTime=64647993, downTime=64647993, deviceId=7, source=0x1002 }
05-18 03:23:58.121 21546 21546 I Input   : injectMotionEvent: MotionEvent { action=ACTION_MOVE, actionButton=0, id[0]=0, x[0]=539.0, y[0]=972.0, toolType[0]=TOOL_TYPE_UNKNOWN, buttonState=0, metaState=0, flags=0x0, edgeFlags=0x0, pointerCount=1, historySize=0, eventTime=64647993, downTime=64647993, deviceId=7, source=0x1002 }
05-18 03:23:58.135 21546 21546 I Input   : injectMotionEvent: MotionEvent { action=ACTION_MOVE, actionButton=0, id[0]=0, x[0]=539.0, y[0]=972.0, toolType[0]=TOOL_TYPE_UNKNOWN, buttonState=0, metaState=0, flags=0x0, edgeFlags=0x0, pointerCount=1, historySize=0, eventTime=64648051, downTime=64648051, deviceId=7, source=0x1002 }
05-18 03:23:58.149 21546 21546 I Input   : injectMotionEvent: MotionEvent { action=ACTION_MOVE, actionButton=0, id[0]=0, x[0]=539.0, y[0]=972.0, toolType[0]=TOOL_TYPE_UNKNOWN, buttonState=0, metaState=0, flags=0x0, edgeFlags=0x0, pointerCount=1, historySize=0, eventTime=64648065, downTime=64648065, deviceId=7, source=0x1002 }
05-18 03:23:58.166 21546 21546 I Input   : injectMotionEvent: MotionEvent { action=ACTION_MOVE, actionButton=0, id[0]=0, x[0]=539.0, y[0]=972.0, toolType[0]=TOOL_TYPE_UNKNOWN, buttonState=0, metaState=0, flags=0x0, edgeFlags=0x0, pointerCount=1, historySize=0, eventTime=64648081, downTime=64648081, deviceId=7, source=0x1002 }
05-18 03:23:58.183 21546 21546 I Input   : injectMotionEvent: MotionEvent { action=ACTION_MOVE, actionButton=0, id[0]=0, x[0]=539.0, y[0]=972.0, toolType[0]=TOOL_TYPE_UNKNOWN, buttonState=0, metaState=0, flags=0x0, edgeFlags=0x0, pointerCount=1, historySize=0, eventTime=64648098, downTime=64648098, deviceId=7, source=0x1002 }
05-18 03:23:58.200 21546 21546 I Input   : injectMotionEvent: MotionEvent { action=ACTION_MOVE, actionButton=0, id[0]=0, x[0]=539.0, y[0]=972.0, toolType[0]=TOOL_TYPE_UNKNOWN, buttonState=0, metaState=0, flags=0x0, edgeFlags=0x0, pointerCount=1, historySize=0, eventTime=64648115, downTime=64648115, deviceId=7, source=0x1002 }
05-18 03:23:58.219 21546 21546 I Input   : injectMotionEvent: MotionEvent { action=ACTION_MOVE, actionButton=0, id[0]=0, x[0]=539.0, y[0]=972.0, toolType[0]=TOOL_TYPE_UNKNOWN, buttonState=0, metaState=0, flags=0x0, edgeFlags=0x0, pointerCount=1, historySize=0, eventTime=64648134, downTime=64648134, deviceId=7, source=0x1002 }
05-18 03:23:58.237 21546 21546 I Input   : injectMotionEvent: MotionEvent { action=ACTION_MOVE, actionButton=0, id[0]=0, x[0]=539.0, y[0]=972.0, toolType[0]=TOOL_TYPE_UNKNOWN, buttonState=0, metaState=0, flags=0x0, edgeFlags=0x0, pointerCount=1, historySize=0, eventTime=64648152, downTime=64648152, deviceId=7, source=0x1002 }
05-18 03:23:58.253 21546 21546 I Input   : injectMotionEvent: MotionEvent { action=ACTION_MOVE, actionButton=0, id[0]=0, x[0]=539.0, y[0]=972.0, toolType[0]=TOOL_TYPE_UNKNOWN, buttonState=0, metaState=0, flags=0x0, edgeFlags=0x0, pointerCount=1, historySize=0, eventTime=64648168, downTime=64648168, deviceId=7, source=0x1002 }
05-18 03:23:58.270 21546 21546 I Input   : injectMotionEvent: MotionEvent { action=ACTION_MOVE, actionButton=0, id[0]=0, x[0]=539.0, y[0]=972.0, toolType[0]=TOOL_TYPE_UNKNOWN, buttonState=0, metaState=0, flags=0x0, edgeFlags=0x0, pointerCount=1, historySize=0, eventTime=64648185, downTime=64648185, deviceId=7, source=0x1002 }
05-18 03:23:58.287 21546 21546 I Input   : injectMotionEvent: MotionEvent { action=ACTION_UP, actionButton=0, id[0]=0, x[0]=539.0, y[0]=972.0, toolType[0]=TOOL_TYPE_UNKNOWN, buttonState=0, metaState=0, flags=0x0, edgeFlags=0x0, pointerCount=1, historySize=0, eventTime=64648202, downTime=64648202, deviceId=7, source=0x1002 }
05-18 03:23:58.386 20788 21107 I crashsdk: crashsdk uploading logs
05-18 03:23:56.417  2133  2167 E UsbDeviceManager: handle message = 9
05-18 03:23:58.428 20788 20788 I Timeline: Timeline: Activity_launch_request time:64648342 intent:Intent { flg=0x10000000 cmp=com.quzhuan.app/com.lexing.module.ui.activity.LXLoginActivity (has extras) }
05-18 03:23:58.429  2133  3191 I SplashScreenServiceDelegate: None for com.quzhuan.app
05-18 03:23:58.430  2133  3191 I ActivityManager: START u0 {flg=0x10000000 cmp=com.quzhuan.app/com.lexing.module.ui.activity.LXLoginActivity (has extras)} from uid 10239
05-18 03:23:58.434  2133  3191 E ActivityTrigger: activityStartTrigger: not whiteListedcom.quzhuan.app/com.lexing.module.ui.activity.LXLoginActivity/332
05-18 03:23:58.436  2133  3191 E ActivityTrigger: activityResumeTrigger: not whiteListedcom.quzhuan.app/com.lexing.module.ui.activity.LXLoginActivity/332
05-18 03:23:58.437   786   816 E ANDR-PERF-MPCTL: Invalid profile no. 0, total profiles 0 only
05-18 03:23:58.539  2429  2429 I MiuiChargeController: checkBatteryStatus: chargeType 11 status 2 plugged 2 isRapidCharge false isSuperCharge false isCarMode false mChargeDeviceType -1 mChargeDeviceForAnalytic -1
05-18 03:23:58.540  2429  2429 I MiuiChargeManager: checkBatteryStatus:  mChargeState 11 mChargeSpeed 0 mBatteryLevel 100 mChargeDeviceType -1 mIsCarMode false mWirelessChargeState -1
05-18 03:23:58.540  2133  2167 E UsbDeviceManager: handle message = 9
05-18 03:23:58.542  3705  3705 I BatteryInfoReceiver: ACTION_BATTERY_CHANGED
05-18 03:23:58.648   814  2892 W SurfaceFlinger: Attempting to set client state on removed layer: com.quzhuan.app/com.lezou.app.view.activity.MainActivity#1
05-18 03:23:58.648   814  2892 W SurfaceFlinger: Attempting to set client state on removed layer: Dim Layer for - Task=638#0
05-18 03:23:58.648   814  2892 W SurfaceFlinger: Attempting to destroy on removed layer: com.quzhuan.app/com.lezou.app.view.activity.MainActivity#1
05-18 03:23:58.648   814  2892 W SurfaceFlinger: Attempting to destroy on removed layer: Dim Layer for - Task=638#0
05-18 03:23:58.798 20788 20788 W Looper  : Slow Looper main: doFrame is 365ms late because of 4 msg, msg 3 took 320ms (seq=531 late=45ms h=android.view.AccessibilityInteractionController$PrivateHandler w=2)
05-18 03:23:58.818  2133  3191 E ActivityTrigger: activityResumeTrigger: not whiteListedcom.quzhuan.app/com.lexing.module.ui.activity.LXLoginActivity/332
05-18 03:23:58.825  2133  3191 I Timeline: Timeline: App_transition_ready time:64648741
05-18 03:23:58.830 20788 20788 W Looper  : Slow Looper main: Activity com.quzhuan.app/com.lezou.app.view.activity.MainActivity is 360ms late (wall=27ms running=0ms ClientTransaction{ lifecycleRequest=android.app.servertransaction.PauseActivityItem }) because of 6 msg, msg 3 took 320ms (seq=531 late=45ms h=android.view.AccessibilityInteractionController$PrivateHandler w=2)
05-18 03:23:58.851 20788 20868 I TDLog   : onPageEnd being called! pageName: com.lezou.app.view.activity.MainActivity
