05-18 03:23:25.299 20788 20788 I ARouter::: VM with name 'Android' has multidex support
05-18 03:23:25.299 20788 20824 W com.quzhuan.ap: Opening an oat file without a class loader. Are you using the deprecated DexFile APIs?
05-18 03:23:25.301 20788 20824 W com.quzhuan.ap: Skipping duplicate class check due to unsupported classloader
05-18 03:23:25.314  2133  2210 I Timeline: Timeline: App_transition_stopped time:64615229
05-18 03:23:25.365 20788 20788 W MicroMsg.SDK.WXApiImplV10: context is not instanceof Activity or Service, disable WXStat
05-18 03:23:25.416 23437 20832 E libc    : Access denied finding property "net.dns1"
05-18 03:23:25.416 23437 20832 E libc    : Access denied finding property "net.dns2"
05-18 03:23:25.433 23437 20836 E libc    : Access denied finding property "net.dns1"
05-18 03:23:25.433 23437 20836 E libc    : Access denied finding property "net.dns2"
05-18 03:23:25.464 20788 20839 I com.quzhuan.ap: The ClassLoaderContext is a special shared library.
05-18 03:23:25.460 20788 20788 W Binder:intercep: type=1400 audit(0.0:104930): avc: denied { getattr } for path="/data/data/com.miui.contentcatcher" dev="dm-2" ino=1179900 scontext=u:r:untrusted_app:s0:c239,c256,c512,c768 tcontext=u:object_r:system_app_data_file:s0 tclass=dir permissive=0
05-18 03:23:25.470  3705  4033 I TrafficManageService: mina mTrafficStatsReceiver onReceive
05-18 03:23:25.470 20788 20788 W Binder:intercep: type=1400 audit(0.0:104931): avc: denied { getattr } for path="/data/data/com.miui.catcherpatch" dev="dm-2" ino=1310928 scontext=u:r:untrusted_app:s0:c239,c256,c512,c768 tcontext=u:object_r:system_app_data_file:s0 tclass=dir permissive=0
05-18 03:23:25.477 20788 20839 I ContentCatcher: ViewContentFetcher : ViewContentFetcher
05-18 03:23:25.560 20788 20788 W Thread-3: type=1400 audit(0.0:104932): avc: denied { read } for name="drivers" dev="proc" ino=4026531853 scontext=u:r:untrusted_app:s0:c239,c256,c512,c768 tcontext=u:object_r:proc_tty_drivers:s0 tclass=file permissive=0
05-18 03:23:25.682 23437 20859 E libc    : Access denied finding property "net.dns1"
05-18 03:23:25.682 23437 20859 E libc    : Access denied finding property "net.dns2"
05-18 03:23:25.709 20788 20788 E TDLog   : SDK have not been initialized
05-18 03:23:25.715 20788 20788 W Looper  : Slow Looper main: Activity com.quzhuan.app/com.lezou.app.view.activity.SplashActivity is 508ms late (wall=339ms running=0ms ClientTransaction{ callbacks=[android.app.servertransaction.LaunchActivityItem] lifecycleRequest=android.app.servertransaction.ResumeActivityItem }) because of 2 msg, msg 2 took 507ms (seq=2 late=3ms h=android.app.ActivityThread$H w=110)
05-18 03:23:25.731 20788 20854 I Adreno  : QUALCOMM build                   : cf57c9c, I1cb5c4d1cc
05-18 03:23:25.731 20788 20854 I Adreno  : Build Date                       : 09/23/18
05-18 03:23:25.731 20788 20854 I Adreno  : OpenGL ES Shader Compiler Version: EV031.25.03.01
05-18 03:23:25.731 20788 20854 I Adreno  : Local Branch                     : 
05-18 03:23:25.731 20788 20854 I Adreno  : Remote Branch                    : 
05-18 03:23:25.731 20788 20854 I Adreno  : Remote Branch                    : 
05-18 03:23:25.731 20788 20854 I Adreno  : Reconstruct Branch               : 
05-18 03:23:25.731 20788 20854 I Adreno  : Build Config                     : S L 6.0.7 AArch64
05-18 03:23:25.737 20788 20854 I Adreno  : PFP: 0x005ff112, ME: 0x005ff066
05-18 03:23:25.742 20788 20854 I ConfigStore: android::hardware::configstore::V1_0::ISurfaceFlingerConfigs::hasWideColorDisplay retrieved: 0
05-18 03:23:25.742 20788 20854 I ConfigStore: android::hardware::configstore::V1_0::ISurfaceFlingerConfigs::hasHDRDisplay retrieved: 0
05-18 03:23:25.743 20788 20854 I OpenGLRenderer: Initialized EGL, version 1.4
05-18 03:23:25.786  3705  4033 I TrafficManageService: mina mTrafficStatsReceiver onReceive
05-18 03:23:25.885  2133  2169 I ActivityManager: Displayed com.quzhuan.app/com.lezou.app.view.activity.SplashActivity: +1s92ms
05-18 03:23:25.880  2133  2133 W android.display: type=1400 audit(0.0:104933): avc: denied { write } for name="logd" dev="tmpfs" ino=4995 scontext=u:r:system_server:s0 tcontext=u:object_r:logd_socket:s0 tclass=sock_file permissive=0
05-18 03:23:25.886  2133  2169 I Timeline: Timeline: Activity_windows_visible id: ActivityRecord{9923698 u0 com.quzhuan.app/com.lezou.app.view.activity.SplashActivity t637} time:64615802
05-18 03:23:25.933  2133  2208 I SplashScreenServiceDelegate: None for com.quzhuan.app
05-18 03:23:25.950  3472  3721 I HideModeStateMachine: Uid: 10030 State: inactive_level_1st |-> startRun
05-18 03:23:25.950  3472  3721 I HideModeStateMachine: Uid: 10030 State: inactive_level_1st Feature: location |-> startRun
05-18 03:23:25.950  3472  3721 I HideModeStateMachine: Uid: 10030 State: inactive_level_1st Feature: location |-> setActive
05-18 03:23:25.950  3472  3721 I HideModeStateMachine: Uid: 10030 State: inactive_level_1st Feature: sensor |-> startRun
05-18 03:23:25.950  3472  3721 I HideModeStateMachine: Uid: 10030 State: inactive_level_1st Feature: sensor |-> setActive
05-18 03:23:25.959  3705  4033 I TrafficManageService: mina mTrafficStatsReceiver onReceive
05-18 03:23:25.992  3705  4033 I TrafficManageService: mina mTrafficStatsReceiver onReceive
05-18 03:23:26.046   814  2892 W SurfaceFlinger: Attempting to set client state on removed layer: Splash Screen com.quzhuan.app#0
05-18 03:23:26.046   814  2892 W SurfaceFlinger: Attempting to destroy on removed layer: Splash Screen com.quzhuan.app#0
05-18 03:23:26.167  3705  4033 I TrafficManageService: mina mTrafficStatsReceiver onReceive
05-18 03:23:26.393  3705  4033 I TrafficManageService: mina mTrafficStatsReceiver onReceive
05-18 03:23:26.428  2133  2167 E UsbDeviceManager: handle message = 9
05-18 03:23:26.429  3705  3705 I BatteryInfoReceiver: ACTION_BATTERY_CHANGED
05-18 03:23:26.429  2429  2429 I MiuiChargeController: checkBatteryStatus: chargeType 11 status 2 plugged 2 isRapidCharge false isSuperCharge false isCarMode false mChargeDeviceType -1 mChargeDeviceForAnalytic -1
05-18 03:23:26.429  2429  2429 I MiuiChargeManager: checkBatteryStatus:  mChargeState 11 mChargeSpeed 0 mBatteryLevel 100 mChargeDeviceType -1 mIsCarMode false mWirelessChargeState -1
05-18 03:23:26.430  2429  2429 I KeyguardIndication: updateIndication: mVisible false mDozing false mTransientIndication null mPowerPluggedIn true mUpArrowIndication 上滑解锁
05-18 03:23:26.627  3705  4033 I TrafficManageService: mina mTrafficStatsReceiver onReceive
05-18 03:23:26.876  3705  4033 I TrafficManageService: mina mTrafficStatsReceiver onReceive
05-18 03:23:27.128  3705  4033 I TrafficManageService: mina mTrafficStatsReceiver onReceive
05-18 03:23:27.192 20887 20887 F linker  : CANNOT LINK EXECUTABLE "/system/bin/dpmd": "/system/lib64/libdpmframework.so" is 32-bit instead of 64-bit
05-18 03:23:27.265  3705  4033 I TrafficManageService: mina mTrafficStatsReceiver onReceive
05-18 03:23:27.489  3705  4033 I TrafficManageService: mina mTrafficStatsReceiver onReceive
05-18 03:23:27.717  3705  4033 I TrafficManageService: mina mTrafficStatsReceiver onReceive
05-18 03:23:28.084  3705  4033 I TrafficManageService: mina mTrafficStatsReceiver onReceive
05-18 03:23:28.087  2599  4166 I DPMJ    : |REQ:RCVR| DPM creating socket
05-18 03:23:28.280  3705  4033 I TrafficManageService: mina mTrafficStatsReceiver onReceive
05-18 03:23:28.524  3705  4033 I TrafficManageService: mina mTrafficStatsReceiver onReceive
05-18 03:23:28.763  3705  4033 I TrafficManageService: mina mTrafficStatsReceiver onReceive
05-18 03:23:29.006  3705  4033 I TrafficManageService: mina mTrafficStatsReceiver onReceive
05-18 03:23:29.208  3705  4033 I TrafficManageService: mina mTrafficStatsReceiver onReceive
05-18 03:23:29.452  3705  4033 I TrafficManageService: mina mTrafficStatsReceiver onReceive
05-18 03:23:29.650  3705  4033 I TrafficManageService: mina mTrafficStatsReceiver onReceive
05-18 03:23:29.905  3705  4033 I TrafficManageService: mina mTrafficStatsReceiver onReceive
05-18 03:23:30.177  3705  4033 I TrafficManageService: mina mTrafficStatsReceiver onReceive
05-18 03:23:30.245  3423 20905 W System.err: java.net.SocketException: Broken pipe
05-18 03:23:30.246  3423 20905 W System.err: 	at java.net.SocketOutputStream.socketWrite0(Native Method)
05-18 03:23:30.246  3423 20905 W System.err: 	at java.net.SocketOutputStream.socketWrite(SocketOutputStream.java:117)
05-18 03:23:30.246  3423 20905 W System.err: 	at java.net.SocketOutputStream.write(SocketOutputStream.java:149)
05-18 03:23:30.246  3423 20905 W System.err: 	at io.github.privacystreams.utils.PSDebugSocketServer$SocketSendThread.run(PSDebugSocketServer.java:119)
05-18 03:23:30.341  3705  4033 I TrafficManageService: mina mTrafficStatsReceiver onReceive
05-18 03:23:30.620  3705  4033 I TrafficManageService: mina mTrafficStatsReceiver onReceive
05-18 03:23:30.880  3705  4033 I TrafficManageService: mina mTrafficStatsReceiver onReceive
05-18 03:23:31.155  3705  4033 I TrafficManageService: mina mTrafficStatsReceiver onReceive
05-18 03:23:31.399  3705  4033 I TrafficManageService: mina mTrafficStatsReceiver onReceive
05-18 03:23:31.644  3705  4033 I TrafficManageService: mina mTrafficStatsReceiver onReceive
05-18 03:23:31.978  3705  4033 I TrafficManageService: mina mTrafficStatsReceiver onReceive
05-18 03:23:32.089  2599  4166 I DPMJ    : |REQ:RCVR| DPM creating socket
05-18 03:23:32.100  2133  2143 I system_server: Background concurrent copying GC freed 384007(20MB) AllocSpace objects, 72(2016KB) LOS objects, 42% free, 25MB/45MB, paused 149us total 133.092ms
05-18 03:23:32.203 20946 20946 F linker  : CANNOT LINK EXECUTABLE "/system/bin/dpmd": "/system/lib64/libdpmframework.so" is 32-bit instead of 64-bit
05-18 03:23:32.231  3705  4033 I TrafficManageService: mina mTrafficStatsReceiver onReceive
05-18 03:23:32.496  3705  4033 I TrafficManageService: mina mTrafficStatsReceiver onReceive
05-18 03:23:32.749  3705  4033 I TrafficManageService: mina mTrafficStatsReceiver onReceive
05-18 03:23:32.901 20788 20808 I com.quzhuan.ap: ProcessProfilingInfo new_methods=16 is saved saved_to_disk=1 resolve_classes_delay=8000
05-18 03:23:33.056  3705  4033 I TrafficManageService: mina mTrafficStatsReceiver onReceive
05-18 03:23:33.346  3705  4033 I TrafficManageService: mina mTrafficStatsReceiver onReceive
05-18 03:23:33.591  3705  4033 I TrafficManageService: mina mTrafficStatsReceiver onReceive
05-18 03:23:33.832  3705  4033 I TrafficManageService: mina mTrafficStatsReceiver onReceive
05-18 03:23:33.968  2133  8252 I PackageManager.DexOptimizer: Running dexopt (dexoptNeeded=-3) on: /data/app/com.quzhuan.app-g2s4XnB65tRAvcyJw3Yduw==/base.apk pkg=com.quzhuan.app isa=arm64 dexoptFlags=boot_complete,profile_guided,enable_hidden_api_checks targetFilter=speed-profile oatDir=/data/app/com.quzhuan.app-g2s4XnB65tRAvcyJw3Yduw==/oat classLoaderContext=PCL[/system/framework/org.apache.http.legacy.boot.jar]
05-18 03:23:34.027 20971 20971 I dex2oat : /system/bin/dex2oat --input-vdex-fd=20 --output-vdex-fd=21 --compiler-filter=speed-profile -j6 --profile-file-fd=24 --classpath-dir=/data/app/com.quzhuan.app-g2s4XnB65tRAvcyJw3Yduw== --class-loader-context=PCL[/system/framework/org.apache.http.legacy.boot.jar] --generate-mini-debug-info --compilation-reason=unknown
05-18 03:23:34.085  3705  4033 I TrafficManageService: mina mTrafficStatsReceiver onReceive
05-18 03:23:34.362 23437 20982 E libc    : Access denied finding property "net.dns1"
05-18 03:23:34.362 23437 20982 E libc    : Access denied finding property "net.dns2"
05-18 03:23:34.386  3705  4033 I TrafficManageService: mina mTrafficStatsReceiver onReceive
05-18 03:23:34.693  3705  4033 I TrafficManageService: mina mTrafficStatsReceiver onReceive
05-18 03:23:35.010  3705  4033 I TrafficManageService: mina mTrafficStatsReceiver onReceive
05-18 03:23:35.243  3705  4033 I TrafficManageService: mina mTrafficStatsReceiver onReceive
05-18 03:23:35.436 20971 20971 I dex2oat : Explicit concurrent copying GC freed 31(111KB) AllocSpace objects, 0(0B) LOS objects, 99% free, 912B/1536KB, paused 74us total 10.122ms
05-18 03:23:35.470   775   775 W memtrack@1.0-se: type=1400 audit(0.0:104934): avc: denied { read } for name="mem" dev="debugfs" ino=18698935 scontext=u:r:hal_memtrack_default:s0 tcontext=u:object_r:qti_debugfs:s0 tclass=file permissive=0
05-18 03:23:35.480   775   775 W memtrack@1.0-se: type=1400 audit(0.0:104935): avc: denied { read } for name="mem" dev="debugfs" ino=18698935 scontext=u:r:hal_memtrack_default:s0 tcontext=u:object_r:qti_debugfs:s0 tclass=file permissive=0
05-18 03:23:35.568  3705  4033 I TrafficManageService: mina mTrafficStatsReceiver onReceive
05-18 03:23:35.571 20971 20971 I dex2oat : dex2oat took 1.548s (1.473s cpu) (threads: 6) arena alloc=10KB (10856B) java alloc=16KB (17296B) native alloc=1240KB (1270264B) free=2MB (2924040B)
05-18 03:23:35.587  2133  8252 I com.android.server.pm.PackageManagerServiceInjector: FirstUseActivity Pinning optimized code com.quzhuan.app
05-18 03:23:35.816  3705  4033 I TrafficManageService: mina mTrafficStatsReceiver onReceive
05-18 03:23:36.061  3705  4033 I TrafficManageService: mina mTrafficStatsReceiver onReceive
05-18 03:23:36.091  2599  4166 I DPMJ    : |REQ:RCVR| DPM creating socket
05-18 03:23:36.312  3705  4033 I TrafficManageService: mina mTrafficStatsReceiver onReceive
05-18 03:23:36.581  3705  4033 I TrafficManageService: mina mTrafficStatsReceiver onReceive
05-18 03:23:36.891  3705  4033 I TrafficManageService: mina mTrafficStatsReceiver onReceive
05-18 03:23:37.160  3705  4033 I TrafficManageService: mina mTrafficStatsReceiver onReceive
05-18 03:23:37.212 21005 21005 F linker  : CANNOT LINK EXECUTABLE "/system/bin/dpmd": "/system/lib64/libdpmframework.so" is 32-bit instead of 64-bit
05-18 03:23:37.334  3705  4033 I TrafficManageService: mina mTrafficStatsReceiver onReceive
05-18 03:23:37.354  3423  3490 I mit.droidbotap: Background concurrent copying GC freed 202048(7MB) AllocSpace objects, 299(17MB) LOS objects, 35% free, 43MB/67MB, paused 304us total 143.226ms
05-18 03:23:37.611  3705  4033 I TrafficManageService: mina mTrafficStatsReceiver onReceive
05-18 03:23:37.626  5123 21011 E BitmapFactory: Unable to decode stream: java.io.FileNotFoundException: /storage/emulated/0/screen_2023-05-18_032337.png (No such file or directory)
05-18 03:23:37.886  3705  4033 I TrafficManageService: mina mTrafficStatsReceiver onReceive
05-18 03:23:38.178  3705  4033 I TrafficManageService: mina mTrafficStatsReceiver onReceive
05-18 03:23:38.390  3705  4033 I TrafficManageService: mina mTrafficStatsReceiver onReceive
05-18 03:23:38.633  3705  4033 I TrafficManageService: mina mTrafficStatsReceiver onReceive
05-18 03:23:38.833  3705  4033 I TrafficManageService: mina mTrafficStatsReceiver onReceive
05-18 03:23:39.076  3705  4033 I TrafficManageService: mina mTrafficStatsReceiver onReceive
05-18 03:23:39.336  3705  4033 I TrafficManageService: mina mTrafficStatsReceiver onReceive
05-18 03:23:39.581  3705  4033 I TrafficManageService: mina mTrafficStatsReceiver onReceive
05-18 03:23:39.821  3705  4033 I TrafficManageService: mina mTrafficStatsReceiver onReceive
05-18 03:23:40.097  2599  4166 I DPMJ    : |REQ:RCVR| DPM creating socket
05-18 03:23:40.141  3705  4033 I TrafficManageService: mina mTrafficStatsReceiver onReceive
05-18 03:23:40.451  3705  4033 I TrafficManageService: mina mTrafficStatsReceiver onReceive
05-18 03:23:40.719  3705  4033 I TrafficManageService: mina mTrafficStatsReceiver onReceive
05-18 03:23:40.989  3705  4033 I TrafficManageService: mina mTrafficStatsReceiver onReceive
05-18 03:23:41.306  3705  4033 I TrafficManageService: mina mTrafficStatsReceiver onReceive
05-18 03:23:41.638  3705  4033 I TrafficManageService: mina mTrafficStatsReceiver onReceive
05-18 03:23:42.091  3705  4033 I TrafficManageService: mina mTrafficStatsReceiver onReceive
05-18 03:23:42.179  2133  2143 I system_server: Background concurrent copying GC freed 406363(19MB) AllocSpace objects, 28(624KB) LOS objects, 42% free, 25MB/44MB, paused 411us total 178.780ms
05-18 03:23:42.214 21081 21081 F linker  : CANNOT LINK EXECUTABLE "/system/bin/dpmd": "/system/lib64/libdpmframework.so" is 32-bit instead of 64-bit
05-18 03:23:42.573  3705  4033 I TrafficManageService: mina mTrafficStatsReceiver onReceive
05-18 03:23:42.845 21089 21089 I app_process: The ClassLoaderContext is a special shared library.
05-18 03:23:42.868 21089 21089 E libc    : Access denied finding property "ro.vendor.at_library"
05-18 03:23:42.860 21089 21089 W main    : type=1400 audit(0.0:104936): avc: denied { read } for name="u:object_r:vendor_mpctl_prop:s0" dev="tmpfs" ino=12459 scontext=u:r:shell:s0 tcontext=u:object_r:vendor_mpctl_prop:s0 tclass=file permissive=0
05-18 03:23:42.884  3705  4033 I TrafficManageService: mina mTrafficStatsReceiver onReceive
05-18 03:23:42.906 21089 21089 I Input   : injectMotionEvent: MotionEvent { action=ACTION_DOWN, actionButton=0, id[0]=0, x[0]=716.0, y[0]=1480.0, toolType[0]=TOOL_TYPE_UNKNOWN, buttonState=0, metaState=0, flags=0x0, edgeFlags=0x0, pointerCount=1, historySize=0, eventTime=64632793, downTime=64632793, deviceId=7, source=0x1002 }
05-18 03:23:42.911 21089 21089 I Input   : injectMotionEvent: MotionEvent { action=ACTION_MOVE, actionButton=0, id[0]=0, x[0]=716.0, y[0]=1480.0, toolType[0]=TOOL_TYPE_UNKNOWN, buttonState=0, metaState=0, flags=0x0, edgeFlags=0x0, pointerCount=1, historySize=0, eventTime=64632793, downTime=64632793, deviceId=7, source=0x1002 }
05-18 03:23:42.915 21089 21089 I Input   : injectMotionEvent: MotionEvent { action=ACTION_MOVE, actionButton=0, id[0]=0, x[0]=716.0, y[0]=1480.0, toolType[0]=TOOL_TYPE_UNKNOWN, buttonState=0, metaState=0, flags=0x0, edgeFlags=0x0, pointerCount=1, historySize=0, eventTime=64632830, downTime=64632830, deviceId=7, source=0x1002 }
05-18 03:23:42.929 21089 21089 I Input   : injectMotionEvent: MotionEvent { action=ACTION_MOVE, actionButton=0, id[0]=0, x[0]=716.0, y[0]=1480.0, toolType[0]=TOOL_TYPE_UNKNOWN, buttonState=0, metaState=0, flags=0x0, edgeFlags=0x0, pointerCount=1, historySize=0, eventTime=64632844, downTime=64632844, deviceId=7, source=0x1002 }
05-18 03:23:42.945 21089 21089 I Input   : injectMotionEvent: MotionEvent { action=ACTION_MOVE, actionButton=0, id[0]=0, x[0]=716.0, y[0]=1480.0, toolType[0]=TOOL_TYPE_UNKNOWN, buttonState=0, metaState=0, flags=0x0, edgeFlags=0x0, pointerCount=1, historySize=0, eventTime=64632861, downTime=64632861, deviceId=7, source=0x1002 }
05-18 03:23:42.962 21089 21089 I Input   : injectMotionEvent: MotionEvent { action=ACTION_MOVE, actionButton=0, id[0]=0, x[0]=716.0, y[0]=1480.0, toolType[0]=TOOL_TYPE_UNKNOWN, buttonState=0, metaState=0, flags=0x0, edgeFlags=0x0, pointerCount=1, historySize=0, eventTime=64632877, downTime=64632877, deviceId=7, source=0x1002 }
05-18 03:23:42.979 21089 21089 I Input   : injectMotionEvent: MotionEvent { action=ACTION_MOVE, actionButton=0, id[0]=0, x[0]=716.0, y[0]=1480.0, toolType[0]=TOOL_TYPE_UNKNOWN, buttonState=0, metaState=0, flags=0x0, edgeFlags=0x0, pointerCount=1, historySize=0, eventTime=64632894, downTime=64632894, deviceId=7, source=0x1002 }
05-18 03:23:42.996 21089 21089 I Input   : injectMotionEvent: MotionEvent { action=ACTION_MOVE, actionButton=0, id[0]=0, x[0]=716.0, y[0]=1480.0, toolType[0]=TOOL_TYPE_UNKNOWN, buttonState=0, metaState=0, flags=0x0, edgeFlags=0x0, pointerCount=1, historySize=0, eventTime=64632911, downTime=64632911, deviceId=7, source=0x1002 }
05-18 03:23:43.013 21089 21089 I Input   : injectMotionEvent: MotionEvent { action=ACTION_MOVE, actionButton=0, id[0]=0, x[0]=716.0, y[0]=1480.0, toolType[0]=TOOL_TYPE_UNKNOWN, buttonState=0, metaState=0, flags=0x0, edgeFlags=0x0, pointerCount=1, historySize=0, eventTime=64632928, downTime=64632928, deviceId=7, source=0x1002 }
05-18 03:23:43.029 21089 21089 I Input   : injectMotionEvent: MotionEvent { action=ACTION_MOVE, actionButton=0, id[0]=0, x[0]=716.0, y[0]=1480.0, toolType[0]=TOOL_TYPE_UNKNOWN, buttonState=0, metaState=0, flags=0x0, edgeFlags=0x0, pointerCount=1, historySize=0, eventTime=64632944, downTime=64632944, deviceId=7, source=0x1002 }
05-18 03:23:43.046 21089 21089 I Input   : injectMotionEvent: MotionEvent { action=ACTION_MOVE, actionButton=0, id[0]=0, x[0]=716.0, y[0]=1480.0, toolType[0]=TOOL_TYPE_UNKNOWN, buttonState=0, metaState=0, flags=0x0, edgeFlags=0x0, pointerCount=1, historySize=0, eventTime=64632961, downTime=64632961, deviceId=7, source=0x1002 }
05-18 03:23:43.062 21089 21089 I Input   : injectMotionEvent: MotionEvent { action=ACTION_MOVE, actionButton=0, id[0]=0, x[0]=716.0, y[0]=1480.0, toolType[0]=TOOL_TYPE_UNKNOWN, buttonState=0, metaState=0, flags=0x0, edgeFlags=0x0, pointerCount=1, historySize=0, eventTime=64632977, downTime=64632977, deviceId=7, source=0x1002 }
05-18 03:23:43.079 21089 21089 I Input   : injectMotionEvent: MotionEvent { action=ACTION_UP, actionButton=0, id[0]=0, x[0]=716.0, y[0]=1480.0, toolType[0]=TOOL_TYPE_UNKNOWN, buttonState=0, metaState=0, flags=0x0, edgeFlags=0x0, pointerCount=1, historySize=0, eventTime=64632994, downTime=64632994, deviceId=7, source=0x1002 }
05-18 03:23:43.152  3705  4033 I TrafficManageService: mina mTrafficStatsReceiver onReceive
05-18 03:23:43.221 20788 21099 W System.err: java.lang.NullPointerException: Attempt to invoke virtual method 'boolean java.lang.String.equals(java.lang.Object)' on a null object reference
05-18 03:23:43.221 20788 21099 W System.err: 	at com.tencent.smtt.sdk.TbsPVConfig.isEnableNoCoreGray(Unknown Source:13)
05-18 03:23:43.221 20788 21099 W System.err: 	at com.tencent.smtt.sdk.TbsShareManager.getPackageContext(Unknown Source:17)
05-18 03:23:43.221 20788 21099 W System.err: 	at com.tencent.smtt.sdk.TbsShareManager.getSharedTbsCoreVersion(Unknown Source:1)
05-18 03:23:43.221 20788 21099 W System.err: 	at com.tencent.smtt.sdk.TbsDownloader.a(Unknown Source:18)
05-18 03:23:43.221 20788 21099 W System.err: 	at com.tencent.smtt.sdk.TbsDownloader.g(Unknown Source:13)
05-18 03:23:43.221 20788 21099 W System.err: 	at com.tencent.smtt.sdk.TbsDownloader.b(Unknown Source:249)
05-18 03:23:43.221 20788 21099 W System.err: 	at com.tencent.smtt.sdk.TbsDownloader.c(Unknown Source:523)
05-18 03:23:43.221 20788 21099 W System.err: 	at com.tencent.smtt.sdk.TbsDownloader.b(Unknown Source:1)
05-18 03:23:43.221 20788 21099 W System.err: 	at com.tencent.smtt.sdk.TbsDownloader.a(Unknown Source:0)
05-18 03:23:43.221 20788 21099 W System.err: 	at com.tencent.smtt.sdk.aj.handleMessage(Unknown Source:153)
05-18 03:23:43.221 20788 21099 W System.err: 	at android.os.Handler.dispatchMessage(Handler.java:106)
05-18 03:23:43.221 20788 21099 W System.err: 	at android.os.Looper.loop(Looper.java:201)
05-18 03:23:43.221 20788 21099 W System.err: 	at android.os.HandlerThread.run(HandlerThread.java:65)
05-18 03:23:43.222 20788 21099 W System.err: java.lang.NullPointerException: Attempt to invoke virtual method 'boolean java.lang.String.equals(java.lang.Object)' on a null object reference
05-18 03:23:43.222 20788 21099 W System.err: 	at com.tencent.smtt.sdk.TbsPVConfig.isEnableNoCoreGray(Unknown Source:13)
05-18 03:23:43.222 20788 21099 W System.err: 	at com.tencent.smtt.sdk.TbsShareManager.getPackageContext(Unknown Source:17)
05-18 03:23:43.222 20788 21099 W System.err: 	at com.tencent.smtt.sdk.TbsShareManager.getSharedTbsCoreVersion(Unknown Source:1)
05-18 03:23:43.222 20788 21099 W System.err: 	at com.tencent.smtt.sdk.TbsDownloader.a(Unknown Source:18)
05-18 03:23:43.222 20788 21099 W System.err: 	at com.tencent.smtt.sdk.TbsDownloader.g(Unknown Source:13)
05-18 03:23:43.222 20788 21099 W System.err: 	at com.tencent.smtt.sdk.TbsDownloader.b(Unknown Source:249)
05-18 03:23:43.222 20788 21099 W System.err: 	at com.tencent.smtt.sdk.TbsDownloader.c(Unknown Source:523)
05-18 03:23:43.222 20788 21099 W System.err: 	at com.tencent.smtt.sdk.TbsDownloader.b(Unknown Source:1)
05-18 03:23:43.222 20788 21099 W System.err: 	at com.tencent.smtt.sdk.TbsDownloader.a(Unknown Source:0)
05-18 03:23:43.222 20788 21099 W System.err: 	at com.tencent.smtt.sdk.aj.handleMessage(Unknown Source:153)
05-18 03:23:43.222 20788 21099 W System.err: 	at android.os.Handler.dispatchMessage(Handler.java:106)
05-18 03:23:43.222 20788 21099 W System.err: 	at android.os.Looper.loop(Looper.java:201)
05-18 03:23:43.222 20788 21099 W System.err: 	at android.os.HandlerThread.run(HandlerThread.java:65)
05-18 03:23:43.228 20788 21099 W FileUtils: Failed to chmod(/data/user/0/com.tencent.mm/app_tbs): android.system.ErrnoException: chmod failed: EACCES (Permission denied)
05-18 03:23:43.228 20788 21099 W System.err: java.lang.NullPointerException: Attempt to invoke virtual method 'boolean java.lang.String.equals(java.lang.Object)' on a null object reference
05-18 03:23:43.229 20788 21099 W System.err: 	at com.tencent.smtt.sdk.TbsPVConfig.isEnableNoCoreGray(Unknown Source:13)
05-18 03:23:43.229 20788 21099 W System.err: 	at com.tencent.smtt.sdk.TbsShareManager.getPackageContext(Unknown Source:17)
05-18 03:23:43.229 20788 21099 W System.err: 	at com.tencent.smtt.sdk.TbsShareManager.getSharedTbsCoreVersion(Unknown Source:1)
05-18 03:23:43.229 20788 21099 W System.err: 	at com.tencent.smtt.sdk.TbsDownloader.a(Unknown Source:18)
05-18 03:23:43.229 20788 21099 W System.err: 	at com.tencent.smtt.sdk.TbsDownloader.g(Unknown Source:13)
05-18 03:23:43.229 20788 21099 W System.err: 	at com.tencent.smtt.sdk.TbsDownloader.b(Unknown Source:249)
05-18 03:23:43.229 20788 21099 W System.err: 	at com.tencent.smtt.sdk.TbsDownloader.c(Unknown Source:523)
05-18 03:23:43.229 20788 21099 W System.err: 	at com.tencent.smtt.sdk.TbsDownloader.b(Unknown Source:1)
05-18 03:23:43.229 20788 21099 W System.err: 	at com.tencent.smtt.sdk.TbsDownloader.a(Unknown Source:0)
05-18 03:23:43.229 20788 21099 W System.err: 	at com.tencent.smtt.sdk.aj.handleMessage(Unknown Source:153)
05-18 03:23:43.229 20788 21099 W System.err: 	at android.os.Handler.dispatchMessage(Handler.java:106)
05-18 03:23:43.229 20788 21099 W System.err: 	at android.os.Looper.loop(Looper.java:201)
05-18 03:23:43.229 20788 21099 W System.err: 	at android.os.HandlerThread.run(HandlerThread.java:65)
05-18 03:23:43.229 20788 21099 W System.err: java.lang.NullPointerException: Attempt to invoke virtual method 'boolean java.lang.String.equals(java.lang.Object)' on a null object reference
05-18 03:23:43.229 20788 21099 W System.err: 	at com.tencent.smtt.sdk.TbsPVConfig.isEnableNoCoreGray(Unknown Source:13)
05-18 03:23:43.229 20788 21099 W System.err: 	at com.tencent.smtt.sdk.TbsShareManager.getPackageContext(Unknown Source:17)
05-18 03:23:43.229 20788 21099 W System.err: 	at com.tencent.smtt.sdk.TbsShareManager.getSharedTbsCoreVersion(Unknown Source:1)
05-18 03:23:43.229 20788 21099 W System.err: 	at com.tencent.smtt.sdk.TbsDownloader.a(Unknown Source:18)
05-18 03:23:43.240 20788 20788 W com.quzhuan.app: type=1400 audit(0.0:104937): avc: denied { read } for name="version" dev="proc" ino=4026532086 scontext=u:r:untrusted_app:s0:c239,c256,c512,c768 tcontext=u:object_r:proc_version:s0 tclass=file permissive=0
05-18 03:23:43.229 20788 21099 W System.err: 	at com.tencent.smtt.sdk.TbsDownloader.g(Unknown Source:13)
05-18 03:23:43.229 20788 21099 W System.err: 	at com.tencent.smtt.sdk.TbsDownloader.b(Unknown Source:249)
05-18 03:23:43.229 20788 21099 W System.err: 	at com.tencent.smtt.sdk.TbsDownloader.c(Unknown Source:523)
05-18 03:23:43.229 20788 21099 W System.err: 	at com.tencent.smtt.sdk.TbsDownloader.b(Unknown Source:1)
05-18 03:23:43.229 20788 21099 W System.err: 	at com.tencent.smtt.sdk.TbsDownloader.a(Unknown Source:0)
05-18 03:23:43.229 20788 21099 W System.err: 	at com.tencent.smtt.sdk.aj.handleMessage(Unknown Source:153)
05-18 03:23:43.229 20788 21099 W System.err: 	at android.os.Handler.dispatchMessage(Handler.java:106)
05-18 03:23:43.229 20788 21099 W System.err: 	at android.os.Looper.loop(Looper.java:201)
05-18 03:23:43.229 20788 21099 W System.err: 	at android.os.HandlerThread.run(HandlerThread.java:65)
05-18 03:23:43.230 20788 21099 W System.err: java.lang.NullPointerException: Attempt to invoke virtual method 'boolean java.lang.String.equals(java.lang.Object)' on a null object reference
05-18 03:23:43.231 20788 21099 W System.err: 	at com.tencent.smtt.sdk.TbsPVConfig.isEnableNoCoreGray(Unknown Source:13)
05-18 03:23:43.231 20788 21099 W System.err: 	at com.tencent.smtt.sdk.TbsShareManager.getPackageContext(Unknown Source:17)
05-18 03:23:43.231 20788 21099 W System.err: 	at com.tencent.smtt.sdk.TbsShareManager.getCoreShareDecoupleCoreVersion(Unknown Source:1)
05-18 03:23:43.231 20788 21099 W System.err: 	at com.tencent.smtt.sdk.TbsDownloader.a(Unknown Source:99)
05-18 03:23:43.231 20788 21099 W System.err: 	at com.tencent.smtt.sdk.TbsDownloader.g(Unknown Source:13)
05-18 03:23:43.231 20788 21099 W System.err: 	at com.tencent.smtt.sdk.TbsDownloader.b(Unknown Source:249)
05-18 03:23:43.231 20788 21099 W System.err: 	at com.tencent.smtt.sdk.TbsDownloader.c(Unknown Source:523)
05-18 03:23:43.231 20788 21099 W System.err: 	at com.tencent.smtt.sdk.TbsDownloader.b(Unknown Source:1)
05-18 03:23:43.231 20788 21099 W System.err: 	at com.tencent.smtt.sdk.TbsDownloader.a(Unknown Source:0)
05-18 03:23:43.231 20788 21099 W System.err: 	at com.tencent.smtt.sdk.aj.handleMessage(Unknown Source:153)
05-18 03:23:43.231 20788 21099 W System.err: 	at android.os.Handler.dispatchMessage(Handler.java:106)
05-18 03:23:43.231 20788 21099 W System.err: 	at android.os.Looper.loop(Looper.java:201)
05-18 03:23:43.231 20788 21099 W System.err: 	at android.os.HandlerThread.run(HandlerThread.java:65)
05-18 03:23:43.232 20788 21099 W System.err: java.lang.NullPointerException: Attempt to invoke virtual method 'boolean java.lang.String.equals(java.lang.Object)' on a null object reference
05-18 03:23:43.232 20788 21099 W System.err: 	at com.tencent.smtt.sdk.TbsPVConfig.isEnableNoCoreGray(Unknown Source:13)
05-18 03:23:43.232 20788 21099 W System.err: 	at com.tencent.smtt.sdk.TbsShareManager.getPackageContext(Unknown Source:17)
05-18 03:23:43.232 20788 21099 W System.err: 	at com.tencent.smtt.sdk.TbsShareManager.getCoreShareDecoupleCoreVersion(Unknown Source:1)
05-18 03:23:43.232 20788 21099 W System.err: 	at com.tencent.smtt.sdk.TbsDownloader.a(Unknown Source:99)
05-18 03:23:43.232 20788 21099 W System.err: 	at com.tencent.smtt.sdk.TbsDownloader.g(Unknown Source:13)
05-18 03:23:43.232 20788 21099 W System.err: 	at com.tencent.smtt.sdk.TbsDownloader.b(Unknown Source:249)
05-18 03:23:43.232 20788 21099 W System.err: 	at com.tencent.smtt.sdk.TbsDownloader.c(Unknown Source:523)
05-18 03:23:43.232 20788 21099 W System.err: 	at com.tencent.smtt.sdk.TbsDownloader.b(Unknown Source:1)
05-18 03:23:43.232 20788 21099 W System.err: 	at com.tencent.smtt.sdk.TbsDownloader.a(Unknown Source:0)
05-18 03:23:43.232 20788 21099 W System.err: 	at com.tencent.smtt.sdk.aj.handleMessage(Unknown Source:153)
05-18 03:23:43.232 20788 21099 W System.err: 	at android.os.Handler.dispatchMessage(Handler.java:106)
05-18 03:23:43.232 20788 21099 W System.err: 	at android.os.Looper.loop(Looper.java:201)
05-18 03:23:43.232 20788 21099 W System.err: 	at android.os.HandlerThread.run(HandlerThread.java:65)
05-18 03:23:43.232 20788 21099 W System.err: java.lang.NullPointerException: Attempt to invoke virtual method 'boolean java.lang.String.equals(java.lang.Object)' on a null object reference
05-18 03:23:43.233 20788 21099 W System.err: 	at com.tencent.smtt.sdk.TbsPVConfig.isEnableNoCoreGray(Unknown Source:13)
05-18 03:23:43.233 20788 21099 W System.err: 	at com.tencent.smtt.sdk.TbsShareManager.getPackageContext(Unknown Source:17)
05-18 03:23:43.233 20788 21099 W System.err: 	at com.tencent.smtt.sdk.TbsShareManager.getCoreShareDecoupleCoreVersion(Unknown Source:1)
05-18 03:23:43.233 20788 21099 W System.err: 	at com.tencent.smtt.sdk.TbsDownloader.a(Unknown Source:99)
05-18 03:23:43.233 20788 21099 W System.err: 	at com.tencent.smtt.sdk.TbsDownloader.g(Unknown Source:13)
05-18 03:23:43.233 20788 21099 W System.err: 	at com.tencent.smtt.sdk.TbsDownloader.b(Unknown Source:249)
05-18 03:23:43.233 20788 21099 W System.err: 	at com.tencent.smtt.sdk.TbsDownloader.c(Unknown Source:523)
05-18 03:23:43.233 20788 21099 W System.err: 	at com.tencent.smtt.sdk.TbsDownloader.b(Unknown Source:1)
05-18 03:23:43.233 20788 21099 W System.err: 	at com.tencent.smtt.sdk.TbsDownloader.a(Unknown Source:0)
05-18 03:23:43.233 20788 21099 W System.err: 	at com.tencent.smtt.sdk.aj.handleMessage(Unknown Source:153)
05-18 03:23:43.233 20788 21099 W System.err: 	at android.os.Handler.dispatchMessage(Handler.java:106)
05-18 03:23:43.233 20788 21099 W System.err: 	at android.os.Looper.loop(Looper.java:201)
05-18 03:23:43.233 20788 21099 W System.err: 	at android.os.HandlerThread.run(HandlerThread.java:65)
05-18 03:23:43.233 20788 21099 W System.err: java.lang.NullPointerException: Attempt to invoke virtual method 'boolean java.lang.String.equals(java.lang.Object)' on a null object reference
05-18 03:23:43.234 20788 21099 W System.err: 	at com.tencent.smtt.sdk.TbsPVConfig.isEnableNoCoreGray(Unknown Source:13)
05-18 03:23:43.234 20788 21099 W System.err: 	at com.tencent.smtt.sdk.TbsShareManager.getPackageContext(Unknown Source:17)
05-18 03:23:43.234 20788 21099 W System.err: 	at com.tencent.smtt.sdk.TbsShareManager.getCoreShareDecoupleCoreVersion(Unknown Source:1)
05-18 03:23:43.234 20788 21099 W System.err: 	at com.tencent.smtt.sdk.TbsDownloader.a(Unknown Source:99)
05-18 03:23:43.234 20788 21099 W System.err: 	at com.tencent.smtt.sdk.TbsDownloader.g(Unknown Source:13)
05-18 03:23:43.234 20788 21099 W System.err: 	at com.tencent.smtt.sdk.TbsDownloader.b(Unknown Source:249)
05-18 03:23:43.234 20788 21099 W System.err: 	at com.tencent.smtt.sdk.TbsDownloader.c(Unknown Source:523)
05-18 03:23:43.234 20788 21099 W System.err: 	at com.tencent.smtt.sdk.TbsDownloader.b(Unknown Source:1)
05-18 03:23:43.234 20788 21099 W System.err: 	at com.tencent.smtt.sdk.TbsDownloader.a(Unknown Source:0)
05-18 03:23:43.234 20788 21099 W System.err: 	at com.tencent.smtt.sdk.aj.handleMessage(Unknown Source:153)
05-18 03:23:43.234 20788 21099 W System.err: 	at android.os.Handler.dispatchMessage(Handler.java:106)
05-18 03:23:43.234 20788 21099 W System.err: 	at android.os.Looper.loop(Looper.java:201)
05-18 03:23:43.234 20788 21099 W System.err: 	at android.os.HandlerThread.run(HandlerThread.java:65)
05-18 03:23:43.235 20788 21099 W System.err: java.lang.NullPointerException: Attempt to invoke virtual method 'boolean java.lang.String.equals(java.lang.Object)' on a null object reference
05-18 03:23:43.235 20788 21099 W System.err: 	at com.tencent.smtt.sdk.TbsPVConfig.isDisableHostBackupCore(Unknown Source:13)
05-18 03:23:43.235 20788 21099 W System.err: 	at com.tencent.smtt.sdk.TbsDownloader.c(Unknown Source:6)
05-18 03:23:43.235 20788 21099 W System.err: 	at com.tencent.smtt.sdk.TbsDownloader.g(Unknown Source:16)
05-18 03:23:43.235 20788 21099 W System.err: 	at com.tencent.smtt.sdk.TbsDownloader.b(Unknown Source:249)
05-18 03:23:43.235 20788 21099 W System.err: 	at com.tencent.smtt.sdk.TbsDownloader.c(Unknown Source:523)
05-18 03:23:43.235 20788 21099 W System.err: 	at com.tencent.smtt.sdk.TbsDownloader.b(Unknown Source:1)
05-18 03:23:43.235 20788 21099 W System.err: 	at com.tencent.smtt.sdk.TbsDownloader.a(Unknown Source:0)
05-18 03:23:43.235 20788 21099 W System.err: 	at com.tencent.smtt.sdk.aj.handleMessage(Unknown Source:153)
05-18 03:23:43.235 20788 21099 W System.err: 	at android.os.Handler.dispatchMessage(Handler.java:106)
05-18 03:23:43.235 20788 21099 W System.err: 	at android.os.Looper.loop(Looper.java:201)
05-18 03:23:43.235 20788 21099 W System.err: 	at android.os.HandlerThread.run(HandlerThread.java:65)
05-18 03:23:43.239 20788 21099 W System.err: java.io.FileNotFoundException: File doesn't exist: /storage/emulated/0/tencent/tbs/backup/com.tencent.mm/x5.tbs.org
05-18 03:23:43.240 20788 21099 W System.err: 	at java.util.zip.ZipFile.<init>(ZipFile.java:215)
05-18 03:23:43.240 20788 21099 W System.err: 	at java.util.zip.ZipFile.<init>(ZipFile.java:152)
05-18 03:23:43.240 20788 21099 W System.err: 	at java.util.jar.JarFile.<init>(JarFile.java:160)
05-18 03:23:43.240 20788 21099 W System.err: 	at java.util.jar.JarFile.<init>(JarFile.java:124)
05-18 03:23:43.240 20788 21099 W System.err: 	at com.tencent.smtt.utils.a.b(Unknown Source:6)
05-18 03:23:43.240 20788 21099 W System.err: 	at com.tencent.smtt.sdk.TbsShareManager.getBackupCoreVersion(Unknown Source:22)
05-18 03:23:43.240 20788 21099 W System.err: 	at com.tencent.smtt.sdk.TbsDownloader.c(Unknown Source:25)
05-18 03:23:43.240 20788 21099 W System.err: 	at com.tencent.smtt.sdk.TbsDownloader.g(Unknown Source:16)
05-18 03:23:43.240 20788 21099 W System.err: 	at com.tencent.smtt.sdk.TbsDownloader.b(Unknown Source:249)
05-18 03:23:43.240 20788 21099 W System.err: 	at com.tencent.smtt.sdk.TbsDownloader.c(Unknown Source:523)
05-18 03:23:43.240 20788 21099 W System.err: 	at com.tencent.smtt.sdk.TbsDownloader.b(Unknown Source:1)
05-18 03:23:43.240 20788 21099 W System.err: 	at com.tencent.smtt.sdk.TbsDownloader.a(Unknown Source:0)
05-18 03:23:43.240 20788 21099 W System.err: 	at com.tencent.smtt.sdk.aj.handleMessage(Unknown Source:153)
05-18 03:23:43.240 20788 21099 W System.err: 	at android.os.Handler.dispatchMessage(Handler.java:106)
05-18 03:23:43.240 20788 21099 W System.err: 	at android.os.Looper.loop(Looper.java:201)
05-18 03:23:43.240 20788 21099 W System.err: 	at android.os.HandlerThread.run(HandlerThread.java:65)
05-18 03:23:43.241 20788 21099 W System.err: java.io.FileNotFoundException: File doesn't exist: /storage/emulated/0/tencent/tbs/backup/com.tencent.mm/x5.tbs.decouple
05-18 03:23:43.241 20788 21099 W System.err: 	at java.util.zip.ZipFile.<init>(ZipFile.java:215)
05-18 03:23:43.241 20788 21099 W System.err: 	at java.util.zip.ZipFile.<init>(ZipFile.java:152)
05-18 03:23:43.241 20788 21099 W System.err: 	at java.util.jar.JarFile.<init>(JarFile.java:160)
05-18 03:23:43.241 20788 21099 W System.err: 	at java.util.jar.JarFile.<init>(JarFile.java:124)
05-18 03:23:43.241 20788 21099 W System.err: 	at com.tencent.smtt.utils.a.b(Unknown Source:6)
05-18 03:23:43.241 20788 21099 W System.err: 	at com.tencent.smtt.sdk.TbsShareManager.getBackupDecoupleCoreVersion(Unknown Source:22)
05-18 03:23:43.241 20788 21099 W System.err: 	at com.tencent.smtt.sdk.TbsDownloader.c(Unknown Source:99)
05-18 03:23:43.241 20788 21099 W System.err: 	at com.tencent.smtt.sdk.TbsDownloader.g(Unknown Source:16)
05-18 03:23:43.241 20788 21099 W System.err: 	at com.tencent.smtt.sdk.TbsDownloader.b(Unknown Source:249)
05-18 03:23:43.241 20788 21099 W System.err: 	at com.tencent.smtt.sdk.TbsDownloader.c(Unknown Source:523)
05-18 03:23:43.242 20788 21099 W System.err: 	at com.tencent.smtt.sdk.TbsDownloader.b(Unknown Source:1)
05-18 03:23:43.242 20788 21099 W System.err: 	at com.tencent.smtt.sdk.TbsDownloader.a(Unknown Source:0)
05-18 03:23:43.242 20788 21099 W System.err: 	at com.tencent.smtt.sdk.aj.handleMessage(Unknown Source:153)
05-18 03:23:43.242 20788 21099 W System.err: 	at android.os.Handler.dispatchMessage(Handler.java:106)
05-18 03:23:43.242 20788 21099 W System.err: 	at android.os.Looper.loop(Looper.java:201)
05-18 03:23:43.242 20788 21099 W System.err: 	at android.os.HandlerThread.run(HandlerThread.java:65)
05-18 03:23:43.252 20788 20788 I crashsdk: version unique build id: 574d4cd3
05-18 03:23:43.256 20788 20788 I crashsdk: Catcher mask: 1000, 4096
05-18 03:23:43.257 20788 20788 I crashsdk: Catcher thread 20797
05-18 03:23:43.257 20788 20788 I crashsdk: begin hack android.os.Process
05-18 03:23:43.257 20788 20788 I crashsdk: end hack android.os.Process
05-18 03:23:43.266 20788 21107 I crashsdk: Is new version ('' -> '3.3.2/release/574d4cd3'), deleting old stats data!
05-18 03:23:43.283 20788 21112 W efs.send_log: tryFileLock start! 
05-18 03:23:43.287 20788 20788 E caisq   : replace paconfig   0   22721870
05-18 03:23:43.289 20788 21099 I DpmTcmClient: RegisterTcmMonitor from: com.android.okhttp.TcmIdleTimerMonitor
05-18 03:23:43.289 20788 20788 I Matrix.AnrTracer: anrTrace, final mAnrBeatTime:400, mAnrBeatRate:400
05-18 03:23:43.292 20788 21116 W efs.send_log: tryFileLock sendlock sucess! processname: com.quzhuan.app
05-18 03:23:43.293 20788 21112 I efs.config: --->>> 删除旧的配置文件 false
05-18 03:23:43.294 20788 21122 I efs.base: lt=event`ev_ct=efs_core`ev_ac=pvuv`tm=2023-05-18 03:23:28`dn=1ae3a486-7cd9-40a5-aed7-c836621681e5`ps=com.quzhuan.app`um_os=android`stime=1684351412199`pid=20788`fr=android`pkg=com.quzhuan.app`vcode=332`dsp_w=1080`uid=1ae3a486-7cd9-40a5-aed7-c836621681e5`rom=9`wid=1ae3a486-7cd9-40a5-aed7-c836621681e5`um_app_carrier=中国移动`um_app_channel=anzhi`ctime=1684351423`model=mi-6x`lang=zh`net=wifi`brand=xiaomi`dsp_h=2030`ver=3.3.2`w_tm=1684351423`appid=5cff4169570df358890009f1`um_umid_header=null`sdk=28`tzone=Asia/Shanghai`sdk_ver=1.3.3.umeng
05-18 03:23:43.296 20788 21112 E caisq   : replace Y29uZmlnXzVjZmY0MTY5NTcwZGYzNTg4OTAwMDlmMQ   0   55004032
05-18 03:23:43.297 20788 21112 I efs.config: --->>> 一致 
05-18 03:23:43.347 20788 20788 I TDLog   :  setReportUncaughtExceptions: true
05-18 03:23:43.351 20788 21099 W System.err: javax.net.ssl.SSLHandshakeException: java.security.cert.CertPathValidatorException: Trust anchor for certification path not found.
05-18 03:23:43.352 20788 21099 W System.err: 	at com.android.org.conscrypt.ConscryptFileDescriptorSocket.startHandshake(ConscryptFileDescriptorSocket.java:229)
05-18 03:23:43.352 20788 21099 W System.err: 	at com.android.okhttp.internal.io.RealConnection.connectTls(RealConnection.java:192)
05-18 03:23:43.352 20788 21099 W System.err: 	at com.android.okhttp.internal.io.RealConnection.connectSocket(RealConnection.java:149)
05-18 03:23:43.352 20788 21099 W System.err: 	at com.android.okhttp.internal.io.RealConnection.connect(RealConnection.java:112)
05-18 03:23:43.352 20788 21099 W System.err: 	at com.android.okhttp.internal.http.StreamAllocation.findConnection(StreamAllocation.java:184)
05-18 03:23:43.352 20788 21099 W System.err: 	at com.android.okhttp.internal.http.StreamAllocation.findHealthyConnection(StreamAllocation.java:126)
05-18 03:23:43.352 20788 21099 W System.err: 	at com.android.okhttp.internal.http.StreamAllocation.newStream(StreamAllocation.java:95)
05-18 03:23:43.352 20788 21099 W System.err: 	at com.android.okhttp.internal.http.HttpEngine.connect(HttpEngine.java:281)
05-18 03:23:43.352 20788 21099 W System.err: 	at com.android.okhttp.internal.http.HttpEngine.sendRequest(HttpEngine.java:224)
05-18 03:23:43.352 20788 21099 W System.err: 	at com.android.okhttp.internal.huc.HttpURLConnectionImpl.execute(HttpURLConnectionImpl.java:461)
05-18 03:23:43.352 20788 21099 W System.err: 	at com.android.okhttp.internal.huc.HttpURLConnectionImpl.connect(HttpURLConnectionImpl.java:127)
05-18 03:23:43.352 20788 21099 W System.err: 	at com.android.okhttp.internal.huc.HttpURLConnectionImpl.getOutputStream(HttpURLConnectionImpl.java:258)
05-18 03:23:43.352 20788 21099 W System.err: 	at com.android.okhttp.internal.huc.DelegatingHttpsURLConnection.getOutputStream(DelegatingHttpsURLConnection.java:218)
05-18 03:23:43.352 20788 21099 W System.err: 	at com.android.okhttp.internal.huc.HttpsURLConnectionImpl.getOutputStream(HttpsURLConnectionImpl.java:26)
05-18 03:23:43.352 20788 21099 W System.err: 	at com.tencent.smtt.utils.n.b(Unknown Source:0)
05-18 03:23:43.352 20788 21099 W System.err: 	at com.tencent.smtt.utils.n.a(Unknown Source:90)
05-18 03:23:43.352 20788 21099 W System.err: 	at com.tencent.smtt.sdk.TbsDownloader.c(Unknown Source:852)
05-18 03:23:43.352 20788 21099 W System.err: 	at com.tencent.smtt.sdk.TbsDownloader.b(Unknown Source:1)
05-18 03:23:43.352 20788 21099 W System.err: 	at com.tencent.smtt.sdk.TbsDownloader.a(Unknown Source:0)
05-18 03:23:43.352 20788 21099 W System.err: 	at com.tencent.smtt.sdk.aj.handleMessage(Unknown Source:153)
05-18 03:23:43.352 20788 21099 W System.err: 	at android.os.Handler.dispatchMessage(Handler.java:106)
05-18 03:23:43.352 20788 21099 W System.err: 	at android.os.Looper.loop(Looper.java:201)
05-18 03:23:43.352 20788 21099 W System.err: 	at android.os.HandlerThread.run(HandlerThread.java:65)
05-18 03:23:43.352 20788 21099 W System.err: Caused by: java.security.cert.CertificateException: java.security.cert.CertPathValidatorException: Trust anchor for certification path not found.
05-18 03:23:43.352 20788 21099 W System.err: 	at com.android.org.conscrypt.TrustManagerImpl.checkTrustedRecursive(TrustManagerImpl.java:646)
05-18 03:23:43.352 20788 21099 W System.err: 	at com.android.org.conscrypt.TrustManagerImpl.checkTrusted(TrustManagerImpl.java:495)
05-18 03:23:43.352 20788 21099 W System.err: 	at com.android.org.conscrypt.TrustManagerImpl.checkTrusted(TrustManagerImpl.java:418)
05-18 03:23:43.352 20788 21099 W System.err: 	at com.android.org.conscrypt.TrustManagerImpl.getTrustedChainForServer(TrustManagerImpl.java:339)
05-18 03:23:43.352 20788 21099 W System.err: 	at android.security.net.config.NetworkSecurityTrustManager.checkServerTrusted(NetworkSecurityTrustManager.java:94)
05-18 03:23:43.352 20788 21099 W System.err: 	at android.security.net.config.RootTrustManager.checkServerTrusted(RootTrustManager.java:88)
05-18 03:23:43.352 20788 21099 W System.err: 	at com.android.org.conscrypt.Platform.checkServerTrusted(Platform.java:208)
05-18 03:23:43.352 20788 21099 W System.err: 	at com.android.org.conscrypt.ConscryptFileDescriptorSocket.verifyCertificateChain(ConscryptFileDescriptorSocket.java:404)
05-18 03:23:43.352 20788 21099 W System.err: 	at com.android.org.conscrypt.NativeCrypto.SSL_do_handshake(Native Method)
05-18 03:23:43.352 20788 21099 W System.err: 	at com.android.org.conscrypt.NativeSsl.doHandshake(NativeSsl.java:375)
05-18 03:23:43.352 20788 21099 W System.err: 	at com.android.org.conscrypt.ConscryptFileDescriptorSocket.startHandshake(ConscryptFileDescriptorSocket.java:224)
05-18 03:23:43.353 20788 21099 W System.err: 	... 22 more
05-18 03:23:43.353 20788 21099 W System.err: Caused by: java.security.cert.CertPathValidatorException: Trust anchor for certification path not found.
05-18 03:23:43.353 20788 21099 W System.err: 	... 33 more
05-18 03:23:43.353 20788 21099 W System.err: javax.net.ssl.SSLHandshakeException: java.security.cert.CertPathValidatorException: Trust anchor for certification path not found.
05-18 03:23:43.353 20788 21099 W System.err: 	at com.android.org.conscrypt.ConscryptFileDescriptorSocket.startHandshake(ConscryptFileDescriptorSocket.java:229)
05-18 03:23:43.353 20788 21099 W System.err: 	at com.android.okhttp.internal.io.RealConnection.connectTls(RealConnection.java:192)
05-18 03:23:43.353 20788 21099 W System.err: 	at com.android.okhttp.internal.io.RealConnection.connectSocket(RealConnection.java:149)
05-18 03:23:43.353 20788 21099 W System.err: 	at com.android.okhttp.internal.io.RealConnection.connect(RealConnection.java:112)
05-18 03:23:43.353 20788 21099 W System.err: 	at com.android.okhttp.internal.http.StreamAllocation.findConnection(StreamAllocation.java:184)
05-18 03:23:43.353 20788 21099 W System.err: 	at com.android.okhttp.internal.http.StreamAllocation.findHealthyConnection(StreamAllocation.java:126)
05-18 03:23:43.353 20788 21099 W System.err: 	at com.android.okhttp.internal.http.StreamAllocation.newStream(StreamAllocation.java:95)
05-18 03:23:43.353 20788 21099 W System.err: 	at com.android.okhttp.internal.http.HttpEngine.connect(HttpEngine.java:281)
05-18 03:23:43.353 20788 21099 W System.err: 	at com.android.okhttp.internal.http.HttpEngine.sendRequest(HttpEngine.java:224)
05-18 03:23:43.353 20788 21099 W System.err: 	at com.android.okhttp.internal.huc.HttpURLConnectionImpl.execute(HttpURLConnectionImpl.java:461)
05-18 03:23:43.353 20788 21099 W System.err: 	at com.android.okhttp.internal.huc.HttpURLConnectionImpl.connect(HttpURLConnectionImpl.java:127)
05-18 03:23:43.353 20788 21099 W System.err: 	at com.android.okhttp.internal.huc.HttpURLConnectionImpl.getOutputStream(HttpURLConnectionImpl.java:258)
05-18 03:23:43.353 20788 21099 W System.err: 	at com.android.okhttp.internal.huc.DelegatingHttpsURLConnection.getOutputStream(DelegatingHttpsURLConnection.java:218)
05-18 03:23:43.353 20788 21099 W System.err: 	at com.android.okhttp.internal.huc.HttpsURLConnectionImpl.getOutputStream(HttpsURLConnectionImpl.java:26)
05-18 03:23:43.353 20788 21099 W System.err: 	at com.tencent.smtt.utils.n.b(Unknown Source:0)
05-18 03:23:43.353 20788 21099 W System.err: 	at com.tencent.smtt.utils.n.a(Unknown Source:90)
05-18 03:23:43.353 20788 21099 W System.err: 	at com.tencent.smtt.sdk.TbsDownloader.c(Unknown Source:852)
05-18 03:23:43.353 20788 21099 W System.err: 	at com.tencent.smtt.sdk.TbsDownloader.b(Unknown Source:1)
05-18 03:23:43.353 20788 21099 W System.err: 	at com.tencent.smtt.sdk.TbsDownloader.a(Unknown Source:0)
05-18 03:23:43.353 20788 21099 W System.err: 	at com.tencent.smtt.sdk.aj.handleMessage(Unknown Source:153)
05-18 03:23:43.353 20788 21099 W System.err: 	at android.os.Handler.dispatchMessage(Handler.java:106)
05-18 03:23:43.353 20788 21099 W System.err: 	at android.os.Looper.loop(Looper.java:201)
05-18 03:23:43.353 20788 21099 W System.err: 	at android.os.HandlerThread.run(HandlerThread.java:65)
05-18 03:23:43.353 20788 21099 W System.err: Caused by: java.security.cert.CertificateException: java.security.cert.CertPathValidatorException: Trust anchor for certification path not found.
