05-17 13:07:31.696 12440 12440 W Settings: Setting android_id has moved from android.provider.Settings.System to android.provider.Settings.Secure, returning read-only value.
05-17 13:07:31.746  1106 30413 I MMParserExtractor: Created(0x719de852a0)
05-17 13:07:31.752  3705  4033 I TrafficManageService: mina mTrafficStatsReceiver onReceive
05-17 13:07:31.775  1106  4711 I MMParserExtractor: Created(0x719de85460)
05-17 13:07:31.787 12532 12532 F linker  : CANNOT LINK EXECUTABLE "/system/bin/dpmd": "/system/lib64/libdpmframework.so" is 32-bit instead of 64-bit
05-17 13:07:31.799 10066 10066 W MediaPlayer: Use of stream types is deprecated for operations other than volume control
05-17 13:07:31.799 10066 10066 W MediaPlayer: See the documentation of setAudioStreamType() for what to use instead with android.media.AudioAttributes to qualify your playback use case
05-17 13:07:31.841  3705  4033 I TrafficManageService: mina mTrafficStatsReceiver onReceive
05-17 13:07:31.923 10066 10066 W MediaPlayer: Use of stream types is deprecated for operations other than volume control
05-17 13:07:31.923 10066 10066 W MediaPlayer: See the documentation of setAudioStreamType() for what to use instead with android.media.AudioAttributes to qualify your playback use case
05-17 13:07:31.930  3705  4033 I TrafficManageService: mina mTrafficStatsReceiver onReceive
05-17 13:07:32.006  3705  4033 I TrafficManageService: mina mTrafficStatsReceiver onReceive
05-17 13:07:32.009 10066 10066 W MediaPlayer: Use of stream types is deprecated for operations other than volume control
05-17 13:07:32.009 10066 10066 W MediaPlayer: See the documentation of setAudioStreamType() for what to use instead with android.media.AudioAttributes to qualify your playback use case
05-17 13:07:32.028  1110 12509 W BpMediaSource: ignoring potentially modified MetaData from start
05-17 13:07:32.028  1110 12509 W BpMediaSource: input:
05-17 13:07:32.028  1110 12509 I MetaDataBase: extf: (int32_t) 0
05-17 13:07:32.028  1110 12509 W BpMediaSource: output:
05-17 13:07:32.028  1110 12509 I MetaDataBase: extf: (int32_t) 0
05-17 13:07:32.033 10066 12162 E ignored : java.lang.NullPointerException: Attempt to invoke virtual method 'java.lang.Object android.content.Context.getSystemService(java.lang.String)' on a null object reference
05-17 13:07:32.054  3705  4033 I TrafficManageService: mina mTrafficStatsReceiver onReceive
05-17 13:07:32.060 10066 10079 I ldd.redenvelop: NativeAlloc concurrent copying GC freed 52306(3MB) AllocSpace objects, 62(5MB) LOS objects, 49% free, 21MB/42MB, paused 5.768ms total 377.987ms
05-17 13:07:32.094  1110 12517 W BpMediaSource: ignoring potentially modified MetaData from start
05-17 13:07:32.094  1110 12517 W BpMediaSource: input:
05-17 13:07:32.094  1110 12517 I MetaDataBase: extf: (int32_t) 0
05-17 13:07:32.094  1110 12517 W BpMediaSource: output:
05-17 13:07:32.094  1110 12517 I MetaDataBase: extf: (int32_t) 0
05-17 13:07:32.105 10066 10066 W Looper  : Slow Looper main: doFrame is 323ms late because of 5 msg, msg 1 took 329ms (seq=1443 late=68ms h=android.view.Choreographer$FrameHandler c=android.view.Choreographer$FrameDisplayEventReceiver)
05-17 13:07:32.170  3705  4033 I TrafficManageService: mina mTrafficStatsReceiver onReceive
05-17 13:07:32.210 12440 12440 I Zeus/init: ZeusManager init, context = com.ldd.purecalendar.App@9d3fd38, hParam = com.bytedance.pangle.GlobalParam@50183bd
05-17 13:07:32.214 12440 12440 W Zeus/init: ZeusManager disableApiWarningShownForAndroidP, true
05-17 13:07:32.254  3705  4033 I TrafficManageService: mina mTrafficStatsReceiver onReceive
05-17 13:07:32.254 12440 12440 I Zeus/provider: Need to init system provider info start [packageNam:=com.ldd.redenvelope],[processName=com.ldd.redenvelope],[authority:com.ldd.redenvelope.pangle.provider.proxy.main]
05-17 13:07:32.255 12440 12440 I Zeus/provider: Init system provider info finish [packageNam:=com.ldd.redenvelope],[processName=com.ldd.redenvelope],[authority:com.ldd.redenvelope.pangle.provider.proxy.main]
05-17 13:07:32.305 12440 12572 I Zeus/init: PluginManagerparsePluginsJson. find com.byted.pangle
05-17 13:07:32.308 12440 12572 I Zeus/init: PluginManagerparsePluginsJson. find com.byted.live.lite
05-17 13:07:32.308 12440 12572 I Zeus/init: PluginManager parsePluginsJson success
05-17 13:07:32.329  3705  4033 I TrafficManageService: mina mTrafficStatsReceiver onReceive
05-17 13:07:32.362 10066 10080 I Zeus/ppm: PluginManager checkPluginInstalled, com.byted.pangle = true
05-17 13:07:32.366 12440 12572 I Zeus/load: PluginLoader watcher[loadPlugin:com.byted.pangle]-start
05-17 13:07:32.370 12440 12572 I Zeus/DefaultReporterImpl: skip default report
05-17 13:07:32.371 12440 12572 I Zeus/load: PluginLoader watcher[load:com.byted.pangle]-start
05-17 13:07:32.371 12440 12572 I Zeus/load: PluginLoader watcher[load:com.byted.pangle]-isInstalled cost=1
05-17 13:07:32.372 12440 12572 I Zeus/load: PluginLoader watcher[load:com.byted.pangle]-getSourceFile cost=1
05-17 13:07:32.372 12440 12572 I Zeus/load: PluginLoader watcher[load:com.byted.pangle]-getNativeLibraryDir cost=0
05-17 13:07:32.372 12440 12572 I Zeus/load: PluginLoader watcher[load:com.byted.pangle]-dalvikCacheDir cost=0
05-17 13:07:32.373 12440 12572 W nvelope:channe: Unsupported class loader
05-17 13:07:32.387 12440 12572 W nvelope:channe: Skipping duplicate class check due to unsupported classloader
05-17 13:07:32.390 12440 12572 I Zeus/load: PluginLoader watcher[load:com.byted.pangle]-classloader cost=16
05-17 13:07:32.391 12440 12572 W nvelope:channe: resources.arsc in APK '/data/user/0/com.ldd.redenvelope/files/pangle_p/com.byted.pangle/version-4908/apk/base-1.apk' is compressed.
05-17 13:07:32.393 12440 12572 W nvelope:channe: resources.arsc in APK '/data/user/0/com.ldd.redenvelope/files/pangle_p/com.byted.pangle/version-4908/apk/base-1.apk' is compressed.
05-17 13:07:32.397 12440 12572 E nvelope:channe: Invalid ID 0x00000000.
05-17 13:07:32.389 12440 12440 W Thread-3: type=1400 audit(0.0:11670): avc: denied { read } for name="drivers" dev="proc" ino=4026531853 scontext=u:r:untrusted_app:s0:c180,c256,c512,c768 tcontext=u:object_r:proc_tty_drivers:s0 tclass=file permissive=0
05-17 13:07:32.407 12440 12572 I Zeus/load: PluginLoader watcher[load:com.byted.pangle]-getPackageInfo cost=17
05-17 13:07:32.412  3705  4033 I TrafficManageService: mina mTrafficStatsReceiver onReceive
05-17 13:07:32.505 12440 12572 I Zeus/load: PluginLoader watcher[load:com.byted.pangle]-setApplication cost=98
05-17 13:07:32.507 12440 12572 W nvelope:channe: resources.arsc in APK '/data/user/0/com.ldd.redenvelope/files/pangle_p/com.byted.pangle/version-4908/apk/base-1.apk' is compressed.
05-17 13:07:32.537  3705  4033 I TrafficManageService: mina mTrafficStatsReceiver onReceive
05-17 13:07:32.548 12440 12572 E nvelope:channe: Invalid ID 0x00000000.
05-17 13:07:32.556 12440 12572 I Zeus/load: AssetManagerProcessor invoke AssetManager.addAssetPath() success, cookie = 7, path = /system/app/WebViewGoogle/WebViewGoogle.apk
05-17 13:07:32.557 12440 12572 I Zeus/load: AssetManagerProcessor updateAssetManager, newAssetManager=android.content.res.AssetManager@11c00f3, assets=[/system/framework/framework-res.apk , /vendor/overlay/DevicesAndroidOverlay.apk , /system/app/miui/miui.apk , /system/app/miuisystem/miuisystem.apk , /system/framework/framework-ext-res/framework-ext-res.apk , /data/user/0/com.ldd.redenvelope/files/pangle_p/com.byted.pangle/version-4908/apk/base-1.apk , /system/app/WebViewGoogle/WebViewGoogle.apk]
05-17 13:07:32.558 12440 12572 I Zeus/resources: /system/framework/framework-res.apk /data/app/com.ldd.redenvelope-_56-87eDMd7siyu_p0hQQw==/base.apk /data/user/0/com.ldd.redenvelope /data/data/com.ldd.redenvelope
05-17 13:07:32.558 12440 12572 I Zeus/resources: /vendor/overlay/DevicesAndroidOverlay.apk /data/app/com.ldd.redenvelope-_56-87eDMd7siyu_p0hQQw==/base.apk /data/user/0/com.ldd.redenvelope /data/data/com.ldd.redenvelope
05-17 13:07:32.558 12440 12572 I Zeus/resources: /system/app/miui/miui.apk /data/app/com.ldd.redenvelope-_56-87eDMd7siyu_p0hQQw==/base.apk /data/user/0/com.ldd.redenvelope /data/data/com.ldd.redenvelope
05-17 13:07:32.558 12440 12572 I Zeus/resources: /system/app/miuisystem/miuisystem.apk /data/app/com.ldd.redenvelope-_56-87eDMd7siyu_p0hQQw==/base.apk /data/user/0/com.ldd.redenvelope /data/data/com.ldd.redenvelope
05-17 13:07:32.559 12440 12572 I Zeus/resources: /system/framework/framework-ext-res/framework-ext-res.apk /data/app/com.ldd.redenvelope-_56-87eDMd7siyu_p0hQQw==/base.apk /data/user/0/com.ldd.redenvelope /data/data/com.ldd.redenvelope
05-17 13:07:32.559 12440 12572 I Zeus/resources: /data/app/com.ldd.redenvelope-_56-87eDMd7siyu_p0hQQw==/base.apk /data/app/com.ldd.redenvelope-_56-87eDMd7siyu_p0hQQw==/base.apk /data/user/0/com.ldd.redenvelope /data/data/com.ldd.redenvelope
05-17 13:07:32.563 12440 12572 I Zeus/load: AssetManagerProcessor invoke AssetManager.addAssetPath() success, cookie = 8, path = /data/app/com.ldd.redenvelope-_56-87eDMd7siyu_p0hQQw==/base.apk
05-17 13:07:32.564 12440 12572 I Zeus/load: AssetManagerProcessor updateAssetManager, newAssetManager=android.content.res.AssetManager@11c00f3, assets=[/system/framework/framework-res.apk , /vendor/overlay/DevicesAndroidOverlay.apk , /system/app/miui/miui.apk , /system/app/miuisystem/miuisystem.apk , /system/framework/framework-ext-res/framework-ext-res.apk , /data/user/0/com.ldd.redenvelope/files/pangle_p/com.byted.pangle/version-4908/apk/base-1.apk , /system/app/WebViewGoogle/WebViewGoogle.apk , /data/app/com.ldd.redenvelope-_56-87eDMd7siyu_p0hQQw==/base.apk]
05-17 13:07:32.565 12440 12572 I Zeus/load: PluginLoader watcher[load:com.byted.pangle]-makeResources cost=58
05-17 13:07:32.565 12440 12572 I Zeus/load: PluginLoader watcher[load:com.byted.pangle]-resolveActivityServices cost=0
05-17 13:07:32.565 12440 12572 I Zeus/load: PluginLoader watcher[load:com.byted.pangle]-resolveReceiver cost=0
05-17 13:07:32.565 12440 12572 I Zeus/load: PluginLoader watcher[load:com.byted.pangle]-resolveProvider cost=0
05-17 13:07:32.565 12440 12572 I Zeus/load: PluginLoader watcher[load:com.byted.pangle]-installProvider cost=0
05-17 13:07:32.568 12588 12588 I dex2oat : The ClassLoaderContext is a special shared library.
05-17 13:07:32.568 12588 12588 I dex2oat : /system/bin/dex2oat -j6 --dex-file=/data/user/0/com.ldd.redenvelope/app_e_qq_com_plugin_a5d7874943bbc044ee7cfd5eebf6418c/gdt_plugin.jar --output-vdex-fd=67 --oat-fd=68 --oat-location=/data/user/0/com.ldd.redenvelope/app_e_qq_com_plugin_a5d7874943bbc044ee7cfd5eebf6418c/oat/arm64/gdt_plugin.odex --compiler-filter=quicken --class-loader-context=&
05-17 13:07:32.569 12440 12451 I nvelope:channe: Background concurrent copying GC freed 35892(1950KB) AllocSpace objects, 8(1152KB) LOS objects, 49% free, 2MB/5MB, paused 5.111ms total 191.143ms
05-17 13:07:32.575 12440 12572 I Zeus/load: PluginMultiDex VM with version 2.1.0 has multidex support
05-17 13:07:32.575 12440 12572 I Zeus/load: PluginMultiDex Installing application
05-17 13:07:32.576 12440 12572 I Zeus/load: PluginMultiDex VM has multidex support, MultiDex support library is disabled.
05-17 13:07:32.604 12440 12572 I Zeus/load: PluginLoader watcher[load:com.byted.pangle]-makeApplication cost=39
05-17 13:07:32.605 12440 12572 I Zeus/load: PluginLoader watcher[loadPlugin:com.byted.pangle]-loadPluginInternal:true cost=239, total=239
05-17 13:07:32.607 12440 12572 I Zeus/DefaultReporterImpl: skip default report
05-17 13:07:32.607 12440 12572 I Zeus/load: PluginLoader loadFinished, Plugin{pkg=com.byted.pangle, ver=4908, life=3}
05-17 13:07:32.607 12440 12572 I Zeus/load: PluginLoader postResult, LOADED com.byted.pangle
05-17 13:07:32.612 10066 12575 I Zeus/ppm: PluginManager checkPluginInstalled, com.byted.live.lite = false
05-17 13:07:32.625  3705  4033 I TrafficManageService: mina mTrafficStatsReceiver onReceive
05-17 13:07:32.644 10066 12593 I Zeus/ppm: PluginManager checkPluginInstalled, com.byted.live.lite = false
05-17 13:07:32.675 10066 12593 I Zeus/ppm: PluginManager checkPluginInstalled, com.byted.live.lite = false
05-17 13:07:32.718  3705  4033 I TrafficManageService: mina mTrafficStatsReceiver onReceive
05-17 13:07:32.807  3705  4033 I TrafficManageService: mina mTrafficStatsReceiver onReceive
05-17 13:07:32.926 12440 12440 I nvelope:channe: Rejecting re-init on previously-failed class java.lang.Class<com.kwad.sdk.oaid.OADIDSDKHelper$IIdentifierListenerImpl>: java.lang.NoClassDefFoundError: Failed resolution of: Lcom/bun/miitmdid/interfaces/IIdentifierListener;
05-17 13:07:32.926 12440 12440 I nvelope:channe:   at boolean com.kwad.sdk.oaid.OADIDSDKHelper.isSupport() ((null):-1)
05-17 13:07:32.926 12440 12440 I nvelope:channe:   at void com.kwad.sdk.core.c.a.b(android.content.Context) ((null):-1)
05-17 13:07:32.926 12440 12440 I nvelope:channe:   at java.lang.String com.kwad.sdk.core.c.a.a(android.content.Context) ((null):-1)
05-17 13:07:32.926 12440 12440 I nvelope:channe:   at void com.kwad.sdk.KsAdSDKImpl.init(android.content.Context, com.kwad.sdk.api.SdkConfig) ((null):-1)
05-17 13:07:32.926 12440 12440 I nvelope:channe:   at boolean com.kwad.sdk.api.KsAdSDK.init(android.content.Context, com.kwad.sdk.api.SdkConfig) ((null):-1)
05-17 13:07:32.926 12440 12440 I nvelope:channe:   at void e.b.c() (AdSdk.java:9)
05-17 13:07:32.926 12440 12440 I nvelope:channe:   at void e.b.a(java.lang.Runnable) (AdSdk.java:4)
05-17 13:07:32.926 12440 12440 I nvelope:channe:   at void com.ldd.purecalendar.App.f() (App.java:5)
05-17 13:07:32.926 12440 12440 I nvelope:channe:   at void com.ldd.purecalendar.App.onCreate() (App.java:13)
05-17 13:07:32.926 12440 12440 I nvelope:channe:   at void com.stub.StubApp.onCreate() ((null):-1)
05-17 13:07:32.926 12440 12440 I nvelope:channe:   at void android.app.Instrumentation.callApplicationOnCreate(android.app.Application) (Instrumentation.java:1155)
05-17 13:07:32.926 12440 12440 I nvelope:channe:   at void android.app.ActivityThread.handleBindApplication(android.app.ActivityThread$AppBindData) (ActivityThread.java:5960)
05-17 13:07:32.926 12440 12440 I nvelope:channe:   at void android.app.ActivityThread.access$1200(android.app.ActivityThread, android.app.ActivityThread$AppBindData) (ActivityThread.java:201)
05-17 13:07:32.926 12440 12440 I nvelope:channe:   at void android.app.ActivityThread$H.handleMessage(android.os.Message) (ActivityThread.java:1674)
05-17 13:07:32.926 12440 12440 I nvelope:channe:   at void android.os.Handler.dispatchMessage(android.os.Message) (Handler.java:106)
05-17 13:07:32.926 12440 12440 I nvelope:channe:   at void android.os.Looper.loop() (Looper.java:201)
05-17 13:07:32.926 12440 12440 I nvelope:channe:   at void android.app.ActivityThread.main(java.lang.String[]) (ActivityThread.java:6821)
05-17 13:07:32.926 12440 12440 I nvelope:channe:   at java.lang.Object java.lang.reflect.Method.invoke(java.lang.Object, java.lang.Object[]) (Method.java:-2)
05-17 13:07:32.926 12440 12440 I nvelope:channe:   at void com.android.internal.os.RuntimeInit$MethodAndArgsCaller.run() (RuntimeInit.java:547)
05-17 13:07:32.926 12440 12440 I nvelope:channe:   at void com.android.internal.os.ZygoteInit.main(java.lang.String[]) (ZygoteInit.java:873)
05-17 13:07:32.926 12440 12440 I nvelope:channe: Caused by: java.lang.ClassNotFoundException: Didn't find class "com.bun.miitmdid.interfaces.IIdentifierListener" on path: DexPathList[[zip file "/system/framework/org.apache.http.legacy.boot.jar", zip file "/data/app/com.ldd.redenvelope-_56-87eDMd7siyu_p0hQQw==/base.apk", dex file "/system/framework/org.apache.http.legacy.boot.jar"],nativeLibraryDirectories=[/data/app/com.ldd.redenvelope-_56-87eDMd7siyu_p0hQQw==/lib/arm64, /data/app/com.ldd.redenvelope-_56-87eDMd7siyu_p0hQQw==/base.apk!/lib/arm64-v8a, /system/lib64]]
05-17 13:07:32.926 12440 12440 I nvelope:channe:   at java.lang.Class dalvik.system.BaseDexClassLoader.findClass(java.lang.String) (BaseDexClassLoader.java:171)
05-17 13:07:32.926 12440 12440 I nvelope:channe:   at java.lang.Class java.lang.ClassLoader.loadClass(java.lang.String, boolean) (ClassLoader.java:379)
05-17 13:07:32.926 12440 12440 I nvelope:channe:   at java.lang.Class java.lang.ClassLoader.loadClass(java.lang.String) (ClassLoader.java:312)
05-17 13:07:32.926 12440 12440 I nvelope:channe:   at boolean com.kwad.sdk.oaid.OADIDSDKHelper.isSupport() ((null):-1)
05-17 13:07:32.926 12440 12440 I nvelope:channe:   at void com.kwad.sdk.core.c.a.b(android.content.Context) ((null):-1)
05-17 13:07:32.928 12440 12440 I nvelope:channe:   at java.lang.String com.kwad.sdk.core.c.a.a(android.content.Context) ((null):-1)
05-17 13:07:32.930 12440 12440 I nvelope:channe:   at void com.kwad.sdk.KsAdSDKImpl.init(android.content.Context, com.kwad.sdk.api.SdkConfig) ((null):-1)
05-17 13:07:32.930 12440 12440 I nvelope:channe:   at boolean com.kwad.sdk.api.KsAdSDK.init(android.content.Context, com.kwad.sdk.api.SdkConfig) ((null):-1)
05-17 13:07:32.930 12440 12440 I nvelope:channe:   at void e.b.c() (AdSdk.java:9)
05-17 13:07:32.930 12440 12440 I nvelope:channe:   at void e.b.a(java.lang.Runnable) (AdSdk.java:4)
05-17 13:07:32.930 12440 12440 I nvelope:channe:   at void com.ldd.purecalendar.App.f() (App.java:5)
05-17 13:07:32.930 12440 12440 I nvelope:channe:   at void com.ldd.purecalendar.App.onCreate() (App.java:13)
05-17 13:07:32.930 12440 12440 I nvelope:channe:   at void com.stub.StubApp.onCreate() ((null):-1)
05-17 13:07:32.930 12440 12440 I nvelope:channe:   at void android.app.Instrumentation.callApplicationOnCreate(android.app.Application) (Instrumentation.java:1155)
05-17 13:07:32.930 12440 12440 I nvelope:channe:   at void android.app.ActivityThread.handleBindApplication(android.app.ActivityThread$AppBindData) (ActivityThread.java:5960)
05-17 13:07:32.930 12440 12440 I nvelope:channe:   at void android.app.ActivityThread.access$1200(android.app.ActivityThread, android.app.ActivityThread$AppBindData) (ActivityThread.java:201)
05-17 13:07:32.930 12440 12440 I nvelope:channe:   at void android.app.ActivityThread$H.handleMessage(android.os.Message) (ActivityThread.java:1674)
05-17 13:07:32.930 12440 12440 I nvelope:channe:   at void android.os.Handler.dispatchMessage(android.os.Message) (Handler.java:106)
05-17 13:07:32.930 12440 12440 I nvelope:channe:   at void android.os.Looper.loop() (Looper.java:201)
05-17 13:07:32.930 12440 12440 I nvelope:channe:   at void android.app.ActivityThread.main(java.lang.String[]) (ActivityThread.java:6821)
05-17 13:07:32.930 12440 12440 I nvelope:channe:   at java.lang.Object java.lang.reflect.Method.invoke(java.lang.Object, java.lang.Object[]) (Method.java:-2)
05-17 13:07:32.931 12440 12607 I WebViewFactory: Loading com.google.android.webview version 74.0.3729.136 (code 372913650)
05-17 13:07:32.932 12440 12440 I nvelope:channe:   at void com.android.internal.os.RuntimeInit$MethodAndArgsCaller.run() (RuntimeInit.java:547)
05-17 13:07:32.932 12440 12440 I nvelope:channe:   at void com.android.internal.os.ZygoteInit.main(java.lang.String[]) (ZygoteInit.java:873)
05-17 13:07:32.932 12440 12440 I nvelope:channe: 
05-17 13:07:32.932 12440 12440 I nvelope:channe: Rejecting re-init on previously-failed class java.lang.Class<com.kwad.sdk.oaid.OADIDSDKHelper$IIdentifierListenerImpl>: java.lang.NoClassDefFoundError: Failed resolution of: Lcom/bun/miitmdid/interfaces/IIdentifierListener;
05-17 13:07:32.933 12440 12440 I nvelope:channe:   at boolean com.kwad.sdk.oaid.OADIDSDKHelper.isSupport() ((null):-1)
05-17 13:07:32.933 12440 12440 I nvelope:channe:   at void com.kwad.sdk.core.c.a.b(android.content.Context) ((null):-1)
05-17 13:07:32.933 12440 12440 I nvelope:channe:   at java.lang.String com.kwad.sdk.core.c.a.a(android.content.Context) ((null):-1)
05-17 13:07:32.933 12440 12440 I nvelope:channe:   at void com.kwad.sdk.KsAdSDKImpl.init(android.content.Context, com.kwad.sdk.api.SdkConfig) ((null):-1)
05-17 13:07:32.933 12440 12440 I nvelope:channe:   at boolean com.kwad.sdk.api.KsAdSDK.init(android.content.Context, com.kwad.sdk.api.SdkConfig) ((null):-1)
05-17 13:07:32.933 12440 12440 I nvelope:channe:   at void e.b.c() (AdSdk.java:9)
05-17 13:07:32.933 12440 12440 I nvelope:channe:   at void e.b.a(java.lang.Runnable) (AdSdk.java:4)
05-17 13:07:32.933 12440 12440 I nvelope:channe:   at void com.ldd.purecalendar.App.f() (App.java:5)
05-17 13:07:32.933 12440 12440 I nvelope:channe:   at void com.ldd.purecalendar.App.onCreate() (App.java:13)
05-17 13:07:32.933 12440 12440 I nvelope:channe:   at void com.stub.StubApp.onCreate() ((null):-1)
05-17 13:07:32.933 12440 12440 I nvelope:channe:   at void android.app.Instrumentation.callApplicationOnCreate(android.app.Application) (Instrumentation.java:1155)
05-17 13:07:32.933 12440 12440 I nvelope:channe:   at void android.app.ActivityThread.handleBindApplication(android.app.ActivityThread$AppBindData) (ActivityThread.java:5960)
05-17 13:07:32.933 12440 12440 I nvelope:channe:   at void android.app.ActivityThread.access$1200(android.app.ActivityThread, android.app.ActivityThread$AppBindData) (ActivityThread.java:201)
05-17 13:07:32.933 12440 12440 I nvelope:channe:   at void android.app.ActivityThread$H.handleMessage(android.os.Message) (ActivityThread.java:1674)
05-17 13:07:32.933 12440 12440 I nvelope:channe:   at void android.os.Handler.dispatchMessage(android.os.Message) (Handler.java:106)
05-17 13:07:32.933 12440 12440 I nvelope:channe:   at void android.os.Looper.loop() (Looper.java:201)
05-17 13:07:32.933 12440 12440 I nvelope:channe:   at void android.app.ActivityThread.main(java.lang.String[]) (ActivityThread.java:6821)
05-17 13:07:32.933 12440 12440 I nvelope:channe:   at java.lang.Object java.lang.reflect.Method.invoke(java.lang.Object, java.lang.Object[]) (Method.java:-2)
05-17 13:07:32.933 12440 12440 I nvelope:channe:   at void com.android.internal.os.RuntimeInit$MethodAndArgsCaller.run() (RuntimeInit.java:547)
05-17 13:07:32.933 12440 12440 I nvelope:channe:   at void com.android.internal.os.ZygoteInit.main(java.lang.String[]) (ZygoteInit.java:873)
05-17 13:07:32.933 12440 12440 I nvelope:channe: Caused by: java.lang.ClassNotFoundException: Didn't find class "com.bun.miitmdid.interfaces.IIdentifierListener" on path: DexPathList[[zip file "/system/framework/org.apache.http.legacy.boot.jar", zip file "/data/app/com.ldd.redenvelope-_56-87eDMd7siyu_p0hQQw==/base.apk", dex file "/system/framework/org.apache.http.legacy.boot.jar"],nativeLibraryDirectories=[/data/app/com.ldd.redenvelope-_56-87eDMd7siyu_p0hQQw==/lib/arm64, /data/app/com.ldd.redenvelope-_56-87eDMd7siyu_p0hQQw==/base.apk!/lib/arm64-v8a, /system/lib64]]
05-17 13:07:32.933 12440 12440 I nvelope:channe:   at java.lang.Class dalvik.system.BaseDexClassLoader.findClass(java.lang.String) (BaseDexClassLoader.java:171)
05-17 13:07:32.933 12440 12440 I nvelope:channe:   at java.lang.Class java.lang.ClassLoader.loadClass(java.lang.String, boolean) (ClassLoader.java:379)
05-17 13:07:32.933 12440 12440 I nvelope:channe:   at java.lang.Class java.lang.ClassLoader.loadClass(java.lang.String) (ClassLoader.java:312)
05-17 13:07:32.933 12440 12440 I nvelope:channe:   at boolean com.kwad.sdk.oaid.OADIDSDKHelper.isSupport() ((null):-1)
05-17 13:07:32.933 12440 12440 I nvelope:channe:   at void com.kwad.sdk.core.c.a.b(android.content.Context) ((null):-1)
05-17 13:07:32.933 12440 12440 I nvelope:channe:   at java.lang.String com.kwad.sdk.core.c.a.a(android.content.Context) ((null):-1)
05-17 13:07:32.933 12440 12440 I nvelope:channe:   at void com.kwad.sdk.KsAdSDKImpl.init(android.content.Context, com.kwad.sdk.api.SdkConfig) ((null):-1)
05-17 13:07:32.933 12440 12440 I nvelope:channe:   at boolean com.kwad.sdk.api.KsAdSDK.init(android.content.Context, com.kwad.sdk.api.SdkConfig) ((null):-1)
05-17 13:07:32.933 12440 12440 I nvelope:channe:   at void e.b.c() (AdSdk.java:9)
05-17 13:07:32.933 12440 12440 I nvelope:channe:   at void e.b.a(java.lang.Runnable) (AdSdk.java:4)
05-17 13:07:32.933 12440 12440 I nvelope:channe:   at void com.ldd.purecalendar.App.f() (App.java:5)
05-17 13:07:32.933 12440 12440 I nvelope:channe:   at void com.ldd.purecalendar.App.onCreate() (App.java:13)
05-17 13:07:32.933 12440 12440 I nvelope:channe:   at void com.stub.StubApp.onCreate() ((null):-1)
05-17 13:07:32.933 12440 12440 I nvelope:channe:   at void android.app.Instrumentation.callApplicationOnCreate(android.app.Application) (Instrumentation.java:1155)
05-17 13:07:32.933 12440 12440 I nvelope:channe:   at void android.app.ActivityThread.handleBindApplication(android.app.ActivityThread$AppBindData) (ActivityThread.java:5960)
05-17 13:07:32.933 12440 12440 I nvelope:channe:   at void android.app.ActivityThread.access$1200(android.app.ActivityThread, android.app.ActivityThread$AppBindData) (ActivityThread.java:201)
05-17 13:07:32.933 12440 12440 I nvelope:channe:   at void android.app.ActivityThread$H.handleMessage(android.os.Message) (ActivityThread.java:1674)
05-17 13:07:32.933 12440 12440 I nvelope:channe:   at void android.os.Handler.dispatchMessage(android.os.Message) (Handler.java:106)
05-17 13:07:32.933 12440 12440 I nvelope:channe:   at void android.os.Looper.loop() (Looper.java:201)
05-17 13:07:32.933 12440 12440 I nvelope:channe:   at void android.app.ActivityThread.main(java.lang.String[]) (ActivityThread.java:6821)
05-17 13:07:32.933 12440 12440 I nvelope:channe:   at java.lang.Object java.lang.reflect.Method.invoke(java.lang.Object, java.lang.Object[]) (Method.java:-2)
05-17 13:07:32.933 12440 12440 I nvelope:channe:   at void com.android.internal.os.RuntimeInit$MethodAndArgsCaller.run() (RuntimeInit.java:547)
05-17 13:07:32.933 12440 12440 I nvelope:channe:   at void com.android.internal.os.ZygoteInit.main(java.lang.String[]) (ZygoteInit.java:873)
05-17 13:07:32.933 12440 12440 I nvelope:channe: 
05-17 13:07:32.941 12440 12440 I nvelope:channe: Rejecting re-init on previously-failed class java.lang.Class<com.kwad.sdk.oaid.OADIDSDKHelper$1>: java.lang.NoClassDefFoundError: Failed resolution of: Lcom/bun/miitmdid/interfaces/IIdentifierListener;
05-17 13:07:32.941 12440 12440 I nvelope:channe:   at boolean com.kwad.sdk.oaid.OADIDSDKHelper.isSupport() ((null):-1)
05-17 13:07:32.941 12440 12440 I nvelope:channe:   at void com.kwad.sdk.core.c.a.b(android.content.Context) ((null):-1)
05-17 13:07:32.941 12440 12440 I nvelope:channe:   at java.lang.String com.kwad.sdk.core.c.a.a(android.content.Context) ((null):-1)
05-17 13:07:32.941 12440 12440 I nvelope:channe:   at void com.kwad.sdk.KsAdSDKImpl.init(android.content.Context, com.kwad.sdk.api.SdkConfig) ((null):-1)
05-17 13:07:32.941 12440 12440 I nvelope:channe:   at boolean com.kwad.sdk.api.KsAdSDK.init(android.content.Context, com.kwad.sdk.api.SdkConfig) ((null):-1)
05-17 13:07:32.941 12440 12440 I nvelope:channe:   at void e.b.c() (AdSdk.java:9)
05-17 13:07:32.942 12440 12440 I nvelope:channe:   at void e.b.a(java.lang.Runnable) (AdSdk.java:4)
05-17 13:07:32.942 12440 12440 I nvelope:channe:   at void com.ldd.purecalendar.App.f() (App.java:5)
05-17 13:07:32.942 12440 12440 I nvelope:channe:   at void com.ldd.purecalendar.App.onCreate() (App.java:13)
05-17 13:07:32.942 12440 12440 I nvelope:channe:   at void com.stub.StubApp.onCreate() ((null):-1)
05-17 13:07:32.942 12440 12440 I nvelope:channe:   at void android.app.Instrumentation.callApplicationOnCreate(android.app.Application) (Instrumentation.java:1155)
05-17 13:07:32.942 12440 12440 I nvelope:channe:   at void android.app.ActivityThread.handleBindApplication(android.app.ActivityThread$AppBindData) (ActivityThread.java:5960)
05-17 13:07:32.942 12440 12440 I nvelope:channe:   at void android.app.ActivityThread.access$1200(android.app.ActivityThread, android.app.ActivityThread$AppBindData) (ActivityThread.java:201)
05-17 13:07:32.942 12440 12440 I nvelope:channe:   at void android.app.ActivityThread$H.handleMessage(android.os.Message) (ActivityThread.java:1674)
05-17 13:07:32.942 12440 12440 I nvelope:channe:   at void android.os.Handler.dispatchMessage(android.os.Message) (Handler.java:106)
05-17 13:07:32.942 12440 12440 I nvelope:channe:   at void android.os.Looper.loop() (Looper.java:201)
05-17 13:07:32.942 12440 12440 I nvelope:channe:   at void android.app.ActivityThread.main(java.lang.String[]) (ActivityThread.java:6821)
05-17 13:07:32.942 12440 12440 I nvelope:channe:   at java.lang.Object java.lang.reflect.Method.invoke(java.lang.Object, java.lang.Object[]) (Method.java:-2)
05-17 13:07:32.942 12440 12440 I nvelope:channe:   at void com.android.internal.os.RuntimeInit$MethodAndArgsCaller.run() (RuntimeInit.java:547)
05-17 13:07:32.947  3705  4033 I TrafficManageService: mina mTrafficStatsReceiver onReceive
05-17 13:07:32.942 12440 12440 I nvelope:channe:   at void com.android.internal.os.ZygoteInit.main(java.lang.String[]) (ZygoteInit.java:873)
05-17 13:07:32.962 12440 12440 I nvelope:channe: Caused by: java.lang.ClassNotFoundException: Didn't find class "com.bun.miitmdid.interfaces.IIdentifierListener" on path: DexPathList[[zip file "/system/framework/org.apache.http.legacy.boot.jar", zip file "/data/app/com.ldd.redenvelope-_56-87eDMd7siyu_p0hQQw==/base.apk", dex file "/system/framework/org.apache.http.legacy.boot.jar"],nativeLibraryDirectories=[/data/app/com.ldd.redenvelope-_56-87eDMd7siyu_p0hQQw==/lib/arm64, /data/app/com.ldd.redenvelope-_56-87eDMd7siyu_p0hQQw==/base.apk!/lib/arm64-v8a, /system/lib64]]
05-17 13:07:32.962 12440 12440 I nvelope:channe:   at java.lang.Class dalvik.system.BaseDexClassLoader.findClass(java.lang.String) (BaseDexClassLoader.java:171)
05-17 13:07:32.962 12440 12440 I nvelope:channe:   at java.lang.Class java.lang.ClassLoader.loadClass(java.lang.String, boolean) (ClassLoader.java:379)
05-17 13:07:32.962 12440 12440 I nvelope:channe:   at java.lang.Class java.lang.ClassLoader.loadClass(java.lang.String) (ClassLoader.java:312)
05-17 13:07:32.962 12440 12440 I nvelope:channe:   at boolean com.kwad.sdk.oaid.OADIDSDKHelper.isSupport() ((null):-1)
05-17 13:07:32.962 12440 12440 I nvelope:channe:   at void com.kwad.sdk.core.c.a.b(android.content.Context) ((null):-1)
05-17 13:07:32.962 12440 12440 I nvelope:channe:   at java.lang.String com.kwad.sdk.core.c.a.a(android.content.Context) ((null):-1)
05-17 13:07:32.962 12440 12440 I nvelope:channe:   at void com.kwad.sdk.KsAdSDKImpl.init(android.content.Context, com.kwad.sdk.api.SdkConfig) ((null):-1)
05-17 13:07:32.962 12440 12440 I nvelope:channe:   at boolean com.kwad.sdk.api.KsAdSDK.init(android.content.Context, com.kwad.sdk.api.SdkConfig) ((null):-1)
05-17 13:07:32.962 12440 12440 I nvelope:channe:   at void e.b.c() (AdSdk.java:9)
05-17 13:07:32.962 12440 12440 I nvelope:channe:   at void e.b.a(java.lang.Runnable) (AdSdk.java:4)
05-17 13:07:32.962 12440 12440 I nvelope:channe:   at void com.ldd.purecalendar.App.f() (App.java:5)
05-17 13:07:32.963 12440 12440 I nvelope:channe:   at void com.ldd.purecalendar.App.onCreate() (App.java:13)
05-17 13:07:32.963 12440 12440 I nvelope:channe:   at void com.stub.StubApp.onCreate() ((null):-1)
05-17 13:07:32.963 12440 12440 I nvelope:channe:   at void android.app.Instrumentation.callApplicationOnCreate(android.app.Application) (Instrumentation.java:1155)
05-17 13:07:32.963 12440 12440 I nvelope:channe:   at void android.app.ActivityThread.handleBindApplication(android.app.ActivityThread$AppBindData) (ActivityThread.java:5960)
05-17 13:07:32.963 12440 12440 I nvelope:channe:   at void android.app.ActivityThread.access$1200(android.app.ActivityThread, android.app.ActivityThread$AppBindData) (ActivityThread.java:201)
05-17 13:07:32.963 12440 12440 I nvelope:channe:   at void android.app.ActivityThread$H.handleMessage(android.os.Message) (ActivityThread.java:1674)
05-17 13:07:32.963 12440 12440 I nvelope:channe:   at void android.os.Handler.dispatchMessage(android.os.Message) (Handler.java:106)
05-17 13:07:32.963 12440 12440 I nvelope:channe:   at void android.os.Looper.loop() (Looper.java:201)
05-17 13:07:32.963 12440 12440 I nvelope:channe:   at void android.app.ActivityThread.main(java.lang.String[]) (ActivityThread.java:6821)
05-17 13:07:32.963 12440 12440 I nvelope:channe:   at java.lang.Object java.lang.reflect.Method.invoke(java.lang.Object, java.lang.Object[]) (Method.java:-2)
05-17 13:07:32.963 12440 12440 I nvelope:channe:   at void com.android.internal.os.RuntimeInit$MethodAndArgsCaller.run() (RuntimeInit.java:547)
05-17 13:07:32.963 12440 12440 I nvelope:channe:   at void com.android.internal.os.ZygoteInit.main(java.lang.String[]) (ZygoteInit.java:873)
05-17 13:07:32.963 12440 12440 I nvelope:channe: 
05-17 13:07:32.975  1106  6342 I MMParserExtractor: Created(0x71a00ba000)
05-17 13:07:32.979 12440 12619 I KSAdSDK : [OAIDHelper]: manufacturer:XIAOMI--OAID:fb69d06aecb693f3 
05-17 13:07:32.979 12440 12440 I nvelope:channe: Rejecting re-init on previously-failed class java.lang.Class<com.kwad.sdk.oaid.OADIDSDKHelper$1>: java.lang.NoClassDefFoundError: Failed resolution of: Lcom/bun/miitmdid/interfaces/IIdentifierListener;
05-17 13:07:32.979 12440 12440 I nvelope:channe:   at boolean com.kwad.sdk.oaid.OADIDSDKHelper.isSupport() ((null):-1)
05-17 13:07:32.979 12440 12440 I nvelope:channe:   at void com.kwad.sdk.core.c.a.b(android.content.Context) ((null):-1)
05-17 13:07:32.979 12440 12440 I nvelope:channe:   at java.lang.String com.kwad.sdk.core.c.a.a(android.content.Context) ((null):-1)
05-17 13:07:32.979 12440 12440 I nvelope:channe:   at void com.kwad.sdk.KsAdSDKImpl.init(android.content.Context, com.kwad.sdk.api.SdkConfig) ((null):-1)
05-17 13:07:32.979 12440 12440 I nvelope:channe:   at boolean com.kwad.sdk.api.KsAdSDK.init(android.content.Context, com.kwad.sdk.api.SdkConfig) ((null):-1)
05-17 13:07:32.979 12440 12440 I nvelope:channe:   at void e.b.c() (AdSdk.java:9)
05-17 13:07:32.979 12440 12440 I nvelope:channe:   at void e.b.a(java.lang.Runnable) (AdSdk.java:4)
05-17 13:07:32.979 12440 12440 I nvelope:channe:   at void com.ldd.purecalendar.App.f() (App.java:5)
05-17 13:07:32.979 12440 12440 I nvelope:channe:   at void com.ldd.purecalendar.App.onCreate() (App.java:13)
05-17 13:07:32.979 12440 12440 I nvelope:channe:   at void com.stub.StubApp.onCreate() ((null):-1)
05-17 13:07:32.979 12440 12440 I nvelope:channe:   at void android.app.Instrumentation.callApplicationOnCreate(android.app.Application) (Instrumentation.java:1155)
05-17 13:07:32.979 12440 12440 I nvelope:channe:   at void android.app.ActivityThread.handleBindApplication(android.app.ActivityThread$AppBindData) (ActivityThread.java:5960)
05-17 13:07:32.979 12440 12440 I nvelope:channe:   at void android.app.ActivityThread.access$1200(android.app.ActivityThread, android.app.ActivityThread$AppBindData) (ActivityThread.java:201)
05-17 13:07:32.979 12440 12440 I nvelope:channe:   at void android.app.ActivityThread$H.handleMessage(android.os.Message) (ActivityThread.java:1674)
05-17 13:07:32.979 12440 12440 I nvelope:channe:   at void android.os.Handler.dispatchMessage(android.os.Message) (Handler.java:106)
05-17 13:07:32.979 12440 12440 I nvelope:channe:   at void android.os.Looper.loop() (Looper.java:201)
05-17 13:07:32.979 12440 12440 I nvelope:channe:   at void android.app.ActivityThread.main(java.lang.String[]) (ActivityThread.java:6821)
05-17 13:07:32.979 12440 12440 I nvelope:channe:   at java.lang.Object java.lang.reflect.Method.invoke(java.lang.Object, java.lang.Object[]) (Method.java:-2)
05-17 13:07:32.979 12440 12440 I nvelope:channe:   at void com.android.internal.os.RuntimeInit$MethodAndArgsCaller.run() (RuntimeInit.java:547)
05-17 13:07:32.979 12440 12440 I nvelope:channe:   at void com.android.internal.os.ZygoteInit.main(java.lang.String[]) (ZygoteInit.java:873)
05-17 13:07:32.979 12440 12440 I nvelope:channe: Caused by: java.lang.ClassNotFoundException: Didn't find class "com.bun.miitmdid.interfaces.IIdentifierListener" on path: DexPathList[[zip file "/system/framework/org.apache.http.legacy.boot.jar", zip file "/data/app/com.ldd.redenvelope-_56-87eDMd7siyu_p0hQQw==/base.apk", dex file "/system/framework/org.apache.http.legacy.boot.jar"],nativeLibraryDirectories=[/data/app/com.ldd.redenvelope-_56-87eDMd7siyu_p0hQQw==/lib/arm64, /data/app/com.ldd.redenvelope-_56-87eDMd7siyu_p0hQQw==/base.apk!/lib/arm64-v8a, /system/lib64]]
05-17 13:07:32.979 12440 12440 I nvelope:channe:   at java.lang.Class dalvik.system.BaseDexClassLoader.findClass(java.lang.String) (BaseDexClassLoader.java:171)
05-17 13:07:32.979 12440 12440 I nvelope:channe:   at java.lang.Class java.lang.ClassLoader.loadClass(java.lang.String, boolean) (ClassLoader.java:379)
05-17 13:07:32.979 12440 12440 I nvelope:channe:   at java.lang.Class java.lang.ClassLoader.loadClass(java.lang.String) (ClassLoader.java:312)
05-17 13:07:32.979 12440 12440 I nvelope:channe:   at boolean com.kwad.sdk.oaid.OADIDSDKHelper.isSupport() ((null):-1)
05-17 13:07:32.979 12440 12440 I nvelope:channe:   at void com.kwad.sdk.core.c.a.b(android.content.Context) ((null):-1)
05-17 13:07:32.979 12440 12440 I nvelope:channe:   at java.lang.String com.kwad.sdk.core.c.a.a(android.content.Context) ((null):-1)
05-17 13:07:32.979 12440 12440 I nvelope:channe:   at void com.kwad.sdk.KsAdSDKImpl.init(android.content.Context, com.kwad.sdk.api.SdkConfig) ((null):-1)
05-17 13:07:32.979 12440 12440 I nvelope:channe:   at boolean com.kwad.sdk.api.KsAdSDK.init(android.content.Context, com.kwad.sdk.api.SdkConfig) ((null):-1)
05-17 13:07:32.979 12440 12440 I nvelope:channe:   at void e.b.c() (AdSdk.java:9)
05-17 13:07:32.979 12440 12440 I nvelope:channe:   at void e.b.a(java.lang.Runnable) (AdSdk.java:4)
05-17 13:07:32.979 12440 12440 I nvelope:channe:   at void com.ldd.purecalendar.App.f() (App.java:5)
05-17 13:07:32.979 12440 12440 I nvelope:channe:   at void com.ldd.purecalendar.App.onCreate() (App.java:13)
05-17 13:07:32.979 12440 12440 I nvelope:channe:   at void com.stub.StubApp.onCreate() ((null):-1)
05-17 13:07:32.979 12440 12440 I nvelope:channe:   at void android.app.Instrumentation.callApplicationOnCreate(android.app.Application) (Instrumentation.java:1155)
05-17 13:07:32.979 12440 12440 I nvelope:channe:   at void android.app.ActivityThread.handleBindApplication(android.app.ActivityThread$AppBindData) (ActivityThread.java:5960)
05-17 13:07:32.980 12440 12440 I nvelope:channe:   at void android.app.ActivityThread.access$1200(android.app.ActivityThread, android.app.ActivityThread$AppBindData) (ActivityThread.java:201)
05-17 13:07:32.980 12440 12440 I nvelope:channe:   at void android.app.ActivityThread$H.handleMessage(android.os.Message) (ActivityThread.java:1674)
05-17 13:07:32.980 12440 12440 I nvelope:channe:   at void android.os.Handler.dispatchMessage(android.os.Message) (Handler.java:106)
05-17 13:07:32.980 12440 12440 I nvelope:channe:   at void android.os.Looper.loop() (Looper.java:201)
05-17 13:07:32.980 12440 12440 I nvelope:channe:   at void android.app.ActivityThread.main(java.lang.String[]) (ActivityThread.java:6821)
05-17 13:07:32.980 12440 12440 I nvelope:channe:   at java.lang.Object java.lang.reflect.Method.invoke(java.lang.Object, java.lang.Object[]) (Method.java:-2)
05-17 13:07:32.980 12440 12440 I nvelope:channe:   at void com.android.internal.os.RuntimeInit$MethodAndArgsCaller.run() (RuntimeInit.java:547)
05-17 13:07:32.980 12440 12440 I nvelope:channe:   at void com.android.internal.os.ZygoteInit.main(java.lang.String[]) (ZygoteInit.java:873)
05-17 13:07:32.980 12440 12440 I nvelope:channe: 
05-17 13:07:32.982 12440 12440 I nvelope:channe: Rejecting re-init on previously-failed class java.lang.Class<com.kwad.sdk.oaid.OADIDSDKHelper$1>: java.lang.NoClassDefFoundError: Failed resolution of: Lcom/bun/miitmdid/interfaces/IIdentifierListener;
05-17 13:07:32.982 12440 12440 I nvelope:channe:   at boolean com.kwad.sdk.oaid.OADIDSDKHelper.isSupport() ((null):-1)
05-17 13:07:32.982 12440 12440 I nvelope:channe:   at void com.kwad.sdk.core.c.a.b(android.content.Context) ((null):-1)
05-17 13:07:32.982 12440 12440 I nvelope:channe:   at java.lang.String com.kwad.sdk.core.c.a.a(android.content.Context) ((null):-1)
05-17 13:07:32.982 12440 12440 I nvelope:channe:   at void com.kwad.sdk.KsAdSDKImpl.init(android.content.Context, com.kwad.sdk.api.SdkConfig) ((null):-1)
05-17 13:07:32.982 12440 12440 I nvelope:channe:   at boolean com.kwad.sdk.api.KsAdSDK.init(android.content.Context, com.kwad.sdk.api.SdkConfig) ((null):-1)
05-17 13:07:32.982 12440 12440 I nvelope:channe:   at void e.b.c() (AdSdk.java:9)
05-17 13:07:32.982 12440 12440 I nvelope:channe:   at void e.b.a(java.lang.Runnable) (AdSdk.java:4)
05-17 13:07:32.982 12440 12440 I nvelope:channe:   at void com.ldd.purecalendar.App.f() (App.java:5)
05-17 13:07:32.982 12440 12440 I nvelope:channe:   at void com.ldd.purecalendar.App.onCreate() (App.java:13)
05-17 13:07:32.982 12440 12440 I nvelope:channe:   at void com.stub.StubApp.onCreate() ((null):-1)
05-17 13:07:32.982 12440 12440 I nvelope:channe:   at void android.app.Instrumentation.callApplicationOnCreate(android.app.Application) (Instrumentation.java:1155)
05-17 13:07:32.982 12440 12440 I nvelope:channe:   at void android.app.ActivityThread.handleBindApplication(android.app.ActivityThread$AppBindData) (ActivityThread.java:5960)
05-17 13:07:32.982 12440 12440 I nvelope:channe:   at void android.app.ActivityThread.access$1200(android.app.ActivityThread, android.app.ActivityThread$AppBindData) (ActivityThread.java:201)
05-17 13:07:32.982 12440 12440 I nvelope:channe:   at void android.app.ActivityThread$H.handleMessage(android.os.Message) (ActivityThread.java:1674)
05-17 13:07:32.982 12440 12440 I nvelope:channe:   at void android.os.Handler.dispatchMessage(android.os.Message) (Handler.java:106)
05-17 13:07:32.982 12440 12440 I nvelope:channe:   at void android.os.Looper.loop() (Looper.java:201)
05-17 13:07:32.982 12440 12440 I nvelope:channe:   at void android.app.ActivityThread.main(java.lang.String[]) (ActivityThread.java:6821)
05-17 13:07:32.982 12440 12440 I nvelope:channe:   at java.lang.Object java.lang.reflect.Method.invoke(java.lang.Object, java.lang.Object[]) (Method.java:-2)
05-17 13:07:32.982 12440 12440 I nvelope:channe:   at void com.android.internal.os.RuntimeInit$MethodAndArgsCaller.run() (RuntimeInit.java:547)
05-17 13:07:32.982 12440 12440 I nvelope:channe:   at void com.android.internal.os.ZygoteInit.main(java.lang.String[]) (ZygoteInit.java:873)
05-17 13:07:32.982 12440 12440 I nvelope:channe: Caused by: java.lang.ClassNotFoundException: Didn't find class "com.bun.miitmdid.interfaces.IIdentifierListener" on path: DexPathList[[zip file "/system/framework/org.apache.http.legacy.boot.jar", zip file "/data/app/com.ldd.redenvelope-_56-87eDMd7siyu_p0hQQw==/base.apk", dex file "/system/framework/org.apache.http.legacy.boot.jar"],nativeLibraryDirectories=[/data/app/com.ldd.redenvelope-_56-87eDMd7siyu_p0hQQw==/lib/arm64, /data/app/com.ldd.redenvelope-_56-87eDMd7siyu_p0hQQw==/base.apk!/lib/arm64-v8a, /system/lib64]]
05-17 13:07:32.982 12440 12440 I nvelope:channe:   at java.lang.Class dalvik.system.BaseDexClassLoader.findClass(java.lang.String) (BaseDexClassLoader.java:171)
05-17 13:07:32.982 12440 12440 I nvelope:channe:   at java.lang.Class java.lang.ClassLoader.loadClass(java.lang.String, boolean) (ClassLoader.java:379)
05-17 13:07:32.982 12440 12440 I nvelope:channe:   at java.lang.Class java.lang.ClassLoader.loadClass(java.lang.String) (ClassLoader.java:312)
05-17 13:07:32.982 12440 12440 I nvelope:channe:   at boolean com.kwad.sdk.oaid.OADIDSDKHelper.isSupport() ((null):-1)
05-17 13:07:32.982 12440 12440 I nvelope:channe:   at void com.kwad.sdk.core.c.a.b(android.content.Context) ((null):-1)
05-17 13:07:32.982 12440 12440 I nvelope:channe:   at java.lang.String com.kwad.sdk.core.c.a.a(android.content.Context) ((null):-1)
05-17 13:07:32.982 12440 12440 I nvelope:channe:   at void com.kwad.sdk.KsAdSDKImpl.init(android.content.Context, com.kwad.sdk.api.SdkConfig) ((null):-1)
05-17 13:07:32.982 12440 12440 I nvelope:channe:   at boolean com.kwad.sdk.api.KsAdSDK.init(android.content.Context, com.kwad.sdk.api.SdkConfig) ((null):-1)
05-17 13:07:32.982 12440 12440 I nvelope:channe:   at void e.b.c() (AdSdk.java:9)
05-17 13:07:32.982 12440 12440 I nvelope:channe:   at void e.b.a(java.lang.Runnable) (AdSdk.java:4)
05-17 13:07:32.982 12440 12440 I nvelope:channe:   at void com.ldd.purecalendar.App.f() (App.java:5)
05-17 13:07:32.982 12440 12440 I nvelope:channe:   at void com.ldd.purecalendar.App.onCreate() (App.java:13)
05-17 13:07:32.982 12440 12440 I nvelope:channe:   at void com.stub.StubApp.onCreate() ((null):-1)
05-17 13:07:32.982 12440 12440 I nvelope:channe:   at void android.app.Instrumentation.callApplicationOnCreate(android.app.Application) (Instrumentation.java:1155)
05-17 13:07:32.982 12440 12440 I nvelope:channe:   at void android.app.ActivityThread.handleBindApplication(android.app.ActivityThread$AppBindData) (ActivityThread.java:5960)
05-17 13:07:32.982 12440 12440 I nvelope:channe:   at void android.app.ActivityThread.access$1200(android.app.ActivityThread, android.app.ActivityThread$AppBindData) (ActivityThread.java:201)
05-17 13:07:32.982 12440 12440 I nvelope:channe:   at void android.app.ActivityThread$H.handleMessage(android.os.Message) (ActivityThread.java:1674)
05-17 13:07:32.982 12440 12440 I nvelope:channe:   at void android.os.Handler.dispatchMessage(android.os.Message) (Handler.java:106)
05-17 13:07:32.982 12440 12440 I nvelope:channe:   at void android.os.Looper.loop() (Looper.java:201)
05-17 13:07:32.982 12440 12440 I nvelope:channe:   at void android.app.ActivityThread.main(java.lang.String[]) (ActivityThread.java:6821)
05-17 13:07:32.982 12440 12440 I nvelope:channe:   at java.lang.Object java.lang.reflect.Method.invoke(java.lang.Object, java.lang.Object[]) (Method.java:-2)
05-17 13:07:32.982 12440 12440 I nvelope:channe:   at void com.android.internal.os.RuntimeInit$MethodAndArgsCaller.run() (RuntimeInit.java:547)
05-17 13:07:32.982 12440 12440 I nvelope:channe:   at void com.android.internal.os.ZygoteInit.main(java.lang.String[]) (ZygoteInit.java:873)
05-17 13:07:32.982 12440 12440 I nvelope:channe: 
05-17 13:07:32.985 12440 12440 I nvelope:channe: Rejecting re-init on previously-failed class java.lang.Class<com.kwad.sdk.oaid.OADIDSDKHelper25$IIdentifierListener25>: java.lang.NoClassDefFoundError: Failed resolution of: Lcom/bun/miitmdid/interfaces/IIdentifierListener;
05-17 13:07:32.985 12440 12440 I nvelope:channe:   at boolean com.kwad.sdk.oaid.OADIDSDKHelper25.isSupport() ((null):-1)
05-17 13:07:32.985 12440 12440 I nvelope:channe:   at void com.kwad.sdk.core.c.a.b(android.content.Context) ((null):-1)
05-17 13:07:32.985 12440 12440 I nvelope:channe:   at java.lang.String com.kwad.sdk.core.c.a.a(android.content.Context) ((null):-1)
05-17 13:07:32.985 12440 12440 I nvelope:channe:   at void com.kwad.sdk.KsAdSDKImpl.init(android.content.Context, com.kwad.sdk.api.SdkConfig) ((null):-1)
05-17 13:07:32.985 12440 12440 I nvelope:channe:   at boolean com.kwad.sdk.api.KsAdSDK.init(android.content.Context, com.kwad.sdk.api.SdkConfig) ((null):-1)
05-17 13:07:32.985 12440 12440 I nvelope:channe:   at void e.b.c() (AdSdk.java:9)
05-17 13:07:32.985 12440 12440 I nvelope:channe:   at void e.b.a(java.lang.Runnable) (AdSdk.java:4)
05-17 13:07:32.985 12440 12440 I nvelope:channe:   at void com.ldd.purecalendar.App.f() (App.java:5)
05-17 13:07:32.985 12440 12440 I nvelope:channe:   at void com.ldd.purecalendar.App.onCreate() (App.java:13)
05-17 13:07:32.985 12440 12440 I nvelope:channe:   at void com.stub.StubApp.onCreate() ((null):-1)
05-17 13:07:32.985 12440 12440 I nvelope:channe:   at void android.app.Instrumentation.callApplicationOnCreate(android.app.Application) (Instrumentation.java:1155)
05-17 13:07:32.985 12440 12440 I nvelope:channe:   at void android.app.ActivityThread.handleBindApplication(android.app.ActivityThread$AppBindData) (ActivityThread.java:5960)
05-17 13:07:32.985 12440 12440 I nvelope:channe:   at void android.app.ActivityThread.access$1200(android.app.ActivityThread, android.app.ActivityThread$AppBindData) (ActivityThread.java:201)
05-17 13:07:32.985 12440 12440 I nvelope:channe:   at void android.app.ActivityThread$H.handleMessage(android.os.Message) (ActivityThread.java:1674)
05-17 13:07:32.985 12440 12440 I nvelope:channe:   at void android.os.Handler.dispatchMessage(android.os.Message) (Handler.java:106)
05-17 13:07:32.985 12440 12440 I nvelope:channe:   at void android.os.Looper.loop() (Looper.java:201)
05-17 13:07:32.985 12440 12440 I nvelope:channe:   at void android.app.ActivityThread.main(java.lang.String[]) (ActivityThread.java:6821)
05-17 13:07:32.985 12440 12440 I nvelope:channe:   at java.lang.Object java.lang.reflect.Method.invoke(java.lang.Object, java.lang.Object[]) (Method.java:-2)
05-17 13:07:32.985 12440 12440 I nvelope:channe:   at void com.android.internal.os.RuntimeInit$MethodAndArgsCaller.run() (RuntimeInit.java:547)
05-17 13:07:32.985 12440 12440 I nvelope:channe:   at void com.android.internal.os.ZygoteInit.main(java.lang.String[]) (ZygoteInit.java:873)
05-17 13:07:32.985 12440 12440 I nvelope:channe: Caused by: java.lang.ClassNotFoundException: Didn't find class "com.bun.miitmdid.interfaces.IIdentifierListener" on path: DexPathList[[zip file "/system/framework/org.apache.http.legacy.boot.jar", zip file "/data/app/com.ldd.redenvelope-_56-87eDMd7siyu_p0hQQw==/base.apk", dex file "/system/framework/org.apache.http.legacy.boot.jar"],nativeLibraryDirectories=[/data/app/com.ldd.redenvelope-_56-87eDMd7siyu_p0hQQw==/lib/arm64, /data/app/com.ldd.redenvelope-_56-87eDMd7siyu_p0hQQw==/base.apk!/lib/arm64-v8a, /system/lib64]]
