--------- beginning of system
05-17 13:04:59.232  2133  2167 E UsbDeviceManager: handle message = 9
--------- beginning of main
05-17 13:04:59.697  3472  3721 I IMECheckManager: getSelectedInputMethod, ime is io.github.ylimit.droidbotapp/.DroidBotIME
05-17 13:04:59.697  3472  3721 I IMECheckManager: InputMethodObserver, userId is 0, ime = io.github.ylimit.droidbotapp/.DroidBotIME
05-17 13:04:59.710  2133  2724 E InputMethodManagerService: Ignoring com.android.server.InputMethodManagerService.updateStatusIcon:2221 due to an invalid token. uid:10085 token:android.os.Binder@9628f67
05-17 13:04:59.710  3472  3721 I IMECheckManager: getSelectedInputMethod, ime is io.github.ylimit.droidbotapp/.DroidBotIME
05-17 13:04:59.711  3472  3721 I IMECheckManager: updateCurrentIME, userId is 0, ime is io.github.ylimit.droidbotapp/.DroidBotIME, pkg is io.github.ylimit.droidbotapp, uid is 10164
05-17 13:04:59.711  3472  3721 I ActiveStateController: Ime outdated, uid is 10085
05-17 13:04:59.711  3472  3825 I PowerKeeperConfigureManager: userId is 0, Ime outdated, uid is 10085
05-17 13:04:59.716  3472  3721 I ActiveStateController: Ime update, uid is 10164
05-17 13:04:59.716  3472  3721 I HideModeStateMachine: Uid: 10085 State: inactive_level_1st Feature: location |-> compareAndSetParam, Bundle[{POLICY=0}]
05-17 13:04:59.716  3472  3721 I HideModeStateMachine: Uid: 10085 State: inactive_level_1st Feature: sensor |-> compareAndSetParam, Bundle[{POLICY=0}]
05-17 13:04:59.728  2429  2429 E MiuiFaceFactory: getCurrentAuthType sCurrentAuthType = 1
05-17 13:04:59.729  2133  2167 E UsbDeviceManager: handle message = 6
05-17 13:04:59.734  2429  2429 E MiuiFaceFactory: getFaceManager sCurrentAuthType = 1
05-17 13:04:59.734  2429  2429 E MiuiFaceFactory: getCurrentAuthType sCurrentAuthType = 1
05-17 13:04:59.735  2429  2429 E MiuiFaceFactory: getFaceManager sCurrentAuthType = 1
05-17 13:04:59.735  2429  2429 E MiuiFaceFactory: getCurrentAuthType sCurrentAuthType = 1
05-17 13:04:59.735  2429  2429 E MiuiFaceFactory: getFaceManager sCurrentAuthType = 1
05-17 13:04:59.751  3472  3721 I HideModeStateMachine: Uid: 10164 State: inactive_level_1st Feature: location |-> compareAndSetParam, Bundle[{POLICY=0}]
05-17 13:04:59.751  3472  3721 I HideModeStateMachine: Uid: 10164 State: inactive_level_1st Feature: location |-> startRun
05-17 13:04:59.751  3472  3721 I HideModeStateMachine: Uid: 10164 State: inactive_level_1st Feature: location |-> setActive
05-17 13:04:59.751  3472  3721 I HideModeStateMachine: Uid: 10164 State: inactive_level_1st Feature: sensor |-> compareAndSetParam, Bundle[{POLICY=0}]
05-17 13:04:59.751  3472  3721 I HideModeStateMachine: Uid: 10164 State: inactive_level_1st Feature: sensor |-> startRun
05-17 13:04:59.751  3472  3721 I HideModeStateMachine: Uid: 10164 State: inactive_level_1st Feature: sensor |-> setActive
05-17 13:04:59.751  3472  3721 I HideModeStateMachine: Uid: 10164 State: inactive_level_1st Feature: sensor |-> updateRule, Rule = allow
05-17 13:04:59.751  3472  3721 I HideModeStateMachine: Uid: 10164 Feature: sensor Rule: allow |-> notifyAppRuleChangedListeners
05-17 13:04:59.753  3472  3825 I PowerKeeperConfigureManager: userId is 0, Ime update, uid is 10164
05-17 13:04:59.755  3557  3563 I od.sogou.xiaom: Method exceeds compiler instruction limit: 16498 in void com.sohu.inputmethod.settings.internet.StatisticsData.a(boolean, boolean)
05-17 13:04:59.762  2133  8014 E InputMethodManagerService: Ignoring com.android.server.InputMethodManagerService.updateStatusIcon:2221 due to an invalid token. uid:10085 token:android.os.Binder@9628f67
05-17 13:04:59.767  3557  3557 I Process : Sending signal. PID: 3557 SIG: 9
05-17 13:04:59.793  2133  9390 I ActivityManager: Process com.sohu.inputmethod.sogou.xiaomi (pid 3557) has died: fore SVC 
05-17 13:04:59.793  2133  2163 W libprocessgroup: kill(-3557, 9) failed: No such process
05-17 13:04:59.796  1084  1084 I Zygote  : Process 3557 exited due to signal (9)
05-17 13:04:59.800  2133  2163 W libprocessgroup: kill(-3557, 9) failed: No such process
05-17 13:04:59.800  2133  2163 I libprocessgroup: Successfully killed process cgroup uid 10085 pid 3557 in 7ms
05-17 13:05:00.469  9682  9682 I app_process: The ClassLoaderContext is a special shared library.
05-17 13:05:00.496  9682  9682 E libc    : Access denied finding property "ro.vendor.at_library"
05-17 13:05:00.489  9682  9682 W main    : type=1400 audit(0.0:11360): avc: denied { read } for name="u:object_r:vendor_mpctl_prop:s0" dev="tmpfs" ino=12459 scontext=u:r:shell:s0 tcontext=u:object_r:vendor_mpctl_prop:s0 tclass=file permissive=0
05-17 13:05:00.504  9682  9682 I Input   : injectKeyEvent: KeyEvent { action=ACTION_DOWN, keyCode=KEYCODE_MENU, scanCode=0, metaState=0, flags=0x0, repeatCount=0, eventTime=13110860, downTime=13110860, deviceId=-1, source=0x101 }
05-17 13:05:00.527  2133  9390 W BaseMiuiPhoneWindowManager: keyCode:82 down:true eventTime:13110860 downTime:13110860 policyFlags:2b000000 flags:0 deviceId:-1 isScreenOn:true keyguardActive:false repeatCount:0
05-17 13:05:00.530  9682  9682 I Input   : injectKeyEvent: KeyEvent { action=ACTION_UP, keyCode=KEYCODE_MENU, scanCode=0, metaState=0, flags=0x0, repeatCount=0, eventTime=13110860, downTime=13110860, deviceId=-1, source=0x101 }
05-17 13:05:00.531  2133  6011 W BaseMiuiPhoneWindowManager: keyCode:82 down:false eventTime:13110860 downTime:13110860 policyFlags:2b000000 flags:0 deviceId:-1 isScreenOn:true keyguardActive:false repeatCount:0
05-17 13:05:00.548  2429  2429 W HeadsUpManager: removeHeadsUpNotification() no heads up notification on show
05-17 13:05:00.594  2133  9390 I SplashScreenServiceDelegate: None for com.android.systemui
05-17 13:05:00.595  2133  9390 I ActivityManager: START u0 {flg=0x10884000 cmp=com.android.systemui/.recents.RecentsActivity} from uid 1000
05-17 13:05:00.596  2133  9390 I ActivityManager: Ignoring FLAG_ACTIVITY_NEW_DOCUMENT, launchMode is "singleInstance" or "singleTask"
05-17 13:05:00.603  2133  9390 E ActivityTrigger: activityResumeTrigger: not whiteListedcom.android.systemui/com.android.systemui.recents.RecentsActivity/201906250
05-17 13:05:00.606   786   816 E ANDR-PERF-MPCTL: Invalid profile no. 0, total profiles 0 only
05-17 13:05:00.616  2991  3068 I octvm_power: power mode [normal] start 1684299900
05-17 13:05:00.616  2991  3068 I octvm_drv: common drv: get_current_battery_uAh will return 0
05-17 13:05:00.616  2991  3068 I octvm_power: Action: set_bcbc_cust_state(disable) for [foreground_change]
05-17 13:05:00.616  2991  3068 I octvm_drv: common drv: platform_set_bcbc_cust_state -> platform not support
05-17 13:05:00.616  2991  3068 I octvm_power: Action: set_lcd_mode(default) for [foreground_change]
05-17 13:05:00.616  2991  3068 I octvm_drv: common drv: platform_set_lcd_mode -> platform not support
05-17 13:05:00.616  2991  3068 I octvm_power: Action: set_thermal_config(restore) for [foreground_change]
05-17 13:05:00.616  2991  3068 I octvm_drv: platform_set_thermal_mode cur_global_config:[], target mode:[restore], profile=0, ret=0
05-17 13:05:00.616  2991  3068 I octvm_drv: common drv: get_current_battery_uAh will return 0
05-17 13:05:00.616  2991  3068 I octvm_power: onPowerModeChanged[normal] called
05-17 13:05:00.619  2133  9390 I Timeline: Timeline: App_transition_ready time:13110974
05-17 13:05:00.620  2671  2975 I NotifierManager: onUnregister: miui.maml.NotifierManager$MultiBroadcastNotifier@3527d7f
05-17 13:05:00.620  2671  2975 I RenderThread: RenderThread paused, waiting for signal
05-17 13:05:00.621  2133  6011 I Timeline: Timeline: App_transition_ready time:13110977
05-17 13:05:00.623  2133  2210 I Timeline: Timeline: App_transition_ready time:13110979
05-17 13:05:00.652  2133  2145 I Timeline: Timeline: App_transition_ready time:13111008
05-17 13:05:00.659  2429  2429 W HeadsUpManager: removeHeadsUpNotification() no heads up notification on show
05-17 13:05:00.663  2133  2145 I Timeline: Timeline: App_transition_ready time:13111018
05-17 13:05:00.666  2671  2671 E Launcher: changeViewByFsGestureState,  view=ShortcutMenuLayer,  alpha=0.0,  scale=1.0
05-17 13:05:00.668  2133  2210 I Timeline: Timeline: App_transition_ready time:13111023
05-17 13:05:00.672  3472  3721 I HideModeStateMachine: Uid: 10030 State: inactive_level_1st |-> startRun
05-17 13:05:00.672  3472  3721 I HideModeStateMachine: Uid: 10030 State: inactive_level_1st Feature: location |-> startRun
05-17 13:05:00.672  3472  3721 I HideModeStateMachine: Uid: 10030 State: inactive_level_1st Feature: location |-> setActive
05-17 13:05:00.672  3472  3721 I HideModeStateMachine: Uid: 10030 State: inactive_level_1st Feature: sensor |-> startRun
05-17 13:05:00.672  3472  3721 I HideModeStateMachine: Uid: 10030 State: inactive_level_1st Feature: sensor |-> setActive
05-17 13:05:00.682  2133  2210 I Timeline: Timeline: App_transition_ready time:13111038
05-17 13:05:00.686  2133  9390 I SplashScreenServiceDelegate: None for com.android.systemui
05-17 13:05:00.702  3705  4033 I TrafficManageService: mina mTrafficStatsReceiver onReceive
05-17 13:05:00.770  3705  4033 I TrafficManageService: mina mTrafficStatsReceiver onReceive
05-17 13:05:00.846   814  2892 W SurfaceFlinger: Attempting to set client state on removed layer: com.miui.home/com.miui.home.launcher.Launcher#0
05-17 13:05:00.847   814  2892 W SurfaceFlinger: Attempting to destroy on removed layer: com.miui.home/com.miui.home.launcher.Launcher#0
05-17 13:05:00.849  2133  2169 I Timeline: Timeline: Activity_windows_visible id: ActivityRecord{492679d u0 com.android.systemui/.recents.RecentsActivity t5} time:13111204
05-17 13:05:00.855  2133  2210 I Timeline: Timeline: App_transition_stopped time:13111211
05-17 13:05:00.958  9694  9694 I app_process: The ClassLoaderContext is a special shared library.
05-17 13:05:00.969  9694  9694 W main    : type=1400 audit(0.0:11361): avc: denied { read } for name="u:object_r:vendor_mpctl_prop:s0" dev="tmpfs" ino=12459 scontext=u:r:shell:s0 tcontext=u:object_r:vendor_mpctl_prop:s0 tclass=file permissive=0
05-17 13:05:00.981  9694  9694 E libc    : Access denied finding property "ro.vendor.at_library"
05-17 13:05:00.991  9694  9694 I Input   : injectKeyEvent: KeyEvent { action=ACTION_DOWN, keyCode=KEYCODE_BACK, scanCode=0, metaState=0, flags=0x0, repeatCount=0, eventTime=13111346, downTime=13111346, deviceId=-1, source=0x101 }
05-17 13:05:01.014  2133  6675 W BaseMiuiPhoneWindowManager: keyCode:4 down:true eventTime:13111346 downTime:13111346 policyFlags:2b000000 flags:0 deviceId:-1 isScreenOn:true keyguardActive:false repeatCount:0
05-17 13:05:01.019  9694  9694 I Input   : injectKeyEvent: KeyEvent { action=ACTION_UP, keyCode=KEYCODE_BACK, scanCode=0, metaState=0, flags=0x0, repeatCount=0, eventTime=13111346, downTime=13111346, deviceId=-1, source=0x101 }
05-17 13:05:01.020  2133  6675 W BaseMiuiPhoneWindowManager: keyCode:4 down:false eventTime:13111346 downTime:13111346 policyFlags:2b000000 flags:0 deviceId:-1 isScreenOn:true keyguardActive:false repeatCount:0
05-17 13:05:01.032  2133  9390 I SplashScreenServiceDelegate: None for com.miui.home
05-17 13:05:01.032  2133  9390 I ActivityManager: START u0 {act=android.intent.action.MAIN cat=[android.intent.category.HOME] flg=0x10200000 cmp=com.miui.home/.launcher.Launcher} from uid 1000
05-17 13:05:01.038  2133  9390 E ActivityTrigger: activityResumeTrigger: not whiteListedcom.miui.home/com.miui.home.launcher.Launcher/41201167
05-17 13:05:01.039   786   816 E ANDR-PERF-MPCTL: Invalid profile no. 0, total profiles 0 only
05-17 13:05:01.060  3472  3721 I HideModeStateMachine: Uid: 10030 State: inactive_level_1st |-> setForegroundActive
05-17 13:05:01.060  2991  3068 I octvm_power: power mode [home] start 1684299901
05-17 13:05:01.060  3472  3721 I HideModeStateMachine: Uid: 10030 State: inactive_level_1st Feature: location |-> setSubStateForegroundActive
05-17 13:05:01.060  3472  3721 I HideModeStateMachine: Uid: 10030 State: inactive_level_1st Feature: sensor |-> setSubStateForegroundActive
05-17 13:05:01.060  3472  3721 I HideModeStateMachine: Uid: 10030 State: active |-> setForegroundActive
05-17 13:05:01.060  2991  3068 I octvm_drv: common drv: get_current_battery_uAh will return 0
05-17 13:05:01.060  2991  3068 I octvm_power: Action: set_bcbc_cust_state(disable) for [foreground_change]
05-17 13:05:01.060  2991  3068 I octvm_drv: common drv: platform_set_bcbc_cust_state -> platform not support
05-17 13:05:01.060  2991  3068 I octvm_power: Action: set_lcd_mode(default) for [foreground_change]
05-17 13:05:01.060  2991  3068 I octvm_drv: common drv: platform_set_lcd_mode -> platform not support
05-17 13:05:01.061  2991  3068 I octvm_power: Action: set_thermal_config(restore) for [foreground_change]
05-17 13:05:01.061  2991  3068 I octvm_drv: platform_set_thermal_mode cur_global_config:[], target mode:[restore], profile=0, ret=0
05-17 13:05:01.061  2991  3068 I octvm_drv: common drv: get_current_battery_uAh will return 0
05-17 13:05:01.061  2991  3068 I octvm_power: onPowerModeChanged[home] called
05-17 13:05:01.067  2133  9390 I Timeline: Timeline: App_transition_ready time:13111423
05-17 13:05:01.068  2133  2210 I Timeline: Timeline: App_transition_ready time:13111424
05-17 13:05:01.070  2429  2429 W HeadsUpManager: removeHeadsUpNotification() no heads up notification on show
05-17 13:05:01.075  2133  6675 I Timeline: Timeline: App_transition_ready time:13111431
05-17 13:05:01.078  2671  2975 I RenderThread: RenderThread resumed
05-17 13:05:01.079  2671  2975 I NotifierManager: onRegister: miui.maml.NotifierManager$MultiBroadcastNotifier@3527d7f
05-17 13:05:01.087  2133  6675 I Timeline: Timeline: App_transition_ready time:13111443
05-17 13:05:01.092  2671  2671 E Launcher: changeViewByFsGestureState,  view=ShortcutMenuLayer,  alpha=1.0,  scale=1.0
05-17 13:05:01.103  2133  2145 I Timeline: Timeline: App_transition_ready time:13111459
05-17 13:05:01.105  2133  2145 I Timeline: Timeline: App_transition_ready time:13111461
05-17 13:05:01.093  2671  2671 E Launcher: changeViewByFsGestureState,  view=ShortcutMenuLayer,  alpha=1.0,  scale=1.0
05-17 13:05:01.108  2133  2210 I Timeline: Timeline: App_transition_ready time:13111463
05-17 13:05:01.110  2133  2145 I Timeline: Timeline: App_transition_ready time:13111466
05-17 13:05:01.114  2133  2145 I Timeline: Timeline: App_transition_ready time:13111470
05-17 13:05:01.117  2133  9390 I Timeline: Timeline: App_transition_ready time:13111473
05-17 13:05:01.132  2671  2671 W AssistOnScrollListener: caculateScrollY firstView is null!
05-17 13:05:01.136  2133  2210 I Timeline: Timeline: App_transition_ready time:13111492
05-17 13:05:01.179   814   879 W SurfaceFlinger: Attempting to set client state on removed layer: com.android.systemui/com.android.systemui.recents.RecentsActivity#0
05-17 13:05:01.179   814   879 W SurfaceFlinger: Attempting to destroy on removed layer: com.android.systemui/com.android.systemui.recents.RecentsActivity#0
05-17 13:05:01.181  2133  9390 I SplashScreenServiceDelegate: None for com.miui.home
05-17 13:05:01.224  3705  4033 I TrafficManageService: mina mTrafficStatsReceiver onReceive
05-17 13:05:01.279  2133  2169 I Timeline: Timeline: Activity_windows_visible id: ActivityRecord{5384054 u0 com.miui.home/.launcher.Launcher t1} time:13111634
05-17 13:05:01.279  2133  6011 I InstallationStatistic: beginInstallSession: 1178761650
05-17 13:05:01.280  2133  2210 I Timeline: Timeline: App_transition_stopped time:13111636
05-17 13:05:01.302  3705  4033 I TrafficManageService: mina mTrafficStatsReceiver onReceive
05-17 13:05:01.352  3705  4033 I TrafficManageService: mina mTrafficStatsReceiver onReceive
05-17 13:05:01.392  2671  2671 E Launcher: changeViewByFsGestureState,  view=FitSystemWindowView,  alpha=1.0,  scale=1.0
05-17 13:05:01.393  2671  2671 E Launcher: changeViewByFsGestureState,  view=ShortcutMenuLayer,  alpha=1.0,  scale=1.0
05-17 13:05:01.396  3705  4033 I TrafficManageService: mina mTrafficStatsReceiver onReceive
--------- beginning of crash
05-17 13:05:01.415  9739  9739 F linker  : CANNOT LINK EXECUTABLE "/system/bin/dpmd": "/system/lib64/libdpmframework.so" is 32-bit instead of 64-bit
05-17 13:05:01.454  2599  4166 I DPMJ    : |REQ:RCVR| DPM creating socket
05-17 13:05:01.468  3705  4033 I TrafficManageService: mina mTrafficStatsReceiver onReceive
05-17 13:05:01.480  3423  3490 I mit.droidbotap: Background concurrent copying GC freed 248906(8MB) AllocSpace objects, 330(23MB) LOS objects, 33% free, 47MB/71MB, paused 68us total 138.888ms
05-17 13:05:01.522  3705  4033 I TrafficManageService: mina mTrafficStatsReceiver onReceive
05-17 13:05:01.592  3705  4033 I TrafficManageService: mina mTrafficStatsReceiver onReceive
05-17 13:05:02.307  2133  2167 E UsbDeviceManager: handle message = 9
05-17 13:05:02.307  2429  2429 I MiuiChargeController: checkBatteryStatus: chargeType 11 status 2 plugged 2 isRapidCharge false isSuperCharge false isCarMode false mChargeDeviceType -1 mChargeDeviceForAnalytic -1
05-17 13:05:02.307  2429  2429 I MiuiChargeManager: checkBatteryStatus:  mChargeState 11 mChargeSpeed 0 mBatteryLevel 100 mChargeDeviceType -1 mIsCarMode false mWirelessChargeState -1
05-17 13:05:02.307  3705  3705 I BatteryInfoReceiver: ACTION_BATTERY_CHANGED
05-17 13:05:02.309  2429  2429 I KeyguardIndication: updateIndication: mVisible false mDozing false mTransientIndication null mPowerPluggedIn true mUpArrowIndication 上滑解锁
05-17 13:05:02.570  3705  4033 I TrafficManageService: mina mTrafficStatsReceiver onReceive
05-17 13:05:02.930  2133  2162 I ActivityManager: Start proc 9753:com.qualcomm.qti.seemp.service:seemp_service/1000 for broadcast com.qualcomm.qti.seemp.service/.SeempBroadcastReceiver caller=android
05-17 13:05:02.969  9753  9753 I e:seemp_servic: Waiting for a blocking GC AddRemoveAppImageSpace
05-17 13:05:02.975  9753  9753 I e:seemp_servic: WaitForGcToComplete blocked AddRemoveAppImageSpace on HeapTrim for 5.487ms
05-17 13:05:02.983  9753  9753 I Perf    : Connecting to perf service.
05-17 13:05:03.000  9753  9753 I Process : Sending signal. PID: 9753 SIG: 9
05-17 13:05:03.000  2133  2176 E system_server: Invalid ID 0x00000000.
05-17 13:05:03.005  2133  2176 W PackageParser: Ignoring duplicate uses-permissions/uses-permissions-sdk-m: android.permission.SET_WALLPAPER in package: com.ldd.redenvelope at: Binary XML file line #-1
05-17 13:05:03.005  2133  2176 W PackageParser: Ignoring duplicate uses-permissions/uses-permissions-sdk-m: android.permission.REQUEST_INSTALL_PACKAGES in package: com.ldd.redenvelope at: Binary XML file line #-1
05-17 13:05:03.005  2133  2176 W PackageParser: Ignoring duplicate uses-permissions/uses-permissions-sdk-m: com.android.permission.system_manager_noclear in package: com.ldd.redenvelope at: Binary XML file line #-1
05-17 13:05:03.005  2133  2176 W PackageParser: Ignoring duplicate uses-permissions/uses-permissions-sdk-m: android.permission.VIBRATE in package: com.ldd.redenvelope at: Binary XML file line #-1
05-17 13:05:03.005  2133  2176 W PackageParser: Ignoring duplicate uses-permissions/uses-permissions-sdk-m: android.permission.SYSTEM_ALERT_WINDOW in package: com.ldd.redenvelope at: Binary XML file line #-1
05-17 13:05:03.006  2133  2176 W PackageParser: Unknown element under <manifest>: queries at /data/app/vmdl1178761650.tmp/base.apk Binary XML file line #133
05-17 13:05:03.006  2133  2176 W PackageParser: No actions in intent filter at /data/app/vmdl1178761650.tmp/base.apk Binary XML file line #-1
05-17 13:05:03.012  2133  6675 I ActivityManager: Process com.qualcomm.qti.seemp.service:seemp_service (pid 9753) has died: fore SVC 
05-17 13:05:03.013  2133  2163 W libprocessgroup: kill(-9753, 9) failed: No such process
05-17 13:05:03.013  2133  2163 I libprocessgroup: Successfully killed process cgroup uid 1000 pid 9753 in 0ms
05-17 13:05:03.013  1084  1084 I Zygote  : Process 9753 exited due to signal (9)
05-17 13:05:03.024  2133  2176 E SELinux : SELinux:  setxattr failed: /data/app/com.ldd.redenvelope-_56-87eDMd7siyu_p0hQQw==:  Operation not permitted
05-17 13:05:03.024  2133  2176 E SELinux : SELinux:  setxattr failed: /data/app/com.ldd.redenvelope-_56-87eDMd7siyu_p0hQQw==/lib:  Operation not permitted
05-17 13:05:03.024  2133  2176 E SELinux : SELinux:  setxattr failed: /data/app/com.ldd.redenvelope-_56-87eDMd7siyu_p0hQQw==/lib/arm64:  Operation not permitted
05-17 13:05:03.160  2133  2176 I PackageManager.DexOptimizer: Running dexopt (dexoptNeeded=1) on: /data/app/com.ldd.redenvelope-_56-87eDMd7siyu_p0hQQw==/base.apk pkg=com.ldd.redenvelope isa=arm64 dexoptFlags=boot_complete,public,enable_hidden_api_checks targetFilter=quicken oatDir=/data/app/com.ldd.redenvelope-_56-87eDMd7siyu_p0hQQw==/oat classLoaderContext=PCL[/system/framework/org.apache.http.legacy.boot.jar]
05-17 13:05:03.189  9775  9775 I dex2oat : /system/bin/dex2oat --input-vdex-fd=-1 --output-vdex-fd=20 --compiler-filter=quicken -j6 --classpath-dir=/data/app/com.ldd.redenvelope-_56-87eDMd7siyu_p0hQQw== --class-loader-context=PCL[/system/framework/org.apache.http.legacy.boot.jar] --generate-mini-debug-info --compact-dex-level=none --compilation-reason=install
05-17 13:05:03.440  9775  9775 I dex2oat : dex2oat took 253.064ms (169.158ms cpu) (threads: 6) arena alloc=12KB (12832B) java alloc=48KB (49240B) native alloc=1579KB (1617800B) free=2004KB (2052216B)
05-17 13:05:03.450  2133  2176 I InstallationStatistic: com.ldd.redenvelope|null|2171|1393|130|67|98|291
05-17 13:05:03.452  3991  4108 I MetokLocationProvider: onSetRequest
05-17 13:05:03.452  3991  3991 I MetokLocationProvider: setRequest: request =ProviderRequest[OFF] ; client =WorkSource{}
05-17 13:05:03.453  3991  3991 I NLPWrapper: request exit
05-17 13:05:03.453  4000  4024 I FusedLocationProvider: onSetRequest
05-17 13:05:03.454  4000  4075 I AbsoluteLocationDispatcher: request type:0
05-17 13:05:03.455  3991  4108 I MetokLocationProvider: onSetRequest
05-17 13:05:03.456  3991  3991 I MetokLocationProvider: setRequest: request =ProviderRequest[OFF] ; client =WorkSource{}
05-17 13:05:03.456  3991  3991 I NLPWrapper: request exit
05-17 13:05:03.456  4000  4024 I FusedLocationProvider: onSetRequest
05-17 13:05:03.456  4000  4075 I AbsoluteLocationDispatcher: request type:0
05-17 13:05:03.457  3991  4108 I MetokLocationProvider: onSetRequest
05-17 13:05:03.457  3991  3991 I MetokLocationProvider: setRequest: request =ProviderRequest[OFF] ; client =WorkSource{}
05-17 13:05:03.457  3991  3991 I NLPWrapper: request exit
05-17 13:05:03.457  4000  4024 I FusedLocationProvider: onSetRequest
05-17 13:05:03.457  4000  4075 I AbsoluteLocationDispatcher: request type:0
05-17 13:05:03.458  3991  4108 I MetokLocationProvider: onSetRequest
05-17 13:05:03.458  3991  3991 I MetokLocationProvider: setRequest: request =ProviderRequest[OFF] ; client =WorkSource{}
05-17 13:05:03.458  3991  3991 I NLPWrapper: request exit
05-17 13:05:03.459  4000  4024 I FusedLocationProvider: onSetRequest
05-17 13:05:03.459  4000  4075 I AbsoluteLocationDispatcher: request type:0
05-17 13:05:03.460  3991  4108 I MetokLocationProvider: onSetRequest
05-17 13:05:03.460  3991  3991 I MetokLocationProvider: setRequest: request =ProviderRequest[OFF] ; client =WorkSource{}
05-17 13:05:03.460  3991  3991 I NLPWrapper: request exit
05-17 13:05:03.460  4000  4024 I FusedLocationProvider: onSetRequest
05-17 13:05:03.460  4000  4075 I AbsoluteLocationDispatcher: request type:0
05-17 13:05:03.465  3991  4108 I MetokLocationProvider: onSetRequest
05-17 13:05:03.465  3991  3991 I MetokLocationProvider: setRequest: request =ProviderRequest[OFF] ; client =WorkSource{}
05-17 13:05:03.465  3991  3991 I NLPWrapper: request exit
05-17 13:05:03.465  4000  4024 I FusedLocationProvider: onSetRequest
05-17 13:05:03.465  4000  4075 I AbsoluteLocationDispatcher: request type:0
05-17 13:05:03.474  1102  2192 E         : Couldn't opendir /data/app/vmdl1178761650.tmp: No such file or directory
05-17 13:05:03.474  1102  2192 E installd: Failed to delete /data/app/vmdl1178761650.tmp: No such file or directory
05-17 13:05:03.482  2671  2671 I PackageInstallReceiver: action = android.intent.action.PACKAGE_ADDED packageName = com.ldd.redenvelope
05-17 13:05:03.482  2133  2275 I MiuiCompatModePackages: package com.ldd.redenvelope updated, removing config
05-17 13:05:03.482  3367  3367 I WakePathManager: PackageMonitor. onPackageAdded: packageName =com.ldd.redenvelope
05-17 13:05:03.483  2133  2160 W BroadcastQueue: Background execution not allowed: receiving Intent { act=android.intent.action.PACKAGE_ADDED dat=package:com.ldd.redenvelope flg=0x4000011 (has extras) } to com.lbe.security.miui/com.lbe.security.service.BootReceiver
05-17 13:05:03.483  2133  2160 W BroadcastQueue: Background execution not allowed: receiving Intent { act=android.intent.action.PACKAGE_ADDED dat=package:com.ldd.redenvelope flg=0x4000011 (has extras) } to com.android.providers.downloads/.receiver.ApplicationInstallReceiver
05-17 13:05:03.483  2133  2160 W BroadcastQueue: Background execution not allowed: receiving Intent { act=android.intent.action.PACKAGE_ADDED dat=package:com.ldd.redenvelope flg=0x4000011 (has extras) } to com.android.settings/.search.provider.UpdateReceiver
05-17 13:05:03.483  2133  2160 W BroadcastQueue: Background execution not allowed: receiving Intent { act=android.intent.action.PACKAGE_ADDED dat=package:com.ldd.redenvelope flg=0x4000011 (has extras) } to com.miui.audioeffect/com.android.musicfx.Compatibility$Receiver
05-17 13:05:03.483  2133  2160 W BroadcastQueue: Background execution not allowed: receiving Intent { act=android.intent.action.PACKAGE_ADDED dat=package:com.ldd.redenvelope flg=0x4000011 (has extras) } to com.xiaomi.market/.data.MyPackageMonitor
05-17 13:05:03.484  2133  2160 W BroadcastQueue: Background execution not allowed: receiving Intent { act=android.intent.action.PACKAGE_ADDED dat=package:com.ldd.redenvelope flg=0x4000011 (has extras) } to com.xiaomi.misettings/.usagestats.AppTimerReceiver
05-17 13:05:03.484  3296  3296 I ##XLogger##: #&^RSHdB1rtQhtxMdWmEMmvPzRoYtkV82u4AvkYVWs9Fd8vDH2vLfHzRcA1UBcPfjtvlllbD4HBpeU1lBO+M1jOPOKJsnPPS8cNbyg25buHyldTA703Q0h8Kg/DP/s5b/Vd/yifkcGvPOk3qL/LuBSCmT5jZDPK+0S3R0mO5wncMvs=!!bac1VsyVu/DJixu6q3fk2pus9yw/TbSrrfkMAGhn92kMH5lrJo6tqipd2HHXq+tiPPdeqo/ikrsNvLv6JeqfHA54cYDGM12iNX6Es5bJJAcLmiYhU/jmJQ56PgLtmOfVaBh9epTQ0NKW1vdpW90UzyJNTaE4XhzWF4zrnbCrIr+CwWyTv67/okPe69VxsU0GapAC+XToYtCHsJwPKesCjda8KpHhiAznLXg5P83Av6m9AkzWA39atvPz6jRUEPbkIWUD9LoNqDhXDCLpdLcAHUQnTEpZRtC9xLAVKXfTXX6WAAWWfW/7llejSmzLUjCZXVVlEybY5tibZCmkoOrE3DcF55F2yx3yhviYHd1ICViJglV0MoHi2klN4FG1g7tyaH9R+8/1M6oSASOVg7Y8u4CjEpSPsRNheFmFE6ejDi9IMpcLEk+jo46XPB22GLonsZ4GsVKidkOKq6LKtx6YSNULVqoZAVKLO8P7HhI/OFg=^&#
05-17 13:05:03.484  2133  2160 W BroadcastQueue: Background execution not allowed: receiving Intent { act=android.intent.action.PACKAGE_ADDED dat=package:com.ldd.redenvelope flg=0x4000011 (has extras) } to com.xiaomi.providers.appindex/.PackageChangeReceiver
05-17 13:05:03.485  2133  2231 I InputReader: Reconfiguring input devices.  changes=0x00000010
05-17 13:05:03.486  3705  4167 I MiuiVpnManageService: PackageMonitor. onPackageAdded: packageName =com.ldd.redenvelope
05-17 13:05:03.488  3705  3705 I FireWallService: mina mPackageReceiver onReceive
05-17 13:05:03.492  3472  3721 I WakelockPolicyManager: setWakelockPolicy
05-17 13:05:03.512 25786  9797 I Market-LocalAppManager: add package to list: com.ldd.redenvelope
05-17 13:05:03.515 25519 25519 I FindDeviceGNReceiver: Received miui.android.intent.action.PACKAGE_ADDED. 
05-17 13:05:03.518  3705  3705 W FireWallService: is Pre-installed application
05-17 13:05:03.518  3705  3705 I TrafficManageService: mina mPackageReceiver 0
05-17 13:05:03.521  2133  9794 I WakePathChecker: updateLauncherPackageNames =com.miui.home
05-17 13:05:03.521  2133  9794 I WakePathChecker: updateLauncherPackageNames =com.android.settings
05-17 13:05:03.523 25786 25839 E m.xiaomi.marke: Invalid ID 0x00000000.
05-17 13:05:03.526  2638  2638 E PhoneInterfaceManager: [PhoneIntfMgr] getCarrierPackageNamesForIntent: No UICC
05-17 13:05:03.531 25519 25519 I FindDeviceGNReceiver: isReplace: false, open: true. 
05-17 13:05:03.557 25786 25786 I Market-CheckUpdateService: start forground service
05-17 13:05:03.563  2133  2159 W TextServicesManagerService: no available spell checker services found
05-17 13:05:03.574  2133  2162 I ActivityManager: Start proc 9808:com.tencent.mm:hotpot../u0a130 for service com.tencent.mm/.plugin.normsg.NormsgDataService caller=com.tencent.mm
05-17 13:05:03.575  2133  2133 I Telecom : DefaultDialerCache: Refreshing default dialer for user 0: now com.android.contacts: DDC.oR@APE
05-17 13:05:03.606  2133  2160 E NotificationService: Suppressing notification from package by user request.
05-17 13:05:03.609 25786 25839 W System  : Ignoring header Content-Type because its value was null.
05-17 13:05:03.609 25786  9814 I Market-WakeLockManager: acquire wakeLock: CheckUpdateService for 30000
05-17 13:05:03.609  3472  3721 I HideModeStateMachine: Uid: 10180 State: active |-> startRun
05-17 13:05:03.609  3472  3721 I HideModeStateMachine: Uid: 10180 State: active |-> stateCompleteCallBack
05-17 13:05:03.609  3472  3721 I HideModeStateMachine: Uid: 10180 State: inactive_level_1st |-> startRun
05-17 13:05:03.609  3472  3721 I HideModeStateMachine: Uid: 10180 State: inactive_level_1st Feature: location |-> startRun
05-17 13:05:03.609  3472  3721 I HideModeStateMachine: Uid: 10180 State: inactive_level_1st Feature: location |-> setActive
05-17 13:05:03.609  3472  3721 I HideModeStateMachine: Uid: 10180 State: inactive_level_1st Feature: sensor |-> startRun
05-17 13:05:03.609  3472  3721 I HideModeStateMachine: Uid: 10180 State: inactive_level_1st Feature: sensor |-> setActive
05-17 13:05:03.609  3472  3721 I HideModeStateMachine: Uid: 10180 State: inactive_level_1st Feature: location |-> compareAndSetParam, Bundle[{POLICY=2, DELAY_MINUTE=1}]
05-17 13:05:03.609  3472  3721 I HideModeStateMachine: Uid: 10180 State: inactive_level_1st Feature: location |-> startRun
05-17 13:05:03.609  3472  3721 I HideModeStateMachine: Uid: 10180 State: inactive_level_1st Feature: sensor |-> compareAndSetParam, Bundle[{POLICY=3}]
05-17 13:05:03.609  3472  3721 I HideModeStateMachine: Uid: 10180 State: inactive_level_1st Feature: sensor |-> startRun
05-17 13:05:03.609  3472  3721 I HideModeStateMachine: Uid: 10180 State: inactive_level_1st Feature: sensor |-> updateRule, Rule = restrict
05-17 13:05:03.609  3472  3721 I HideModeStateMachine: Uid: 10180 State: inactive_level_1st Feature: sensor |-> subFeatureRuleChangedCallback, Rule = restrict
05-17 13:05:03.609  3472  3721 I HideModeStateMachine: Uid: 10180 Feature: sensor Rule: restrict |-> notifyAppRuleChangedListeners
05-17 13:05:03.613 25786  9814 I Market-LocalAppManager: query update apps from server : begin
05-17 13:05:03.618  2133  2160 W BroadcastQueue: Background execution not allowed: receiving Intent { act=android.search.action.SEARCHABLES_CHANGED flg=0x24000011 } to com.android.quicksearchbox/.CorporaUpdateReceiver
05-17 13:05:03.619  2133  2159 W AutofillServiceInfo: AutofillService from 'com.miui.contentcatcher' uses unsupported permission android.permission.BIND_AUTOFILL. It works for now, but might not be supported on future releases
05-17 13:05:03.622  2133  2160 W XSpaceManagerService: update XSpace App: packageName:com.ldd.redenvelope, user:UserHandle{0}, action:android.intent.action.PACKAGE_ADDED
05-17 13:05:03.628  2671  2876 E Launcher.AllAppsList: Can't load postion for packageName: com.ldd.redenvelope activityName: com.ldd.purecalendar.activity.EntryActivity
05-17 13:05:03.659 25786  9814 W System  : Ignoring header Content-Type because its value was null.
05-17 13:05:03.666  2671  2877 E ResourceLoader: getXmlRoot local inputStream is null
05-17 13:05:03.666  2671  2877 E ScreenElementRoot: load error, manifest root is null
05-17 13:05:03.683  9808  9808 I ent.mm:hotpot.: The ClassLoaderContext is a special shared library.
05-17 13:05:03.704  2671  2877 I ThemeRuntimeManager: add pending job com.ldd.redenvelope.png
05-17 13:05:03.726  2133  2143 I system_server: Background concurrent copying GC freed 241767(12MB) AllocSpace objects, 111(3MB) LOS objects, 42% free, 25MB/44MB, paused 416us total 251.918ms
05-17 13:05:03.727  2671  9835 I ThemeRuntimeManager: saving icon for com.ldd.redenvelope.png
05-17 13:05:03.779  3705  4033 I TrafficManageService: mina mTrafficStatsReceiver onReceive
05-17 13:05:03.784 25786 25839 I Market-DataParser: [InvalidPackageList] JSON : invalidSystemPackageList list is null
05-17 13:05:03.882  3705  4033 I TrafficManageService: mina mTrafficStatsReceiver onReceive
05-17 13:05:03.889 25786  9814 I Market-DataParser: [InvalidPackageList] JSON : invalidSystemPackageList list is null
05-17 13:05:03.889 25786  9814 I Market-LocalAppManager: query update apps from server : finish, 38 / 248 to update
05-17 13:05:03.895 25786  9814 I Market-UpdateAppList: update app list do not change, don't notify: pkg (36) = com.android.browser,com.xiaomi.market,com.miui.video,com.miui.newhome,com.miui.player,com.mfashiongallery.emag,com.sohu.inputmethod.sogou.xiaomi,com.miui.bugreport,com.xiaomi.gamecenter.sdk.service,com.xiaomi.scanner,com.android.calendar,com.xiaomi.payment,com.android.fileexplorer,com.xiaomi.vipaccount,com.android.mms,com.miui.voiceassist,com.miui.virtualsim,com.android.quicksearchbox,com.mipay.wallet,com.xiaomi.mi_connect_service,com.xiaomi.account,com.miui.greenguard,com.android.soundrecorder,com.miui.compass,com.miui.calculator,com.miui.contentextension,com.miui.smsextra,com.xiaomi.pass,com.miui.huanji,com.baidu.input_mi,com.iflytek.inputmethod.miui,com.higoplayservice.higoplay,com.duokan.phone.remotecontroller,cn.wps.moffice_eng.xiaomi.lite,com.xiaomi.mibrain.speech,com.mi.health
05-17 13:05:03.911 25786  9814 W System  : Ignoring header Content-Type because its value was null.
05-17 13:05:03.920  9808  9808 I Perf    : Connecting to perf service.
05-17 13:05:03.961 25786  9814 I Market-WakeLockManager: release wakeLock: CheckUpdateService
05-17 13:05:03.967 25786 25786 I Market-CheckUpdateService: stop forground service
05-17 13:05:03.984  9808  9808 I ent.mm:hotpot.: The ClassLoaderContext is a special shared library.
05-17 13:05:03.989  9808  9808 E ent.mm:hotpot.: Invalid ID 0x00000000.
05-17 13:05:04.020  9808  9808 W ent.mm:hotpot.: Accessing hidden field Landroid/app/ActivityThread$H;->RELAUNCH_ACTIVITY:I (dark greylist, reflection)
05-17 13:05:04.022  9808  9808 W ent.mm:hotpot.: Accessing hidden field Landroid/app/ActivityThread$H;->APPLICATION_INFO_CHANGED:I (dark greylist, reflection)
05-17 13:05:04.095  9808  9808 I MMKV    : <native-bridge.cpp:104::JNI_OnLoad> current API level = 28, libc++_shared=0
05-17 13:05:04.097  9808  9808 I MMKV    : <MMKV.cpp:165::initialize> version v1.2.12, page size 4096, arch arm64-v8a
05-17 13:05:04.097  9808  9808 I MMKV    : <MMKV.cpp:176::initialize> armv8 AES instructions is supported
05-17 13:05:04.097  9808  9808 I MMKV    : <MMKV.cpp:184::initialize> armv8 CRC32 instructions is supported
05-17 13:05:04.097  9808  9808 I MMKV    : <MMKV.cpp:207::initializeMMKV> root dir: /data/user/0/com.tencent.mm/files/mmkv
05-17 13:05:04.134  9808  9808 W SQLiteCompatibilityWalFlags: Cannot read global setting sqlite_compatibility_wal_flags - Application state not available
05-17 13:05:04.214  9808  9808 I ent.mm:hotpot.: Thread[1,tid=9808,Native,Thread*=0x7416a14c00,peer=0x79e51a18,"main"] recursive attempt to load library "/data/user/0/com.tencent.mm/tinker/patch-4658fec4/lib/lib/arm64-v8a/libtrace-canary.so"
05-17 13:05:04.214  9808  9808 I ent.mm:hotpot.: Thread[1,tid=9808,Native,Thread*=0x7416a14c00,peer=0x79e51a18,"main"] recursive attempt to load library "/data/user/0/com.tencent.mm/tinker/patch-4658fec4/lib/lib/arm64-v8a/libtrace-canary.so"
05-17 13:05:05.455  2599  4166 I DPMJ    : |REQ:RCVR| DPM creating socket
05-17 13:05:05.836  2133  6011 I ActivityManager: Force stopping com.ldd.redenvelope appid=10180 user=0: from process:9895
05-17 13:05:05.836  2133  6011 I AutoStartManagerService: MIUILOG- Reject RestartService packageName :com.ldd.redenvelope uid : 10180
05-17 13:05:05.844  2638  2638 E PhoneInterfaceManager: [PhoneIntfMgr] getCarrierPackageNamesForIntent: No UICC
05-17 13:05:06.137  9898  9898 I app_process: The ClassLoaderContext is a special shared library.
05-17 13:05:06.159  9898  9898 E libc    : Access denied finding property "ro.vendor.at_library"
05-17 13:05:06.149  9898  9898 W main    : type=1400 audit(0.0:11362): avc: denied { read } for name="u:object_r:vendor_mpctl_prop:s0" dev="tmpfs" ino=12459 scontext=u:r:shell:s0 tcontext=u:object_r:vendor_mpctl_prop:s0 tclass=file permissive=0
05-17 13:05:06.168  9898  9898 I Input   : injectKeyEvent: KeyEvent { action=ACTION_DOWN, keyCode=KEYCODE_HOME, scanCode=0, metaState=0, flags=0x0, repeatCount=0, eventTime=13116524, downTime=13116524, deviceId=-1, source=0x101 }
05-17 13:05:06.189  2133  2724 W BaseMiuiPhoneWindowManager: keyCode:3 down:true eventTime:13116524 downTime:13116524 policyFlags:2b000000 flags:0 deviceId:-1 isScreenOn:true keyguardActive:false repeatCount:0
05-17 13:05:06.191  9898  9898 I Input   : injectKeyEvent: KeyEvent { action=ACTION_UP, keyCode=KEYCODE_HOME, scanCode=0, metaState=0, flags=0x0, repeatCount=0, eventTime=13116524, downTime=13116524, deviceId=-1, source=0x101 }
05-17 13:05:06.191  2133  2724 W BaseMiuiPhoneWindowManager: keyCode:3 down:false eventTime:13116524 downTime:13116524 policyFlags:2b000000 flags:0 deviceId:-1 isScreenOn:true keyguardActive:false repeatCount:0
05-17 13:05:06.194  2429  2429 W HeadsUpManager: removeHeadsUpNotification() no heads up notification on show
05-17 13:05:06.195  2133  2230 I SplashScreenServiceDelegate: None for com.miui.home
05-17 13:05:06.195  2133  2230 I ActivityManager: START u0 {act=android.intent.action.MAIN cat=[android.intent.category.HOME] flg=0x10200000 cmp=com.miui.home/.launcher.Launcher (has extras)} from uid 1000
05-17 13:05:06.199  2671  2975 I NotifierManager: onUnregister: miui.maml.NotifierManager$MultiBroadcastNotifier@3527d7f
05-17 13:05:06.199  2671  2975 I RenderThread: RenderThread paused, waiting for signal
05-17 13:05:06.200  2671  2975 I RenderThread: RenderThread resumed
05-17 13:05:06.200  2671  2975 I NotifierManager: onRegister: miui.maml.NotifierManager$MultiBroadcastNotifier@3527d7f
05-17 13:05:06.420  9908  9908 F linker  : CANNOT LINK EXECUTABLE "/system/bin/dpmd": "/system/lib64/libdpmframework.so" is 32-bit instead of 64-bit
05-17 13:05:06.591  3705  4033 I TrafficManageService: mina mTrafficStatsReceiver onReceive
05-17 13:05:07.438  2429  2429 I MiuiChargeController: checkBatteryStatus: chargeType 11 status 2 plugged 2 isRapidCharge false isSuperCharge false isCarMode false mChargeDeviceType -1 mChargeDeviceForAnalytic -1
05-17 13:05:07.438  2133  2167 E UsbDeviceManager: handle message = 9
05-17 13:05:07.439  2429  2429 I MiuiChargeManager: checkBatteryStatus:  mChargeState 11 mChargeSpeed 0 mBatteryLevel 100 mChargeDeviceType -1 mIsCarMode false mWirelessChargeState -1
05-17 13:05:07.443  3705  3705 I BatteryInfoReceiver: ACTION_BATTERY_CHANGED
05-17 13:05:08.078  2429  2429 I MiuiChargeController: checkBatteryStatus: chargeType 11 status 5 plugged 2 isRapidCharge false isSuperCharge false isCarMode false mChargeDeviceType -1 mChargeDeviceForAnalytic -1
05-17 13:05:08.079  2429  2429 I MiuiChargeManager: checkBatteryStatus:  mChargeState 11 mChargeSpeed 0 mBatteryLevel 100 mChargeDeviceType -1 mIsCarMode false mWirelessChargeState -1
05-17 13:05:08.082  3705  3705 I BatteryInfoReceiver: ACTION_BATTERY_CHANGED
05-17 13:05:08.086  2429  2429 I KeyguardIndication: updateIndication: mVisible false mDozing false mTransientIndication null mPowerPluggedIn true mUpArrowIndication 上滑解锁
05-17 13:05:09.458  2599  4166 I DPMJ    : |REQ:RCVR| DPM creating socket
05-17 13:05:11.435  9926  9926 F linker  : CANNOT LINK EXECUTABLE "/system/bin/dpmd": "/system/lib64/libdpmframework.so" is 32-bit instead of 64-bit
05-17 13:05:13.464  2599  4166 I DPMJ    : |REQ:RCVR| DPM creating socket
05-17 13:05:08.085  2133  2167 E UsbDeviceManager: handle message = 9
05-17 13:05:14.704  2133  2160 I ActivityManager: Waited long enough for: ServiceRecord{ee808ef u0 com.sohu.inputmethod.sogou.xiaomi/com.sohu.inputmethod.settings.status.SogouStatusService}
05-17 13:05:15.740  3705  4033 I TrafficManageService: mina mTrafficStatsReceiver onReceive
05-17 13:05:16.443 10015 10015 F linker  : CANNOT LINK EXECUTABLE "/system/bin/dpmd": "/system/lib64/libdpmframework.so" is 32-bit instead of 64-bit
05-17 13:05:17.474  2599  4166 I DPMJ    : |REQ:RCVR| DPM creating socket
05-17 13:05:17.651  3705  4033 I TrafficManageService: mina mTrafficStatsReceiver onReceive
05-17 13:05:19.343  2133  2728 I SplashScreenServiceDelegate: None for com.ldd.redenvelope
05-17 13:05:19.343  2133  2728 I ActivityManager: START u0 {act=android.intent.action.MAIN cat=[android.intent.category.LAUNCHER] flg=0x10000000 cmp=com.ldd.redenvelope/com.ldd.purecalendar.activity.EntryActivity} from uid 2000
05-17 13:05:19.347   786   816 E ANDR-PERF-MPCTL: Invalid profile no. 0, total profiles 0 only
05-17 13:05:19.348   614   614 W hwservicemanager: getTransport: Cannot find entry vendor.qti.hardware.iop@2.0::IIop/default in either framework or device manifest.
05-17 13:05:19.349  2133  2728 E ANDR-PERF-JNI: Iop tryGetService failed
05-17 13:05:19.359  2133  2728 E ActivityTrigger: activityStartTrigger: not whiteListedcom.ldd.redenvelope/com.ldd.purecalendar.activity.EntryActivity/7
05-17 13:05:19.360  2133  2728 E ActivityTrigger: activityResumeTrigger: not whiteListedcom.ldd.redenvelope/com.ldd.purecalendar.activity.EntryActivity/7
05-17 13:05:19.364  2133  3191 E ActivityTrigger: activityResumeTrigger: not whiteListedcom.ldd.redenvelope/com.ldd.purecalendar.activity.EntryActivity/7
05-17 13:05:19.364  2133  2176 I SettingsInjector: notify first launch
05-17 13:05:19.367  2671  2975 I NotifierManager: onUnregister: miui.maml.NotifierManager$MultiBroadcastNotifier@3527d7f
05-17 13:05:19.368  2671  2975 I RenderThread: RenderThread paused, waiting for signal
05-17 13:05:19.368  2133  2176 W ActivityManager: Sending non-protected broadcast miui.intent.action.PACKAGE_FIRST_LAUNCH from system uid 1000 pkg null. Callers=com.android.server.am.ActivityManagerService.broadcastIntentLocked:22650 com.android.server.am.ActivityManagerService.broadcastIntent:22837 com.android.server.pm.IActivityManagerCompat.sendBroadcast:19 com.android.server.pm.SettingsInjector$1.run:117 android.os.Handler.handleCallback:873 
05-17 13:05:19.403  2133  2162 I ActivityManager: Start proc 10066:com.ldd.redenvelope/u0a180 for activity com.ldd.redenvelope/com.ldd.purecalendar.activity.EntryActivity caller=null
05-17 13:05:19.411 25786 25786 I Market-AppActiveStatService: start forground service
05-17 13:05:19.413 22693 22847 E memtrack: Couldn't load memtrack module
05-17 13:05:19.413 22693 22847 W android.os.Debug: failed to get memory consumption info: -1
05-17 13:05:19.414  2133  2160 E NotificationService: Suppressing notification from package by user request.
05-17 13:05:19.436  2991  3068 I octvm_power: power mode [normal] start 1684299919
05-17 13:05:19.436  2991  3068 I octvm_drv: common drv: get_current_battery_uAh will return 0
05-17 13:05:19.436  3472  3721 I HideModeStateMachine: Uid: 10180 State: inactive_level_1st |-> setForegroundActive
05-17 13:05:19.436  2991  3068 I octvm_power: Action: set_bcbc_cust_state(disable) for [foreground_change]
05-17 13:05:19.436  3472  3721 I HideModeStateMachine: Uid: 10180 State: inactive_level_1st Feature: location |-> setSubStateForegroundActive
05-17 13:05:19.436  2991  3068 I octvm_drv: common drv: platform_set_bcbc_cust_state -> platform not support
05-17 13:05:19.436  2991  3068 I octvm_power: Action: set_lcd_mode(default) for [foreground_change]
05-17 13:05:19.436  3472  3721 I HideModeStateMachine: Uid: 10180 State: inactive_level_1st Feature: sensor |-> setSubStateForegroundActive
05-17 13:05:19.436  2991  3068 I octvm_drv: common drv: platform_set_lcd_mode -> platform not support
05-17 13:05:19.436  3472  3721 I HideModeStateMachine: Uid: 10180 State: inactive_level_1st Feature: sensor |-> updateRule, Rule = allow
05-17 13:05:19.436  2991  3068 I octvm_power: Action: set_thermal_config(restore) for [foreground_change]
05-17 13:05:19.436  3472  3721 I HideModeStateMachine: Uid: 10180 State: active |-> setForegroundActive
05-17 13:05:19.436  3472  3721 I HideModeStateMachine: Uid: 10180 Feature: sensor Rule: allow |-> notifyAppRuleChangedListeners
05-17 13:05:19.437  2991  3068 I octvm_drv: platform_set_thermal_mode cur_global_config:[], target mode:[restore], profile=0, ret=0
05-17 13:05:19.437  2991  3068 I octvm_drv: common drv: get_current_battery_uAh will return 0
05-17 13:05:19.437  2991  3068 I octvm_power: onPowerModeChanged[normal] called
05-17 13:05:19.459 10066 10066 I ldd.redenvelop: The ClassLoaderContext is a special shared library.
05-17 13:05:19.464 10066 10066 E LoadedApk: Unable to instantiate appComponentFactory
05-17 13:05:19.464 10066 10066 E LoadedApk: java.lang.ClassNotFoundException: Didn't find class "androidx.core.app.CoreComponentFactory" on path: DexPathList[[zip file "/system/framework/org.apache.http.legacy.boot.jar", zip file "/data/app/com.ldd.redenvelope-_56-87eDMd7siyu_p0hQQw==/base.apk"],nativeLibraryDirectories=[/data/app/com.ldd.redenvelope-_56-87eDMd7siyu_p0hQQw==/lib/arm64, /data/app/com.ldd.redenvelope-_56-87eDMd7siyu_p0hQQw==/base.apk!/lib/arm64-v8a, /system/lib64]]
05-17 13:05:19.464 10066 10066 E LoadedApk: 	at dalvik.system.BaseDexClassLoader.findClass(BaseDexClassLoader.java:171)
05-17 13:05:19.464 10066 10066 E LoadedApk: 	at java.lang.ClassLoader.loadClass(ClassLoader.java:379)
05-17 13:05:19.464 10066 10066 E LoadedApk: 	at java.lang.ClassLoader.loadClass(ClassLoader.java:312)
05-17 13:05:19.464 10066 10066 E LoadedApk: 	at android.app.LoadedApk.createAppFactory(LoadedApk.java:228)
05-17 13:05:19.464 10066 10066 E LoadedApk: 	at android.app.LoadedApk.createOrUpdateClassLoaderLocked(LoadedApk.java:733)
05-17 13:05:19.464 10066 10066 E LoadedApk: 	at android.app.LoadedApk.getClassLoader(LoadedApk.java:812)
05-17 13:05:19.464 10066 10066 E LoadedApk: 	at android.app.LoadedApk.getResources(LoadedApk.java:1034)
05-17 13:05:19.464 10066 10066 E LoadedApk: 	at android.app.ContextImpl.createAppContext(ContextImpl.java:2357)
05-17 13:05:19.464 10066 10066 E LoadedApk: 	at android.app.ActivityThread.handleBindApplication(ActivityThread.java:5832)
05-17 13:05:19.464 10066 10066 E LoadedApk: 	at android.app.ActivityThread.access$1200(ActivityThread.java:201)
05-17 13:05:19.464 10066 10066 E LoadedApk: 	at android.app.ActivityThread$H.handleMessage(ActivityThread.java:1674)
05-17 13:05:19.464 10066 10066 E LoadedApk: 	at android.os.Handler.dispatchMessage(Handler.java:106)
05-17 13:05:19.464 10066 10066 E LoadedApk: 	at android.os.Looper.loop(Looper.java:201)
05-17 13:05:19.464 10066 10066 E LoadedApk: 	at android.app.ActivityThread.main(ActivityThread.java:6821)
05-17 13:05:19.464 10066 10066 E LoadedApk: 	at java.lang.reflect.Method.invoke(Native Method)
05-17 13:05:19.464 10066 10066 E LoadedApk: 	at com.android.internal.os.RuntimeInit$MethodAndArgsCaller.run(RuntimeInit.java:547)
05-17 13:05:19.464 10066 10066 E LoadedApk: 	at com.android.internal.os.ZygoteInit.main(ZygoteInit.java:873)
05-17 13:05:19.471 10066 10066 I Perf    : Connecting to perf service.
05-17 13:05:19.477 22513 22631 E memtrack: Couldn't load memtrack module
05-17 13:05:19.477 22513 22631 W android.os.Debug: failed to get memory consumption info: -1
05-17 13:05:19.477 10066 10066 W ldd.redenvelop: Accessing hidden field Landroid/app/ActivityThread;->mHiddenApiWarningShown:Z (dark greylist, reflection)
05-17 13:05:19.489 10066 10066 W ldd.redenvelope: type=1400 audit(0.0:11363): avc: denied { read } for name="version" dev="proc" ino=4026532086 scontext=u:r:untrusted_app:s0:c180,c256,c512,c768 tcontext=u:object_r:proc_version:s0 tclass=file permissive=0
05-17 13:05:19.636  2133  2210 I Timeline: Timeline: App_transition_ready time:13129991
05-17 13:05:19.662  2133  2210 I Timeline: Timeline: App_transition_ready time:13130018
05-17 13:05:19.664  2133  2210 I Timeline: Timeline: App_transition_ready time:13130020
05-17 13:05:19.667  2133  5152 I Timeline: Timeline: App_transition_ready time:13130023
05-17 13:05:19.671  2133  6011 I Timeline: Timeline: App_transition_ready time:13130027
05-17 13:05:19.699  2133  2210 I Timeline: Timeline: App_transition_ready time:13130055
05-17 13:05:19.700  2133  2210 I Timeline: Timeline: App_transition_stopped time:13130056
05-17 13:05:19.710  3705  4033 I TrafficManageService: mina mTrafficStatsReceiver onReceive
05-17 13:05:19.747 25786 25786 I Market-AppActiveStatService: stop forground service
05-17 13:05:19.769 25786 25932 W System  : Ignoring header Content-Type because its value was null.
05-17 13:05:19.831 25786 25932 E Market-ConnectionRSA: get key exception : com.android.org.bouncycastle.util.encoders.DecoderException: unable to decode base64 string: invalid characters encountered in base64 data
05-17 13:05:19.860  3705  4033 I TrafficManageService: mina mTrafficStatsReceiver onReceive
05-17 13:05:19.932 10066 10066 W ldd.redenvelop: Opening an oat file without a class loader. Are you using the deprecated DexFile APIs?
