05-17 13:07:21.002 10066 11908 W KSAdSDK : [ad_tk_so_download_event]: TACHIKOMA 
05-17 13:07:21.002 10066 11908 E Sodler.helper: load failed:-4:java.security.cert.CertPathValidatorException: Trust anchor for certification path not found.
05-17 13:07:21.002 10066 11908 W KSAdSDK : [ad_tk_so_load_performence]: TACHIKOMA 
05-17 13:07:21.134 10066 12060 E ldd.redenvelop: Invalid ID 0x00000000.
05-17 13:07:21.134 10066 12060 W System.err: android.content.res.Resources$NotFoundException: String resource ID #0x0
05-17 13:07:21.135 10066 12060 W System.err: 	at android.content.res.Resources.getText(Resources.java:360)
05-17 13:07:21.135 10066 12060 W System.err: 	at android.content.res.MiuiResources.getText(MiuiResources.java:97)
05-17 13:07:21.135 10066 12060 W System.err: 	at android.content.res.Resources.getString(Resources.java:453)
05-17 13:07:21.135 10066 12060 W System.err: 	at com.umeng.umzid.ZIDManager.a(:18)
05-17 13:07:21.135 10066 12060 W System.err: 	at com.umeng.umzid.ZIDManager.a(:1)
05-17 13:07:21.135 10066 12060 W System.err: 	at com.umeng.umzid.ZIDManager$c.run(Unknown Source:4)
05-17 13:07:21.135 10066 12060 W System.err: 	at java.util.concurrent.Executors$RunnableAdapter.call(Executors.java:458)
05-17 13:07:21.135 10066 12060 W System.err: 	at java.util.concurrent.FutureTask.run(FutureTask.java:266)
05-17 13:07:21.135 10066 12060 W System.err: 	at java.util.concurrent.ScheduledThreadPoolExecutor$ScheduledFutureTask.run(ScheduledThreadPoolExecutor.java:301)
05-17 13:07:21.135 10066 12060 W System.err: 	at java.util.concurrent.ThreadPoolExecutor.runWorker(ThreadPoolExecutor.java:1167)
05-17 13:07:21.135 10066 12060 W System.err: 	at java.util.concurrent.ThreadPoolExecutor$Worker.run(ThreadPoolExecutor.java:641)
05-17 13:07:21.135 10066 12060 W System.err: 	at java.lang.Thread.run(Thread.java:764)
05-17 13:07:21.141 10066 11906 I chatty  : uid=10180(com.ldd.redenvelope) ksad-diskAndHtt identical 1 line
05-17 13:07:21.168  2807  2807 I QcrilOemhookMsgTunnel: [0]invokeOemRilRequestRaw: serial=2115 length=24
05-17 13:07:21.169  2807  2831 I QcrilOemhookMsgTunnel: [0]processOemHookResponse serial no: 2115 error: 0length=0
05-17 13:07:21.171  2807  2831 I QcrilOemhookMsgTunnel: [0]processOemHookIndication length=28
05-17 13:07:21.172  2807  2807 I QcrilOemhookMsgTunnel: [1]invokeOemRilRequestRaw: serial=2116 length=24
05-17 13:07:21.173  2807  2831 I QcrilOemhookMsgTunnel: [1]processOemHookResponse serial no: 2116 error: 0length=0
05-17 13:07:21.177  2807  2831 I QcrilOemhookMsgTunnel: [1]processOemHookIndication length=28
05-17 13:07:21.195 10066 11917 I ActivityThread: com.xiaomi.market.provider.DirectMailProvider acquiringCount 2
05-17 13:07:21.198 10066 10079 I ldd.redenvelop: Background concurrent copying GC freed 136649(9MB) AllocSpace objects, 144(6MB) LOS objects, 50% free, 9MB/18MB, paused 324us total 237.432ms
05-17 13:07:21.199 10066 11906 E ActivityThread: Failed to find provider info for com.xiaomi.market.provider.DirectMailProvider
05-17 13:07:21.199 10066 11906 I KSAdSDK : [MiMarketHelper]: cursor is null 
05-17 13:07:21.199 10066 11906 I KSAdSDK : [MiMarketHelper]: detailStyle 
05-17 13:07:21.202 12085 12085 E LBE-Sec : su invoked.
05-17 13:07:21.205 10066 11917 E ActivityThread: Failed to find provider info for com.xiaomi.market.provider.DirectMailProvider
05-17 13:07:21.205 10066 11917 I KSAdSDK : [MiMarketHelper]: cursor is null 
05-17 13:07:21.205 10066 11917 I KSAdSDK : [MiMarketHelper]: detailStyle 
05-17 13:07:21.232 10066 10066 W cr_AwContents: Application attempted to call on a destroyed WebView
05-17 13:07:21.232 10066 10066 W cr_AwContents: java.lang.Throwable
05-17 13:07:21.232 10066 10066 W cr_AwContents: 	at org.chromium.android_webview.AwContents.f(PG:379)
05-17 13:07:21.232 10066 10066 W cr_AwContents: 	at org.chromium.android_webview.AwContents.a(PG:353)
05-17 13:07:21.232 10066 10066 W cr_AwContents: 	at com.android.webview.chromium.WebViewChromium.addJavascriptInterface(PG:798)
05-17 13:07:21.232 10066 10066 W cr_AwContents: 	at android.webkit.WebView.addJavascriptInterface(WebView.java:2045)
05-17 13:07:21.232 10066 10066 W cr_AwContents: 	at miui.contentcatcher.sdk.utils.WebViewUtils$NativeWebViewUtils.addJavascriptInterface(WebViewUtils.java:245)
05-17 13:07:21.232 10066 10066 W cr_AwContents: 	at miui.contentcatcher.sdk.utils.WebViewUtils.initWebViewJsInterface(WebViewUtils.java:158)
05-17 13:07:21.232 10066 10066 W cr_AwContents: 	at miui.contentcatcher.InterceptorProxy$1.run(InterceptorProxy.java:188)
05-17 13:07:21.232 10066 10066 W cr_AwContents: 	at android.os.Handler.handleCallback(Handler.java:873)
05-17 13:07:21.232 10066 10066 W cr_AwContents: 	at android.os.Handler.dispatchMessage(Handler.java:99)
05-17 13:07:21.232 10066 10066 W cr_AwContents: 	at android.os.Looper.loop(Looper.java:201)
05-17 13:07:21.232 10066 10066 W cr_AwContents: 	at android.app.ActivityThread.main(ActivityThread.java:6821)
05-17 13:07:21.232 10066 10066 W cr_AwContents: 	at java.lang.reflect.Method.invoke(Native Method)
05-17 13:07:21.232 10066 10066 W cr_AwContents: 	at com.android.internal.os.RuntimeInit$MethodAndArgsCaller.run(RuntimeInit.java:547)
05-17 13:07:21.232 10066 10066 W cr_AwContents: 	at com.android.internal.os.ZygoteInit.main(ZygoteInit.java:873)
05-17 13:07:21.249  2807  2807 I QcrilOemhookMsgTunnel: [0]invokeOemRilRequestRaw: serial=2117 length=24
05-17 13:07:21.250  2807  2831 I QcrilOemhookMsgTunnel: [0]processOemHookResponse serial no: 2117 error: 0length=0
05-17 13:07:21.255  2807  2807 I QcrilOemhookMsgTunnel: [1]invokeOemRilRequestRaw: serial=2118 length=24
05-17 13:07:21.256 10066 11906 E KSAdSDK : [Networking]: request responseBase httpCodeError:-2 
05-17 13:07:21.256  2807  2831 I QcrilOemhookMsgTunnel: [0]processOemHookIndication length=28
05-17 13:07:21.258  2807  2831 I QcrilOemhookMsgTunnel: [1]processOemHookResponse serial no: 2118 error: 0length=0
05-17 13:07:21.261  2807  2831 I QcrilOemhookMsgTunnel: [1]processOemHookIndication length=28
05-17 13:07:21.266  2133  2162 I ActivityManager: Start proc 12089:com.google.android.webview:sandboxed_process1/u0i109 for webview_service com.ldd.redenvelope/org.chromium.content.app.SandboxedProcessService1 caller=com.ldd.redenvelope
05-17 13:07:21.273 10066 11917 E KSAdSDK : [Networking]: request responseBase httpCodeError:-2 
05-17 13:07:21.294 12097 12097 E LBE-Sec : su invoked.
05-17 13:07:21.305 10066 11932 W Settings: Setting adb_enabled has moved from android.provider.Settings.Secure to android.provider.Settings.Global.
05-17 13:07:21.299 12089 12089 W dboxed_process1: type=1400 audit(0.0:11471): avc: denied { search } for name="theme" dev="dm-2" ino=524300 scontext=u:r:isolated_app:s0:c109,c256,c512,c768 tcontext=u:object_r:theme_data_file:s0 tclass=dir permissive=0
05-17 13:07:21.329 12089 12089 W dboxed_process1: type=1400 audit(0.0:11475): avc: denied { search } for name="theme" dev="dm-2" ino=524300 scontext=u:r:isolated_app:s0:c109,c256,c512,c768 tcontext=u:object_r:theme_data_file:s0 tclass=dir permissive=0
05-17 13:07:21.343 10066 11954 W Settings: Setting adb_enabled has moved from android.provider.Settings.Secure to android.provider.Settings.Global.
05-17 13:07:21.345 12089 12089 I LoadedApk: No resource references to update in package com.google.android.webview
05-17 13:07:21.350 12089 12089 I cr_ChildProcessService: Creating new ChildProcessService pid=12089
05-17 13:07:21.363 12089 12110 I cr_LibraryLoader: Time to load native libraries: 0 ms (timestamps 1718-1718)
05-17 13:07:21.364 12089 12110 W chromium: [0517/130721.364599:WARNING:library_prefetcher.cc(328)] Code not ordered, madvise optimization skipped
05-17 13:07:21.366  2133 25970 I ActivityManager: Killing 12089:com.google.android.webview:sandboxed_process1/u0a180i109 (adj 0): isolated not needed
05-17 13:07:21.367  2133  2163 W libprocessgroup: Failed to open process cgroup uid 99109 pid 12089: No such file or directory
05-17 13:07:21.367  2133  2163 E libprocessgroup: Error encountered killing process cgroup uid 99109 pid 12089: No such file or directory
05-17 13:07:21.383  2417  2417 I Zygote  : Process 12089 exited due to signal (9)
05-17 13:07:21.390  3705  4033 I TrafficManageService: mina mTrafficStatsReceiver onReceive
05-17 13:07:21.394 10066 12073 E D105498 : s:57,v:7
05-17 13:07:21.466 10066 12073 W Settings: Setting adb_enabled has moved from android.provider.Settings.Secure to android.provider.Settings.Global.
05-17 13:07:21.467 10066 12073 W Settings: Setting development_settings_enabled has moved from android.provider.Settings.Secure to android.provider.Settings.Global.
05-17 13:07:21.534 11903 11903 I dex2oat : dex2oat took 1.748s (3.756s cpu) (threads: 6) arena alloc=18KB (18976B) java alloc=4MB (5062168B) native alloc=6MB (6777968B) free=2MB (2659216B)
05-17 13:07:21.553 10066 11893 W ldd.redenvelop: Skipping duplicate class check due to unsupported classloader
05-17 13:07:21.554 10066 11893 I Zeus/install: PluginInstaller watcher[install:com.byted.pangle]-dexOpt cost=1949
05-17 13:07:21.561 10066 11893 I Zeus/install: PluginInstaller watcher[install:com.byted.pangle]-cleanPluginApk cost=6
05-17 13:07:21.561 10066 11893 I Zeus/DefaultReporterImpl: skip default report
05-17 13:07:21.562 10066 11893 I Zeus/install: PluginInstaller watcher[install:com.byted.pangle]-success cost=0, total=2103
05-17 13:07:21.580 10066 11893 I Zeus/install: Plugin markPluginInstalled, com.byted.pangle:4908 md5=40ACF669DD039801317363F173301C1A
05-17 13:07:21.581 10066 11893 I Zeus/install: Plugin INSTALLED com.byted.pangle:4908
05-17 13:07:21.583 10066 10143 I Zeus/load: PluginLoader watcher[loadPlugin:com.byted.pangle]-start
05-17 13:07:21.584 10066 10143 I Zeus/DefaultReporterImpl: skip default report
05-17 13:07:21.584 10066 10143 I Zeus/load: PluginLoader watcher[load:com.byted.pangle]-start
05-17 13:07:21.584 10066 10143 I Zeus/load: PluginLoader watcher[load:com.byted.pangle]-isInstalled cost=0
05-17 13:07:21.584 10066 10143 I Zeus/load: PluginLoader watcher[load:com.byted.pangle]-getSourceFile cost=0
05-17 13:07:21.585 10066 10143 I Zeus/load: PluginLoader watcher[load:com.byted.pangle]-getNativeLibraryDir cost=1
05-17 13:07:21.585 10066 10143 I Zeus/load: PluginLoader watcher[load:com.byted.pangle]-dalvikCacheDir cost=0
05-17 13:07:21.585 10066 10143 W ldd.redenvelop: Unsupported class loader
05-17 13:07:21.587 10066 10143 W ldd.redenvelop: Skipping duplicate class check due to unsupported classloader
05-17 13:07:21.588 10066 10143 I Zeus/load: PluginLoader watcher[load:com.byted.pangle]-classloader cost=3
05-17 13:07:21.588 10066 10143 W ldd.redenvelop: resources.arsc in APK '/data/user/0/com.ldd.redenvelope/files/pangle_p/com.byted.pangle/version-4908/apk/base-1.apk' is compressed.
05-17 13:07:21.589 10066 10143 W ldd.redenvelop: resources.arsc in APK '/data/user/0/com.ldd.redenvelope/files/pangle_p/com.byted.pangle/version-4908/apk/base-1.apk' is compressed.
05-17 13:07:21.590 10066 10143 E ldd.redenvelop: Invalid ID 0x00000000.
05-17 13:07:21.594 10066 10143 I Zeus/load: PluginLoader watcher[load:com.byted.pangle]-getPackageInfo cost=6
05-17 13:07:21.599  2599  4166 I DPMJ    : |REQ:RCVR| DPM creating socket
05-17 13:07:21.606 10066 10143 I Zeus/load: PluginLoader watcher[load:com.byted.pangle]-setApplication cost=12
05-17 13:07:21.607 10066 10143 W ldd.redenvelop: resources.arsc in APK '/data/user/0/com.ldd.redenvelope/files/pangle_p/com.byted.pangle/version-4908/apk/base-1.apk' is compressed.
05-17 13:07:21.613 10066 10143 E ldd.redenvelop: Invalid ID 0x00000000.
05-17 13:07:21.617 10066 12073 E libc    : Access denied finding property "ro.runtime.firstboot"
05-17 13:07:21.617 10066 10143 I Zeus/load: AssetManagerProcessor invoke AssetManager.addAssetPath() success, cookie = 7, path = /system/app/WebViewGoogle/WebViewGoogle.apk
05-17 13:07:21.617 10066 10143 I Zeus/load: AssetManagerProcessor updateAssetManager, newAssetManager=android.content.res.AssetManager@47e7fbe, assets=[/system/framework/framework-res.apk , /vendor/overlay/DevicesAndroidOverlay.apk , /system/app/miui/miui.apk , /system/app/miuisystem/miuisystem.apk , /system/framework/framework-ext-res/framework-ext-res.apk , /data/user/0/com.ldd.redenvelope/files/pangle_p/com.byted.pangle/version-4908/apk/base-1.apk , /system/app/WebViewGoogle/WebViewGoogle.apk]
05-17 13:07:21.618 10066 10143 I Zeus/resources: /system/framework/framework-res.apk /data/app/com.ldd.redenvelope-_56-87eDMd7siyu_p0hQQw==/base.apk /data/user/0/com.ldd.redenvelope /data/data/com.ldd.redenvelope
05-17 13:07:21.618 10066 10143 I Zeus/resources: /vendor/overlay/DevicesAndroidOverlay.apk /data/app/com.ldd.redenvelope-_56-87eDMd7siyu_p0hQQw==/base.apk /data/user/0/com.ldd.redenvelope /data/data/com.ldd.redenvelope
05-17 13:07:21.618 10066 10143 I Zeus/resources: /system/app/miui/miui.apk /data/app/com.ldd.redenvelope-_56-87eDMd7siyu_p0hQQw==/base.apk /data/user/0/com.ldd.redenvelope /data/data/com.ldd.redenvelope
05-17 13:07:21.618 10066 10143 I Zeus/resources: /system/app/miuisystem/miuisystem.apk /data/app/com.ldd.redenvelope-_56-87eDMd7siyu_p0hQQw==/base.apk /data/user/0/com.ldd.redenvelope /data/data/com.ldd.redenvelope
05-17 13:07:21.618 10066 10143 I Zeus/resources: /system/framework/framework-ext-res/framework-ext-res.apk /data/app/com.ldd.redenvelope-_56-87eDMd7siyu_p0hQQw==/base.apk /data/user/0/com.ldd.redenvelope /data/data/com.ldd.redenvelope
05-17 13:07:21.618 10066 10143 I Zeus/resources: /data/app/com.ldd.redenvelope-_56-87eDMd7siyu_p0hQQw==/base.apk /data/app/com.ldd.redenvelope-_56-87eDMd7siyu_p0hQQw==/base.apk /data/user/0/com.ldd.redenvelope /data/data/com.ldd.redenvelope
05-17 13:07:21.621 10066 10143 I Zeus/load: AssetManagerProcessor invoke AssetManager.addAssetPath() success, cookie = 8, path = /data/app/com.ldd.redenvelope-_56-87eDMd7siyu_p0hQQw==/base.apk
05-17 13:07:21.621 10066 10143 I Zeus/load: AssetManagerProcessor updateAssetManager, newAssetManager=android.content.res.AssetManager@47e7fbe, assets=[/system/framework/framework-res.apk , /vendor/overlay/DevicesAndroidOverlay.apk , /system/app/miui/miui.apk , /system/app/miuisystem/miuisystem.apk , /system/framework/framework-ext-res/framework-ext-res.apk , /data/user/0/com.ldd.redenvelope/files/pangle_p/com.byted.pangle/version-4908/apk/base-1.apk , /system/app/WebViewGoogle/WebViewGoogle.apk , /data/app/com.ldd.redenvelope-_56-87eDMd7siyu_p0hQQw==/base.apk]
05-17 13:07:21.621 10066 10143 I Zeus/resources: /system/app/WebViewGoogle/WebViewGoogle.apk /data/app/com.ldd.redenvelope-_56-87eDMd7siyu_p0hQQw==/base.apk /data/user/0/com.ldd.redenvelope /data/data/com.ldd.redenvelope
05-17 13:07:21.622 10066 10143 I Zeus/load: PluginLoader watcher[load:com.byted.pangle]-makeResources cost=15
05-17 13:07:21.622 10066 10143 I Zeus/load: PluginLoader watcher[load:com.byted.pangle]-resolveActivityServices cost=0
05-17 13:07:21.622 10066 10143 I Zeus/load: PluginLoader watcher[load:com.byted.pangle]-resolveReceiver cost=0
05-17 13:07:21.622 10066 10143 I Zeus/load: PluginLoader watcher[load:com.byted.pangle]-resolveProvider cost=0
05-17 13:07:21.622 10066 10143 I Zeus/load: PluginLoader watcher[load:com.byted.pangle]-installProvider cost=0
05-17 13:07:21.626 10066 10143 I Zeus/load: PluginMultiDex VM with version 2.1.0 has multidex support
05-17 13:07:21.626 10066 10143 I Zeus/load: PluginMultiDex Installing application
05-17 13:07:21.626 10066 10143 I Zeus/load: PluginMultiDex VM has multidex support, MultiDex support library is disabled.
05-17 13:07:21.634 10066 10143 I Zeus/load: PluginLoader watcher[load:com.byted.pangle]-makeApplication cost=12
05-17 13:07:21.634 10066 10143 I Zeus/load: PluginLoader watcher[loadPlugin:com.byted.pangle]-loadPluginInternal:true cost=51, total=51
05-17 13:07:21.635 10066 10143 I Zeus/DefaultReporterImpl: skip default report
05-17 13:07:21.635 10066 10143 I Zeus/load: PluginLoader loadFinished, Plugin{pkg=com.byted.pangle, ver=4908, life=3}
05-17 13:07:21.635 10066 10143 I Zeus/load: PluginLoader postResult, LOADED com.byted.pangle
05-17 13:07:21.637 10066 11889 I Zeus/init: ZeusScanRunnable listPluginDownloadDir, dir = /data/user/0/com.ldd.redenvelope/app_tt_pangle_bykv_file/pangle_com.byted.pangle/next
05-17 13:07:21.637 10066 10143 I Zeus/init: Plugin getInstalledMaxVersion, pkg=com.byted.live.lite, maxVer=-1
05-17 13:07:21.638 10066 10143 I Zeus/init: ZeusSpUtils getPluginApiVersion pluginPKg = com.byted.live.lite, pluginApiVersion = 0
05-17 13:07:21.638 10066 10143 I Zeus/init: Plugin checkVersionValid, pkg=com.byted.live.lite, ver=0, valid=false
05-17 13:07:21.638 10066 10143 I Zeus/init: Plugin initPlugins result=Plugin{pkg=com.byted.live.lite, ver=0, life=1}
05-17 13:07:21.638 10066 10143 I Zeus/init: ZeusSpUtils setHostAbiUpdated HOST_ABI= --> arm64-v8a
05-17 13:07:21.638 10066 10143 I Zeus/init: ZeusSpUtils getHostIdentity pluginPKg = com.byted.live.lite, hostIdentity = 
05-17 13:07:21.638 10066 10143 I Zeus/init: ZeusSpUtils setHostIdentity(com.byted.live.lite)  --> 3446691E3923494BC65EF9E2FA694242
05-17 13:07:21.638 10066 10143 I Zeus/init: ZeusSpUtils getPluginApiVersion pluginPKg = com.byted.live.lite, pluginApiVersion = 0
05-17 13:07:21.638 10066 10143 I Zeus/init: ZeusSpUtils setPluginApiVersion 0 --> 2050
05-17 13:07:21.639 10066 12129 I Zeus/init: Plugin copyInternalPlugin plugins/zeusliveplugin.apk --> /data/user/0/com.ldd.redenvelope/files/.pangle_i/com.byted.live.lite.apk
05-17 13:07:21.639 10066 12129 W Zeus/install: installInternalPlugin failed. plugins/zeusliveplugin.apk
05-17 13:07:21.640 10066 11889 I Zeus/init: ZeusScanRunnable listPluginDownloadDir, dir = /storage/emulated/0/Android/data/com.ldd.redenvelope/files/.pangle_d
05-17 13:07:21.663  3705  4033 I TrafficManageService: mina mTrafficStatsReceiver onReceive
05-17 13:07:21.734 12139 12139 F linker  : CANNOT LINK EXECUTABLE "/system/bin/dpmd": "/system/lib64/libdpmframework.so" is 32-bit instead of 64-bit
05-17 13:07:21.770 10066 12135 I Zeus/receiver: ZeusTransformUtils-registerReceiver-execute
05-17 13:07:21.771 10066 12135 I TeaLog  : Inited
05-17 13:07:21.805 10066 12131 W ttmn    : <0x0,av_thread_factory.cpp,~AVThreadFactory,33>thread pool close end: ref: 1
05-17 13:07:21.815 10066 12131 W ttmn    : <0x0,AVMDLJniBase.cpp,JNI_OnLoad,76>-----compiled native library  Oct 26 2021 11:18:46-----
05-17 13:07:21.815 10066 12131 W ttmn    : <0x0,AVMDLJniBase.cpp,JNI_OnLoad,86><JNI_OnLoad,86> JNI_OnLoad (result=65540)
05-17 13:07:21.815 10066 12131 W ttmn    : <0x0,AVMDLManagerBridge.cpp,native_create,41>start create mdl
05-17 13:07:21.816 10066 12131 W ttmn    : <0x0,AVMDLJniBase.cpp,init_avmdl_app_wrapper,350>register getStringValueByStrkey suc
05-17 13:07:21.816 10066 12131 W ttmn    : <0x0,AVMDLJniBase.cpp,init_avmdl_app_wrapper,358>cls:16722
05-17 13:07:21.816 10066 12131 W ttmn    : <0x0,AVMDLManagerBridge.cpp,register_native_methods,895>register other native methods ok
05-17 13:07:21.816 10066 12131 W ttmn    : <0x0,AVMDLManagerBridge.cpp,init_dns_info,918>lite not need init dns info
05-17 13:07:21.816 10066 12131 W ttmn    : <0x0,AVMDLManagerBridge.cpp,init_fetcher_info,988>lite not need init fetcher info
05-17 13:07:21.816 10066 12131 W ttmn    : <0x0,AVMDLManagerBridge.cpp,init_hashMap_info,1080>init hashMap  suc
05-17 13:07:21.816 10066 12131 W ttmn    : <0x0,AVMDLManagerBridge.cpp,init_downloader_info,1134>init downloader info suc
05-17 13:07:21.816 10066 12131 W ttmn    : <0x0,AVMDLManagerBridge.cpp,init_downloader_info,1142>init downloader info native methods ok
05-17 13:07:21.816 10066 12131 W ttmn    : <0x0,AVMDLManagerBridge.cpp,native_create,55>register end
05-17 13:07:21.818 10066 12133 I ldd.redenvelop: Rejecting re-init on previously-failed class java.lang.Class<ms.bd.c.Pgl.h1$pgla>: java.lang.NoClassDefFoundError: Failed resolution of: Lcom/bytedance/retrofit2/intercept/Interceptor;
05-17 13:07:21.818 10066 12133 I ldd.redenvelop:   at java.lang.Class dalvik.system.DexFile.defineClassNative(java.lang.String, java.lang.ClassLoader, java.lang.Object, dalvik.system.DexFile) (DexFile.java:-2)
05-17 13:07:21.818 10066 12133 I ldd.redenvelop:   at java.lang.Class dalvik.system.DexFile.defineClass(java.lang.String, java.lang.ClassLoader, java.lang.Object, dalvik.system.DexFile, java.util.List) (DexFile.java:287)
05-17 13:07:21.818 10066 12133 I ldd.redenvelop:   at java.lang.Class dalvik.system.DexFile.loadClassBinaryName(java.lang.String, java.lang.ClassLoader, java.util.List) (DexFile.java:280)
05-17 13:07:21.818 10066 12133 I ldd.redenvelop:   at java.lang.Class dalvik.system.DexPathList$Element.findClass(java.lang.String, java.lang.ClassLoader, java.util.List) (DexPathList.java:755)
05-17 13:07:21.819 10066 12133 I ldd.redenvelop:   at java.lang.Class dalvik.system.DexPathList.findClass(java.lang.String, java.util.List) (DexPathList.java:499)
05-17 13:07:21.819 10066 12133 I ldd.redenvelop:   at java.lang.Class dalvik.system.BaseDexClassLoader.findClass(java.lang.String) (BaseDexClassLoader.java:169)
05-17 13:07:21.819 10066 12133 I ldd.redenvelop:   at java.lang.Class com.bytedance.pangle.PluginClassLoader.findClass(java.lang.String) ((null):2)
05-17 13:07:21.819 10066 12133 I ldd.redenvelop:   at java.lang.Class java.lang.ClassLoader.loadClass(java.lang.String, boolean) (ClassLoader.java:379)
05-17 13:07:21.819 10066 12133 I ldd.redenvelop:   at java.lang.Class java.lang.ClassLoader.loadClass(java.lang.String) (ClassLoader.java:312)
05-17 13:07:21.819 10066 12133 I ldd.redenvelop:   at boolean ms.bd.c.Pgl.l0.a(android.content.Context, ms.bd.c.Pgl.c, java.lang.String, java.lang.String) ((null):4)
05-17 13:07:21.819 10066 12133 I ldd.redenvelop:   at boolean com.bytedance.mobsec.metasec.ml.PglMSManagerUtils.init(android.content.Context, com.bytedance.mobsec.metasec.ml.PglMSConfig) ((null):-1)
05-17 13:07:21.819 10066 12133 I ldd.redenvelop:   at boolean com.bytedance.sdk.openadsdk.adapter.a.c.a(java.lang.String, java.lang.String) ((null):78)
05-17 13:07:21.819 10066 12133 I ldd.redenvelop:   at void com.bytedance.sdk.openadsdk.adapter.a.c.<init>(java.lang.String, java.lang.String, com.bytedance.sdk.openadsdk.adapter.b) ((null):68)
05-17 13:07:21.819 10066 12133 I ldd.redenvelop:   at com.bytedance.sdk.openadsdk.adapter.a.c com.bytedance.sdk.openadsdk.adapter.a.d.b(android.content.Context, com.bytedance.sdk.openadsdk.adapter.b) ((null):55)
05-17 13:07:21.819 10066 12133 I ldd.redenvelop:   at void com.bytedance.sdk.openadsdk.adapter.a.d.<init>(android.content.Context, com.bytedance.sdk.openadsdk.adapter.b) ((null):35)
05-17 13:07:21.819 10066 12133 I ldd.redenvelop:   at com.bytedance.sdk.openadsdk.adapter.a.d com.bytedance.sdk.openadsdk.adapter.a.d.a(android.content.Context, com.bytedance.sdk.openadsdk.adapter.b) ((null):42)
05-17 13:07:21.819 10066 12133 I ldd.redenvelop:   at com.bytedance.sdk.openadsdk.TTAdBridge com.bytedance.sdk.openadsdk.adapter.a$1.a(int, android.content.Context, com.bytedance.sdk.openadsdk.adapter.b) ((null):28)
05-17 13:07:21.819 10066 12133 I ldd.redenvelop:   at void com.bytedance.sdk.openadsdk.core.ag.<init>() ((null):35)
05-17 13:07:21.819 10066 12133 I ldd.redenvelop:   at void com.bytedance.sdk.openadsdk.core.ag.<init>(com.bytedance.sdk.openadsdk.core.ag$1) ((null):22)
05-17 13:07:21.819 10066 12133 I ldd.redenvelop:   at void com.bytedance.sdk.openadsdk.core.ag$a.<clinit>() ((null):194)
05-17 13:07:21.819 10066 12133 I ldd.redenvelop:   at com.bytedance.sdk.openadsdk.core.ag com.bytedance.sdk.openadsdk.core.ag.a() ((null):65)
05-17 13:07:21.819 10066 12133 I ldd.redenvelop:   at void com.bytedance.sdk.openadsdk.core.d$2.run() ((null):304)
05-17 13:07:21.819 10066 12133 I ldd.redenvelop:   at void com.bytedance.sdk.component.g.b.run() ((null):35)
05-17 13:07:21.819 10066 12133 I ldd.redenvelop:   at void java.util.concurrent.ThreadPoolExecutor.runWorker(java.util.concurrent.ThreadPoolExecutor$Worker) (ThreadPoolExecutor.java:1167)
05-17 13:07:21.819 10066 12133 I ldd.redenvelop:   at void java.util.concurrent.ThreadPoolExecutor$Worker.run() (ThreadPoolExecutor.java:641)
05-17 13:07:21.819 10066 12133 I ldd.redenvelop:   at void java.lang.Thread.run() (Thread.java:764)
05-17 13:07:21.819 10066 12133 I ldd.redenvelop: Caused by: java.lang.ClassNotFoundException: Didn't find class "com.bytedance.retrofit2.intercept.Interceptor" on path: DexPathList[[zip file "/data/user/0/com.ldd.redenvelope/files/pangle_p/com.byted.pangle/version-4908/apk/base-1.apk"],nativeLibraryDirectories=[/data/user/0/com.ldd.redenvelope/files/pangle_p/com.byted.pangle/version-4908/lib, /system/lib64]]
05-17 13:07:21.819 10066 12133 I ldd.redenvelop:   at java.lang.Class dalvik.system.BaseDexClassLoader.findClass(java.lang.String) (BaseDexClassLoader.java:171)
05-17 13:07:21.819 10066 12133 I ldd.redenvelop:   at java.lang.Class com.bytedance.pangle.PluginClassLoader.findClass(java.lang.String) ((null):2)
05-17 13:07:21.819 10066 12133 I ldd.redenvelop:   at java.lang.Class java.lang.ClassLoader.loadClass(java.lang.String, boolean) (ClassLoader.java:379)
05-17 13:07:21.819 10066 12133 I ldd.redenvelop:   at java.lang.Class java.lang.ClassLoader.loadClass(java.lang.String) (ClassLoader.java:312)
05-17 13:07:21.819 10066 12133 I ldd.redenvelop:   at java.lang.Class dalvik.system.DexFile.defineClassNative(java.lang.String, java.lang.ClassLoader, java.lang.Object, dalvik.system.DexFile) (DexFile.java:-2)
05-17 13:07:21.819 10066 12133 I ldd.redenvelop:   at java.lang.Class dalvik.system.DexFile.defineClass(java.lang.String, java.lang.ClassLoader, java.lang.Object, dalvik.system.DexFile, java.util.List) (DexFile.java:287)
05-17 13:07:21.819 10066 12133 I ldd.redenvelop:   at java.lang.Class dalvik.system.DexFile.loadClassBinaryName(java.lang.String, java.lang.ClassLoader, java.util.List) (DexFile.java:280)
05-17 13:07:21.819 10066 12133 I ldd.redenvelop:   at java.lang.Class dalvik.system.DexPathList$Element.findClass(java.lang.String, java.lang.ClassLoader, java.util.List) (DexPathList.java:755)
05-17 13:07:21.819 10066 12133 I ldd.redenvelop:   at java.lang.Class dalvik.system.DexPathList.findClass(java.lang.String, java.util.List) (DexPathList.java:499)
05-17 13:07:21.819 10066 12133 I ldd.redenvelop:   at java.lang.Class dalvik.system.BaseDexClassLoader.findClass(java.lang.String) (BaseDexClassLoader.java:169)
05-17 13:07:21.819 10066 12133 I ldd.redenvelop:   at java.lang.Class com.bytedance.pangle.PluginClassLoader.findClass(java.lang.String) ((null):2)
05-17 13:07:21.819 10066 12133 I ldd.redenvelop:   at java.lang.Class java.lang.ClassLoader.loadClass(java.lang.String, boolean) (ClassLoader.java:379)
05-17 13:07:21.819 10066 12133 I ldd.redenvelop:   at java.lang.Class java.lang.ClassLoader.loadClass(java.lang.String) (ClassLoader.java:312)
05-17 13:07:21.819 10066 12133 I ldd.redenvelop:   at boolean ms.bd.c.Pgl.l0.a(android.content.Context, ms.bd.c.Pgl.c, java.lang.String, java.lang.String) ((null):4)
05-17 13:07:21.819 10066 12133 I ldd.redenvelop:   at boolean com.bytedance.mobsec.metasec.ml.PglMSManagerUtils.init(android.content.Context, com.bytedance.mobsec.metasec.ml.PglMSConfig) ((null):-1)
05-17 13:07:21.819 10066 12133 I ldd.redenvelop:   at boolean com.bytedance.sdk.openadsdk.adapter.a.c.a(java.lang.String, java.lang.String) ((null):78)
05-17 13:07:21.819 10066 12133 I ldd.redenvelop:   at void com.bytedance.sdk.openadsdk.adapter.a.c.<init>(java.lang.String, java.lang.String, com.bytedance.sdk.openadsdk.adapter.b) ((null):68)
05-17 13:07:21.819 10066 12133 I ldd.redenvelop:   at com.bytedance.sdk.openadsdk.adapter.a.c com.bytedance.sdk.openadsdk.adapter.a.d.b(android.content.Context, com.bytedance.sdk.openadsdk.adapter.b) ((null):55)
05-17 13:07:21.819 10066 12133 I ldd.redenvelop:   at void com.bytedance.sdk.openadsdk.adapter.a.d.<init>(android.content.Context, com.bytedance.sdk.openadsdk.adapter.b) ((null):35)
05-17 13:07:21.819 10066 12133 I ldd.redenvelop:   at com.bytedance.sdk.openadsdk.adapter.a.d com.bytedance.sdk.openadsdk.adapter.a.d.a(android.content.Context, com.bytedance.sdk.openadsdk.adapter.b) ((null):42)
05-17 13:07:21.819 10066 12133 I ldd.redenvelop:   at com.bytedance.sdk.openadsdk.TTAdBridge com.bytedance.sdk.openadsdk.adapter.a$1.a(int, android.content.Context, com.bytedance.sdk.openadsdk.adapter.b) ((null):28)
05-17 13:07:21.819 10066 12133 I ldd.redenvelop:   at void com.bytedance.sdk.openadsdk.core.ag.<init>() ((null):35)
05-17 13:07:21.819 10066 12133 I ldd.redenvelop:   at void com.bytedance.sdk.openadsdk.core.ag.<init>(com.bytedance.sdk.openadsdk.core.ag$1) ((null):22)
05-17 13:07:21.819 10066 12133 I ldd.redenvelop:   at void com.bytedance.sdk.openadsdk.core.ag$a.<clinit>() ((null):194)
05-17 13:07:21.819 10066 12133 I ldd.redenvelop:   at com.bytedance.sdk.openadsdk.core.ag com.bytedance.sdk.openadsdk.core.ag.a() ((null):65)
05-17 13:07:21.819 10066 12133 I ldd.redenvelop:   at void com.bytedance.sdk.openadsdk.core.d$2.run() ((null):304)
05-17 13:07:21.819 10066 12133 I ldd.redenvelop:   at void com.bytedance.sdk.component.g.b.run() ((null):35)
05-17 13:07:21.819 10066 12133 I ldd.redenvelop:   at void java.util.concurrent.ThreadPoolExecutor.runWorker(java.util.concurrent.ThreadPoolExecutor$Worker) (ThreadPoolExecutor.java:1167)
05-17 13:07:21.819 10066 12133 I ldd.redenvelop:   at void java.util.concurrent.ThreadPoolExecutor$Worker.run() (ThreadPoolExecutor.java:641)
05-17 13:07:21.819 10066 12133 I ldd.redenvelop:   at void java.lang.Thread.run() (Thread.java:764)
05-17 13:07:21.819 10066 12133 I ldd.redenvelop: 
05-17 13:07:21.821 10066 12173 W ttmn    : <0x0,AVMDLJniBase.cpp,create_thread_env,48>get java vm is:0x7416ac91c0
05-17 13:07:21.822 10066 12131 W ttmn    : <0x0,AVMDLManagerBridge.cpp,native_create,57>mdl version is AVMDL-1.1.37.31-boringssl-lite-ANDROID
05-17 13:07:21.822 10066 12131 W ttmn    : <0x0,AVMDLog.cpp,set_alog_notifyer,32>set_alog_enable, 0x0:0x0
05-17 13:07:21.822 10066 12131 W ttmn    : <0x0,AVMDLManagerBridge.cpp,native_create,59>create mdl:0x736907fd00,size:648
05-17 13:07:21.826 10066 12159 I TeaLog  : loadHeader, true, 0
05-17 13:07:21.827 10066 12159 I TeaLog  : net|worker start
05-17 13:07:21.829 10066 12133 I ldd.redenvelop: Rejecting re-init on previously-failed class java.lang.Class<ms.bd.c.Pgl.h1$pgla>: java.lang.NoClassDefFoundError: Failed resolution of: Lcom/bytedance/retrofit2/intercept/Interceptor;
05-17 13:07:21.829 10066 12133 I ldd.redenvelop:   at java.lang.Class dalvik.system.DexFile.defineClassNative(java.lang.String, java.lang.ClassLoader, java.lang.Object, dalvik.system.DexFile) (DexFile.java:-2)
05-17 13:07:21.829 10066 12133 I ldd.redenvelop:   at java.lang.Class dalvik.system.DexFile.defineClass(java.lang.String, java.lang.ClassLoader, java.lang.Object, dalvik.system.DexFile, java.util.List) (DexFile.java:287)
05-17 13:07:21.829 10066 12133 I ldd.redenvelop:   at java.lang.Class dalvik.system.DexFile.loadClassBinaryName(java.lang.String, java.lang.ClassLoader, java.util.List) (DexFile.java:280)
05-17 13:07:21.829 10066 12133 I ldd.redenvelop:   at java.lang.Class dalvik.system.DexPathList$Element.findClass(java.lang.String, java.lang.ClassLoader, java.util.List) (DexPathList.java:755)
05-17 13:07:21.829 10066 12133 I ldd.redenvelop:   at java.lang.Class dalvik.system.DexPathList.findClass(java.lang.String, java.util.List) (DexPathList.java:499)
05-17 13:07:21.829 10066 12133 I ldd.redenvelop:   at java.lang.Class dalvik.system.BaseDexClassLoader.findClass(java.lang.String) (BaseDexClassLoader.java:169)
05-17 13:07:21.829 10066 12133 I ldd.redenvelop:   at java.lang.Class com.bytedance.pangle.PluginClassLoader.findClass(java.lang.String) ((null):2)
05-17 13:07:21.829 10066 12133 I ldd.redenvelop:   at java.lang.Class java.lang.ClassLoader.loadClass(java.lang.String, boolean) (ClassLoader.java:379)
05-17 13:07:21.829 10066 12133 I ldd.redenvelop:   at java.lang.Class java.lang.ClassLoader.loadClass(java.lang.String) (ClassLoader.java:312)
05-17 13:07:21.829 10066 12133 I ldd.redenvelop:   at boolean ms.bd.c.Pgl.l0.a(android.content.Context, ms.bd.c.Pgl.c, java.lang.String, java.lang.String) ((null):4)
05-17 13:07:21.830 10066 12133 I ldd.redenvelop:   at boolean com.bytedance.mobsec.metasec.ml.PglMSManagerUtils.init(android.content.Context, com.bytedance.mobsec.metasec.ml.PglMSConfig) ((null):-1)
05-17 13:07:21.830 10066 12133 I ldd.redenvelop:   at boolean com.bytedance.sdk.openadsdk.adapter.a.c.a(java.lang.String, java.lang.String) ((null):78)
05-17 13:07:21.830 10066 12133 I ldd.redenvelop:   at void com.bytedance.sdk.openadsdk.adapter.a.c.<init>(java.lang.String, java.lang.String, com.bytedance.sdk.openadsdk.adapter.b) ((null):68)
05-17 13:07:21.830 10066 12133 I ldd.redenvelop:   at com.bytedance.sdk.openadsdk.adapter.a.c com.bytedance.sdk.openadsdk.adapter.a.d.b(android.content.Context, com.bytedance.sdk.openadsdk.adapter.b) ((null):55)
05-17 13:07:21.830 10066 12133 I ldd.redenvelop:   at void com.bytedance.sdk.openadsdk.adapter.a.d.<init>(android.content.Context, com.bytedance.sdk.openadsdk.adapter.b) ((null):35)
05-17 13:07:21.830 10066 12133 I ldd.redenvelop:   at com.bytedance.sdk.openadsdk.adapter.a.d com.bytedance.sdk.openadsdk.adapter.a.d.a(android.content.Context, com.bytedance.sdk.openadsdk.adapter.b) ((null):42)
05-17 13:07:21.830 10066 12133 I ldd.redenvelop:   at com.bytedance.sdk.openadsdk.TTAdBridge com.bytedance.sdk.openadsdk.adapter.a$1.a(int, android.content.Context, com.bytedance.sdk.openadsdk.adapter.b) ((null):28)
05-17 13:07:21.830 10066 12133 I ldd.redenvelop:   at void com.bytedance.sdk.openadsdk.core.ag.<init>() ((null):35)
05-17 13:07:21.830 10066 12133 I ldd.redenvelop:   at void com.bytedance.sdk.openadsdk.core.ag.<init>(com.bytedance.sdk.openadsdk.core.ag$1) ((null):22)
05-17 13:07:21.830 10066 12133 I ldd.redenvelop:   at void com.bytedance.sdk.openadsdk.core.ag$a.<clinit>() ((null):194)
05-17 13:07:21.830 10066 12133 I ldd.redenvelop:   at com.bytedance.sdk.openadsdk.core.ag com.bytedance.sdk.openadsdk.core.ag.a() ((null):65)
05-17 13:07:21.830 10066 12133 I ldd.redenvelop:   at void com.bytedance.sdk.openadsdk.core.d$2.run() ((null):304)
05-17 13:07:21.830 10066 12133 I ldd.redenvelop:   at void com.bytedance.sdk.component.g.b.run() ((null):35)
05-17 13:07:21.830 10066 12133 I ldd.redenvelop:   at void java.util.concurrent.ThreadPoolExecutor.runWorker(java.util.concurrent.ThreadPoolExecutor$Worker) (ThreadPoolExecutor.java:1167)
05-17 13:07:21.830 10066 12133 I ldd.redenvelop:   at void java.util.concurrent.ThreadPoolExecutor$Worker.run() (ThreadPoolExecutor.java:641)
05-17 13:07:21.830 10066 12133 I ldd.redenvelop:   at void java.lang.Thread.run() (Thread.java:764)
05-17 13:07:21.830 10066 12133 I ldd.redenvelop: Caused by: java.lang.ClassNotFoundException: Didn't find class "com.bytedance.retrofit2.intercept.Interceptor" on path: DexPathList[[zip file "/data/user/0/com.ldd.redenvelope/files/pangle_p/com.byted.pangle/version-4908/apk/base-1.apk"],nativeLibraryDirectories=[/data/user/0/com.ldd.redenvelope/files/pangle_p/com.byted.pangle/version-4908/lib, /system/lib64]]
05-17 13:07:21.830 10066 12133 I ldd.redenvelop:   at java.lang.Class dalvik.system.BaseDexClassLoader.findClass(java.lang.String) (BaseDexClassLoader.java:171)
05-17 13:07:21.830 10066 12133 I ldd.redenvelop:   at java.lang.Class com.bytedance.pangle.PluginClassLoader.findClass(java.lang.String) ((null):2)
05-17 13:07:21.830 10066 12133 I ldd.redenvelop:   at java.lang.Class java.lang.ClassLoader.loadClass(java.lang.String, boolean) (ClassLoader.java:379)
05-17 13:07:21.830 10066 12133 I ldd.redenvelop:   at java.lang.Class java.lang.ClassLoader.loadClass(java.lang.String) (ClassLoader.java:312)
05-17 13:07:21.830 10066 12133 I ldd.redenvelop:   at java.lang.Class dalvik.system.DexFile.defineClassNative(java.lang.String, java.lang.ClassLoader, java.lang.Object, dalvik.system.DexFile) (DexFile.java:-2)
05-17 13:07:21.830 10066 12133 I ldd.redenvelop:   at java.lang.Class dalvik.system.DexFile.defineClass(java.lang.String, java.lang.ClassLoader, java.lang.Object, dalvik.system.DexFile, java.util.List) (DexFile.java:287)
05-17 13:07:21.830 10066 12133 I ldd.redenvelop:   at java.lang.Class dalvik.system.DexFile.loadClassBinaryName(java.lang.String, java.lang.ClassLoader, java.util.List) (DexFile.java:280)
05-17 13:07:21.830 10066 12133 I ldd.redenvelop:   at java.lang.Class dalvik.system.DexPathList$Element.findClass(java.lang.String, java.lang.ClassLoader, java.util.List) (DexPathList.java:755)
05-17 13:07:21.830 10066 12133 I ldd.redenvelop:   at java.lang.Class dalvik.system.DexPathList.findClass(java.lang.String, java.util.List) (DexPathList.java:499)
05-17 13:07:21.830 10066 12133 I ldd.redenvelop:   at java.lang.Class dalvik.system.BaseDexClassLoader.findClass(java.lang.String) (BaseDexClassLoader.java:169)
05-17 13:07:21.830 10066 12133 I ldd.redenvelop:   at java.lang.Class com.bytedance.pangle.PluginClassLoader.findClass(java.lang.String) ((null):2)
05-17 13:07:21.830 10066 12133 I ldd.redenvelop:   at java.lang.Class java.lang.ClassLoader.loadClass(java.lang.String, boolean) (ClassLoader.java:379)
05-17 13:07:21.830 10066 12133 I ldd.redenvelop:   at java.lang.Class java.lang.ClassLoader.loadClass(java.lang.String) (ClassLoader.java:312)
05-17 13:07:21.830 10066 12133 I ldd.redenvelop:   at boolean ms.bd.c.Pgl.l0.a(android.content.Context, ms.bd.c.Pgl.c, java.lang.String, java.lang.String) ((null):4)
05-17 13:07:21.830 10066 12133 I ldd.redenvelop:   at boolean com.bytedance.mobsec.metasec.ml.PglMSManagerUtils.init(android.content.Context, com.bytedance.mobsec.metasec.ml.PglMSConfig) ((null):-1)
05-17 13:07:21.830 10066 12133 I ldd.redenvelop:   at boolean com.bytedance.sdk.openadsdk.adapter.a.c.a(java.lang.String, java.lang.String) ((null):78)
05-17 13:07:21.830 10066 12133 I ldd.redenvelop:   at void com.bytedance.sdk.openadsdk.adapter.a.c.<init>(java.lang.String, java.lang.String, com.bytedance.sdk.openadsdk.adapter.b) ((null):68)
05-17 13:07:21.830 10066 12133 I ldd.redenvelop:   at com.bytedance.sdk.openadsdk.adapter.a.c com.bytedance.sdk.openadsdk.adapter.a.d.b(android.content.Context, com.bytedance.sdk.openadsdk.adapter.b) ((null):55)
05-17 13:07:21.830 10066 12133 I ldd.redenvelop:   at void com.bytedance.sdk.openadsdk.adapter.a.d.<init>(android.content.Context, com.bytedance.sdk.openadsdk.adapter.b) ((null):35)
05-17 13:07:21.830 10066 12133 I ldd.redenvelop:   at com.bytedance.sdk.openadsdk.adapter.a.d com.bytedance.sdk.openadsdk.adapter.a.d.a(android.content.Context, com.bytedance.sdk.openadsdk.adapter.b) ((null):42)
05-17 13:07:21.830 10066 12133 I ldd.redenvelop:   at com.bytedance.sdk.openadsdk.TTAdBridge com.bytedance.sdk.openadsdk.adapter.a$1.a(int, android.content.Context, com.bytedance.sdk.openadsdk.adapter.b) ((null):28)
05-17 13:07:21.830 10066 12133 I ldd.redenvelop:   at void com.bytedance.sdk.openadsdk.core.ag.<init>() ((null):35)
05-17 13:07:21.830 10066 12133 I ldd.redenvelop:   at void com.bytedance.sdk.openadsdk.core.ag.<init>(com.bytedance.sdk.openadsdk.core.ag$1) ((null):22)
05-17 13:07:21.830 10066 12133 I ldd.redenvelop:   at void com.bytedance.sdk.openadsdk.core.ag$a.<clinit>() ((null):194)
05-17 13:07:21.830 10066 12133 I ldd.redenvelop:   at com.bytedance.sdk.openadsdk.core.ag com.bytedance.sdk.openadsdk.core.ag.a() ((null):65)
05-17 13:07:21.830 10066 12133 I ldd.redenvelop:   at void com.bytedance.sdk.openadsdk.core.d$2.run() ((null):304)
05-17 13:07:21.830 10066 12133 I ldd.redenvelop:   at void com.bytedance.sdk.component.g.b.run() ((null):35)
05-17 13:07:21.830 10066 12133 I ldd.redenvelop:   at void java.util.concurrent.ThreadPoolExecutor.runWorker(java.util.concurrent.ThreadPoolExecutor$Worker) (ThreadPoolExecutor.java:1167)
05-17 13:07:21.830 10066 12133 I ldd.redenvelop:   at void java.util.concurrent.ThreadPoolExecutor$Worker.run() (ThreadPoolExecutor.java:641)
05-17 13:07:21.830 10066 12133 I ldd.redenvelop:   at void java.lang.Thread.run() (Thread.java:764)
05-17 13:07:21.830 10066 12133 I ldd.redenvelop: 
05-17 13:07:21.830 10066 12133 E METASEC : MSHttpInterceptorImpl:Bind fail
05-17 13:07:21.841 10066 12133 I Zeus/receiver: ZeusTransformUtils-registerReceiver-execute
05-17 13:07:21.844 10066 12133 I Zeus/receiver: plugin-receiver:a,action=android.intent.action.BATTERY_CHANGED[注册完成]
05-17 13:07:21.857 10066 12177 W ttmn    : <0x0,AVMDLManagerBridge.cpp,native_setStringValue,328>set loader factory cache dir
05-17 13:07:21.857 10066 12177 W ttmn    : <0x0,AVMDLManagerBridge.cpp,native_setStringValue,356>set key:9 valuestr:/data/user/0/com.ldd.redenvelope/cache/pangle_com.byted.pangle/tt_ad/tt_video_default/loaderFactory
05-17 13:07:21.857 10066 12177 W ttmn    : <0x0,AVMDLManagerBridge.cpp,native_setStringValue,324>set cache dir
05-17 13:07:21.857 10066 12177 W ttmn    : <0x0,AVMDLManagerBridge.cpp,native_setStringValue,356>set key:0 valuestr:/data/user/0/com.ldd.redenvelope/cache/pangle_com.byted.pangle/tt_ad/tt_video_default
05-17 13:07:21.857 10066 12177 W ttmn    : <0x0,AVMDLManagerBridge.cpp,native_setStringValue,332>set cache dir
05-17 13:07:21.857 10066 12177 W ttmn    : <0x0,AVMDLManagerBridge.cpp,native_setStringValue,356>set key:5510 valuestr:/data/user/0/com.ldd.redenvelope/cache/pangle_com.byted.pangle/tt_ad/tt_video_default/netCache
05-17 13:07:21.857 10066 12177 W ttmn    : <0x0,AVMDLManagerBridge.cpp,native_setIntValue,664>set key:-10000 value:0
05-17 13:07:21.857 10066 12177 W ttmn    : <0x0,AVMDLManagerBridge.cpp,native_setIntValue,664>set key:-10000 value:10000
05-17 13:07:21.857 10066 12177 W ttmn    : <0x0,AVMDLManagerBridge.cpp,native_setIntValue,664>set key:-10000 value:20000
05-17 13:07:21.857 10066 12177 W ttmn    : <0x0,AVMDLManagerBridge.cpp,native_setIntValue,664>set key:-10000 value:3500
05-17 13:07:21.857 10066 12177 W ttmn    : <0x0,AVMDLManagerBridge.cpp,native_setIntValue,664>set key:-10000 value:1000
05-17 13:07:21.857 10066 12177 W ttmn    : <0x0,AVMDLManagerBridge.cpp,native_setIntValue,664>set key:-10000 value:3
05-17 13:07:21.857 10066 12177 W ttmn    : <0x0,AVMDLManagerBridge.cpp,native_setIntValue,664>set key:-10000 value:60000
05-17 13:07:21.857 10066 12177 W ttmn    : <0x0,AVMDLManagerBridge.cpp,native_setIntValue,664>set key:-10000 value:0
05-17 13:07:21.857 10066 12177 W ttmn    : <0x0,AVMDLManagerBridge.cpp,native_setIntValue,664>set key:-10000 value:0
05-17 13:07:21.857 10066 12177 W ttmn    : <0x0,AVMDLManagerBridge.cpp,native_setIntValue,664>set key:-10000 value:5000
05-17 13:07:21.857 10066 12177 W ttmn    : <0x0,AVMDLManagerBridge.cpp,native_setIntValue,664>set key:1 value:52428800
05-17 13:07:21.857 10066 12177 W ttmn    : <0x0,AVMDLManagerBridge.cpp,native_setIntValue,664>set key:2 value:10
05-17 13:07:21.857 10066 12177 W ttmn    : <0x0,AVMDLManagerBridge.cpp,native_setIntValue,664>set key:3 value:10
05-17 13:07:21.857 10066 12177 W ttmn    : <0x0,AVMDLManagerBridge.cpp,native_setIntValue,664>set key:4 value:3
05-17 13:07:21.857 10066 12177 W ttmn    : <0x0,AVMDLManagerBridge.cpp,native_setIntValue,664>set key:7 value:52428800
05-17 13:07:21.857 10066 12177 W ttmn    : <0x0,AVMDLManagerBridge.cpp,native_setIntValue,664>set key:8 value:5242880
05-17 13:07:21.857 10066 12177 W ttmn    : <0x0,AVMDLManagerBridge.cpp,native_setIntValue,664>set key:5 value:0
05-17 13:07:21.857 10066 12177 W ttmn    : <0x0,AVMDLManagerBridge.cpp,native_setIntValue,664>set key:600 value:5
05-17 13:07:21.857 10066 12177 W ttmn    : <0x0,AVMDLManagerBridge.cpp,native_setIntValue,664>set key:10 value:0
05-17 13:07:21.857 10066 12177 W ttmn    : <0x0,AVMDLManagerBridge.cpp,native_setIntValue,664>set key:630 value:1209600
05-17 13:07:21.858 10066 12177 W ttmn    : <0x0,AVMDLManagerBridge.cpp,native_setIntValue,664>set key:601 value:1
05-17 13:07:21.858 10066 12177 W ttmn    : <0x0,AVMDLManagerBridge.cpp,native_setIntValue,664>set key:602 value:1
05-17 13:07:21.858 10066 12177 W ttmn    : <0x0,AVMDLManagerBridge.cpp,native_setIntValue,664>set key:-10000 value:0
05-17 13:07:21.858 10066 12177 W ttmn    : <0x0,AVMDLManagerBridge.cpp,native_setIntValue,664>set key:620 value:0
05-17 13:07:21.858 10066 12177 W ttmn    : <0x0,AVMDLManagerBridge.cpp,native_setIntValue,664>set key:621 value:0
05-17 13:07:21.858 10066 12177 W ttmn    : <0x0,AVMDLManagerBridge.cpp,native_setIntValue,664>set key:629 value:0
05-17 13:07:21.858 10066 12177 W ttmn    : <0x0,AVMDLManagerBridge.cpp,native_setIntValue,664>set key:622 value:120
05-17 13:07:21.858 10066 12177 W ttmn    : <0x0,AVMDLManagerBridge.cpp,native_setIntValue,664>set key:10 value:0
05-17 13:07:21.858 10066 12177 W ttmn    : <0x0,AVMDLManagerBridge.cpp,native_setIntValue,664>set key:722 value:3
05-17 13:07:21.858 10066 12177 W ttmn    : <0x0,AVMDLManagerBridge.cpp,native_setIntValue,664>set key:623 value:1
05-17 13:07:21.858 10066 12177 W ttmn    : <0x0,AVMDLManagerBridge.cpp,native_setIntValue,664>set key:625 value:0
05-17 13:07:21.858 10066 12177 W ttmn    : <0x0,AVMDLManagerBridge.cpp,native_setIntValue,664>set key:631 value:0
05-17 13:07:21.858 10066 12177 W ttmn    : <0x0,AVMDLManagerBridge.cpp,native_setIntValue,664>set key:724 value:0
05-17 13:07:21.858 10066 12177 W ttmn    : <0x0,AVMDLManagerBridge.cpp,native_setIntValue,664>set key:-10000 value:0
05-17 13:07:21.858 10066 12177 I chatty  : uid=10180(com.ldd.redenvelope) Thread-30 identical 1 line
05-17 13:07:21.858 10066 12177 W ttmn    : <0x0,AVMDLManagerBridge.cpp,native_setIntValue,664>set key:-10000 value:0
05-17 13:07:21.858 10066 12177 W ttmn    : <0x0,AVMDLManagerBridge.cpp,native_setIntValue,664>set key:726 value:0
05-17 13:07:21.858 10066 12177 W ttmn    : <0x0,AVMDLManagerBridge.cpp,native_setIntValue,664>set key:727 value:3
05-17 13:07:21.858 10066 12177 W ttmn    : <0x0,AVMDLManagerBridge.cpp,native_setIntValue,664>set key:728 value:0
05-17 13:07:21.858 10066 12177 W ttmn    : <0x0,AVMDLManagerBridge.cpp,native_setIntValue,664>set key:729 value:0
05-17 13:07:21.858 10066 12177 W ttmn    : <0x0,AVMDLManagerBridge.cpp,native_setIntValue,664>set key:-10000 value:0
05-17 13:07:21.858 10066 12177 W ttmn    : <0x0,AVMDLManagerBridge.cpp,native_setIntValue,664>set key:730 value:0
05-17 13:07:21.858 10066 12177 W ttmn    : <0x0,AVMDLManagerBridge.cpp,native_setIntValue,664>set key:732 value:0
05-17 13:07:21.858 10066 12177 W ttmn    : <0x0,AVMDLManagerBridge.cpp,native_setIntValue,664>set key:733 value:2
05-17 13:07:21.858 10066 12177 W ttmn    : <0x0,AVMDLManagerBridge.cpp,native_setIntValue,664>set key:931 value:0
05-17 13:07:21.858 10066 12177 W ttmn    : <0x0,AVMDLManagerBridge.cpp,native_setIntValue,664>set key:737 value:1
05-17 13:07:21.858 10066 12177 W ttmn    : <0x0,AVMDLManagerBridge.cpp,native_setIntValue,664>set key:752 value:0
05-17 13:07:21.858 10066 12177 W ttmn    : <0x0,AVMDLManagerBridge.cpp,native_setIntValue,664>set key:753 value:0
05-17 13:07:21.858 10066 12177 W ttmn    : <0x0,AVMDLManagerBridge.cpp,native_setIntValue,664>set key:754 value:0
05-17 13:07:21.858 10066 12177 W ttmn    : <0x0,AVMDLManagerBridge.cpp,native_setIntValue,664>set key:762 value:0
05-17 13:07:21.858 10066 12177 W ttmn    : <0x0,AVMDLManagerBridge.cpp,native_setIntValue,664>set key:755 value:0
05-17 13:07:21.858 10066 12177 W ttmn    : <0x0,AVMDLManagerBridge.cpp,native_setIntValue,664>set key:756 value:0
05-17 13:07:21.858 10066 12177 W ttmn    : <0x0,AVMDLManagerBridge.cpp,native_setIntValue,664>set key:757 value:0
05-17 13:07:21.858 10066 12177 W ttmn    : <0x0,AVMDLManagerBridge.cpp,native_setIntValue,664>set key:758 value:0
05-17 13:07:21.858 10066 12177 W ttmn    : <0x0,AVMDLManagerBridge.cpp,native_setIntValue,664>set key:768 value:0
05-17 13:07:21.858 10066 12177 W ttmn    : <0x0,AVMDLManagerBridge.cpp,native_setIntValue,664>set key:741 value:0
05-17 13:07:21.858 10066 12177 W ttmn    : <0x0,AVMDLManagerBridge.cpp,native_setIntValue,664>set key:742 value:0
05-17 13:07:21.858 10066 12177 W ttmn    : <0x0,AVMDLManagerBridge.cpp,native_setIntValue,664>set key:110 value:500
05-17 13:07:21.858 10066 12177 W ttmn    : <0x0,AVMDLManagerBridge.cpp,native_setIntValue,664>set key:765 value:5
05-17 13:07:21.858 10066 12177 W ttmn    : <0x0,AVMDLManagerBridge.cpp,native_setIntValue,664>set key:766 value:1
05-17 13:07:21.858 10066 12177 W ttmn    : <0x0,AVMDLManagerBridge.cpp,native_setIntValue,664>set key:-10000 value:0
05-17 13:07:21.858 10066 12177 W ttmn    : <0x0,AVMDLManagerBridge.cpp,native_setIntValue,664>set key:709 value:0
05-17 13:07:21.858 10066 12177 W ttmn    : <0x0,AVMDLog.cpp,set_alog_enable,38>set_alog_enable, 0
05-17 13:07:21.858 10066 12177 W ttmn    : <0x0,AVMDLManagerBridge.cpp,native_setIntValue,664>set key:738 value:0
05-17 13:07:21.858 10066 12177 W ttmn    : <0x0,AVMDLManagerBridge.cpp,native_setIntValue,664>set key:739 value:0
05-17 13:07:21.858 10066 12177 W ttmn    : <0x0,AVMDLManagerBridge.cpp,native_setIntValue,664>set key:936 value:0
05-17 13:07:21.858 10066 12177 W ttmn    : <0x0,AVMDLManagerBridge.cpp,native_setIntValue,664>set key:937 value:0
05-17 13:07:21.858 10066 12177 W ttmn    : <0x0,AVMDLManagerBridge.cpp,native_setIntValue,664>set key:938 value:0
05-17 13:07:21.858 10066 12177 W ttmn    : <0x0,AVMDLManagerBridge.cpp,native_setIntValue,664>set key:939 value:0
05-17 13:07:21.858 10066 12177 W ttmn    : <0x0,AVMDLManagerBridge.cpp,native_setIntValue,664>set key:940 value:0
05-17 13:07:21.858 10066 12177 W ttmn    : <0x0,AVMDLManagerBridge.cpp,native_setIntValue,664>set key:740 value:0
05-17 13:07:21.858 10066 12177 W ttmn    : <0x0,AVMDLManagerBridge.cpp,native_setIntValue,664>set key:932 value:2147483647
