05-17 13:07:33.245 12440 12609 I Zeus/receiver: plugin-receiver:a,action=android.intent.action.BATTERY_CHANGED[注册完成]
05-17 13:07:33.248 12440 12675 W ttmn    : <0x0,AVMDLManagerBridge.cpp,native_setStringValue,328>set loader factory cache dir
05-17 13:07:33.248 12440 12675 W ttmn    : <0x0,AVMDLManagerBridge.cpp,native_setStringValue,356>set key:9 valuestr:/data/user/0/com.ldd.redenvelope/cache/pangle_com.byted.pangle/tt_ad/tt_video_default/loaderFactory
05-17 13:07:33.248 12440 12675 W ttmn    : <0x0,AVMDLManagerBridge.cpp,native_setStringValue,324>set cache dir
05-17 13:07:33.248 12440 12675 W ttmn    : <0x0,AVMDLManagerBridge.cpp,native_setStringValue,356>set key:0 valuestr:/data/user/0/com.ldd.redenvelope/cache/pangle_com.byted.pangle/tt_ad/tt_video_default
05-17 13:07:33.248 12440 12675 W ttmn    : <0x0,AVMDLManagerBridge.cpp,native_setStringValue,332>set cache dir
05-17 13:07:33.248 12440 12675 W ttmn    : <0x0,AVMDLManagerBridge.cpp,native_setStringValue,356>set key:5510 valuestr:/data/user/0/com.ldd.redenvelope/cache/pangle_com.byted.pangle/tt_ad/tt_video_default/netCache
05-17 13:07:33.248 12440 12675 W ttmn    : <0x0,AVMDLManagerBridge.cpp,native_setIntValue,664>set key:-10000 value:0
05-17 13:07:33.248 12440 12675 W ttmn    : <0x0,AVMDLManagerBridge.cpp,native_setIntValue,664>set key:-10000 value:10000
05-17 13:07:33.248 12440 12675 W ttmn    : <0x0,AVMDLManagerBridge.cpp,native_setIntValue,664>set key:-10000 value:20000
05-17 13:07:33.248 12440 12675 W ttmn    : <0x0,AVMDLManagerBridge.cpp,native_setIntValue,664>set key:-10000 value:3500
05-17 13:07:33.248 12440 12675 W ttmn    : <0x0,AVMDLManagerBridge.cpp,native_setIntValue,664>set key:-10000 value:1000
05-17 13:07:33.248 12440 12675 W ttmn    : <0x0,AVMDLManagerBridge.cpp,native_setIntValue,664>set key:-10000 value:3
05-17 13:07:33.248 12440 12675 W ttmn    : <0x0,AVMDLManagerBridge.cpp,native_setIntValue,664>set key:-10000 value:60000
05-17 13:07:33.248 12440 12675 W ttmn    : <0x0,AVMDLManagerBridge.cpp,native_setIntValue,664>set key:-10000 value:0
05-17 13:07:33.248 12440 12675 W ttmn    : <0x0,AVMDLManagerBridge.cpp,native_setIntValue,664>set key:-10000 value:0
05-17 13:07:33.248 12440 12675 W ttmn    : <0x0,AVMDLManagerBridge.cpp,native_setIntValue,664>set key:-10000 value:5000
05-17 13:07:33.248 12440 12675 W ttmn    : <0x0,AVMDLManagerBridge.cpp,native_setIntValue,664>set key:1 value:52428800
05-17 13:07:33.248 12440 12675 W ttmn    : <0x0,AVMDLManagerBridge.cpp,native_setIntValue,664>set key:2 value:10
05-17 13:07:33.248 12440 12675 W ttmn    : <0x0,AVMDLManagerBridge.cpp,native_setIntValue,664>set key:3 value:10
05-17 13:07:33.248 12440 12675 W ttmn    : <0x0,AVMDLManagerBridge.cpp,native_setIntValue,664>set key:4 value:3
05-17 13:07:33.248 12440 12675 W ttmn    : <0x0,AVMDLManagerBridge.cpp,native_setIntValue,664>set key:7 value:52428800
05-17 13:07:33.248 12440 12675 W ttmn    : <0x0,AVMDLManagerBridge.cpp,native_setIntValue,664>set key:8 value:5242880
05-17 13:07:33.248 12440 12675 W ttmn    : <0x0,AVMDLManagerBridge.cpp,native_setIntValue,664>set key:5 value:0
05-17 13:07:33.248 12440 12675 W ttmn    : <0x0,AVMDLManagerBridge.cpp,native_setIntValue,664>set key:600 value:5
05-17 13:07:33.248 12440 12675 W ttmn    : <0x0,AVMDLManagerBridge.cpp,native_setIntValue,664>set key:10 value:0
05-17 13:07:33.248 12440 12675 W ttmn    : <0x0,AVMDLManagerBridge.cpp,native_setIntValue,664>set key:630 value:1209600
05-17 13:07:33.248 12440 12675 W ttmn    : <0x0,AVMDLManagerBridge.cpp,native_setIntValue,664>set key:601 value:1
05-17 13:07:33.248 12440 12675 W ttmn    : <0x0,AVMDLManagerBridge.cpp,native_setIntValue,664>set key:602 value:1
05-17 13:07:33.248 12440 12675 W ttmn    : <0x0,AVMDLManagerBridge.cpp,native_setIntValue,664>set key:-10000 value:0
05-17 13:07:33.248 12440 12675 W ttmn    : <0x0,AVMDLManagerBridge.cpp,native_setIntValue,664>set key:620 value:0
05-17 13:07:33.248 12440 12675 W ttmn    : <0x0,AVMDLManagerBridge.cpp,native_setIntValue,664>set key:621 value:0
05-17 13:07:33.248 12440 12675 W ttmn    : <0x0,AVMDLManagerBridge.cpp,native_setIntValue,664>set key:629 value:0
05-17 13:07:33.249 12440 12675 W ttmn    : <0x0,AVMDLManagerBridge.cpp,native_setIntValue,664>set key:622 value:120
05-17 13:07:33.249 12440 12675 W ttmn    : <0x0,AVMDLManagerBridge.cpp,native_setIntValue,664>set key:10 value:0
05-17 13:07:33.249 12440 12675 W ttmn    : <0x0,AVMDLManagerBridge.cpp,native_setIntValue,664>set key:722 value:3
05-17 13:07:33.249 12440 12675 W ttmn    : <0x0,AVMDLManagerBridge.cpp,native_setIntValue,664>set key:623 value:1
05-17 13:07:33.249 12440 12675 W ttmn    : <0x0,AVMDLManagerBridge.cpp,native_setIntValue,664>set key:625 value:0
05-17 13:07:33.249 12440 12675 W ttmn    : <0x0,AVMDLManagerBridge.cpp,native_setIntValue,664>set key:631 value:0
05-17 13:07:33.249 12440 12675 W ttmn    : <0x0,AVMDLManagerBridge.cpp,native_setIntValue,664>set key:724 value:0
05-17 13:07:33.249 12440 12675 W ttmn    : <0x0,AVMDLManagerBridge.cpp,native_setIntValue,664>set key:-10000 value:0
05-17 13:07:33.249 12440 12675 I chatty  : uid=10180(com.ldd.redenvelope) Thread-10 identical 1 line
05-17 13:07:33.249 12440 12675 W ttmn    : <0x0,AVMDLManagerBridge.cpp,native_setIntValue,664>set key:-10000 value:0
05-17 13:07:33.249 12440 12675 W ttmn    : <0x0,AVMDLManagerBridge.cpp,native_setIntValue,664>set key:726 value:0
05-17 13:07:33.249 12440 12675 W ttmn    : <0x0,AVMDLManagerBridge.cpp,native_setIntValue,664>set key:727 value:3
05-17 13:07:33.249 12440 12675 W ttmn    : <0x0,AVMDLManagerBridge.cpp,native_setIntValue,664>set key:728 value:0
05-17 13:07:33.249 12440 12675 W ttmn    : <0x0,AVMDLManagerBridge.cpp,native_setIntValue,664>set key:729 value:0
05-17 13:07:33.249 12440 12675 W ttmn    : <0x0,AVMDLManagerBridge.cpp,native_setIntValue,664>set key:-10000 value:0
05-17 13:07:33.249 12440 12675 W ttmn    : <0x0,AVMDLManagerBridge.cpp,native_setIntValue,664>set key:730 value:0
05-17 13:07:33.249 12440 12675 W ttmn    : <0x0,AVMDLManagerBridge.cpp,native_setIntValue,664>set key:732 value:0
05-17 13:07:33.249 12440 12675 W ttmn    : <0x0,AVMDLManagerBridge.cpp,native_setIntValue,664>set key:733 value:2
05-17 13:07:33.249 12440 12675 W ttmn    : <0x0,AVMDLManagerBridge.cpp,native_setIntValue,664>set key:931 value:0
05-17 13:07:33.249 12440 12675 W ttmn    : <0x0,AVMDLManagerBridge.cpp,native_setIntValue,664>set key:737 value:1
05-17 13:07:33.249 12440 12675 W ttmn    : <0x0,AVMDLManagerBridge.cpp,native_setIntValue,664>set key:752 value:0
05-17 13:07:33.249 12440 12675 W ttmn    : <0x0,AVMDLManagerBridge.cpp,native_setIntValue,664>set key:753 value:0
05-17 13:07:33.249 12440 12675 W ttmn    : <0x0,AVMDLManagerBridge.cpp,native_setIntValue,664>set key:754 value:0
05-17 13:07:33.249 12440 12675 W ttmn    : <0x0,AVMDLManagerBridge.cpp,native_setIntValue,664>set key:762 value:0
05-17 13:07:33.249 12440 12675 W ttmn    : <0x0,AVMDLManagerBridge.cpp,native_setIntValue,664>set key:755 value:0
05-17 13:07:33.249 12440 12675 W ttmn    : <0x0,AVMDLManagerBridge.cpp,native_setIntValue,664>set key:756 value:0
05-17 13:07:33.249 12440 12675 W ttmn    : <0x0,AVMDLManagerBridge.cpp,native_setIntValue,664>set key:757 value:0
05-17 13:07:33.249 12440 12675 W ttmn    : <0x0,AVMDLManagerBridge.cpp,native_setIntValue,664>set key:758 value:0
05-17 13:07:33.249 12440 12675 W ttmn    : <0x0,AVMDLManagerBridge.cpp,native_setIntValue,664>set key:768 value:0
05-17 13:07:33.249 12440 12675 W ttmn    : <0x0,AVMDLManagerBridge.cpp,native_setIntValue,664>set key:741 value:0
05-17 13:07:33.249 12440 12675 W ttmn    : <0x0,AVMDLManagerBridge.cpp,native_setIntValue,664>set key:742 value:0
05-17 13:07:33.249 12440 12675 W ttmn    : <0x0,AVMDLManagerBridge.cpp,native_setIntValue,664>set key:110 value:500
05-17 13:07:33.249 12440 12675 W ttmn    : <0x0,AVMDLManagerBridge.cpp,native_setIntValue,664>set key:765 value:5
05-17 13:07:33.249 12440 12675 W ttmn    : <0x0,AVMDLManagerBridge.cpp,native_setIntValue,664>set key:766 value:1
05-17 13:07:33.249 12440 12675 W ttmn    : <0x0,AVMDLManagerBridge.cpp,native_setIntValue,664>set key:-10000 value:0
05-17 13:07:33.249 12440 12675 W ttmn    : <0x0,AVMDLManagerBridge.cpp,native_setIntValue,664>set key:709 value:0
05-17 13:07:33.249 12440 12675 W ttmn    : <0x0,AVMDLog.cpp,set_alog_enable,38>set_alog_enable, 0
05-17 13:07:33.249 12440 12675 W ttmn    : <0x0,AVMDLManagerBridge.cpp,native_setIntValue,664>set key:738 value:0
05-17 13:07:33.249 12440 12675 W ttmn    : <0x0,AVMDLManagerBridge.cpp,native_setIntValue,664>set key:739 value:0
05-17 13:07:33.249 12440 12675 W ttmn    : <0x0,AVMDLManagerBridge.cpp,native_setIntValue,664>set key:936 value:0
05-17 13:07:33.249 12440 12675 W ttmn    : <0x0,AVMDLManagerBridge.cpp,native_setIntValue,664>set key:937 value:0
05-17 13:07:33.249 12440 12675 W ttmn    : <0x0,AVMDLManagerBridge.cpp,native_setIntValue,664>set key:938 value:0
05-17 13:07:33.249 12440 12675 W ttmn    : <0x0,AVMDLManagerBridge.cpp,native_setIntValue,664>set key:939 value:0
05-17 13:07:33.249 12440 12675 W ttmn    : <0x0,AVMDLManagerBridge.cpp,native_setIntValue,664>set key:940 value:0
05-17 13:07:33.249 12440 12675 W ttmn    : <0x0,AVMDLManagerBridge.cpp,native_setIntValue,664>set key:740 value:0
05-17 13:07:33.249 12440 12675 W ttmn    : <0x0,AVMDLManagerBridge.cpp,native_setIntValue,664>set key:932 value:2147483647
05-17 13:07:33.249 12440 12675 W ttmn    : <0x0,AVMDLManagerBridge.cpp,native_setIntValue,664>set key:933 value:2147483647
05-17 13:07:33.249 12440 12675 W ttmn    : <0x0,AVMDLManagerBridge.cpp,native_setIntValue,664>set key:935 value:0
05-17 13:07:33.249 12440 12675 W ttmn    : <0x0,AVMDLManagerBridge.cpp,native_setIntValue,664>set key:751 value:3600
05-17 13:07:33.249 12440 12675 W ttmn    : <0x0,AVMDLManagerBridge.cpp,native_setIntValue,664>set key:764 value:0
05-17 13:07:33.249 12440 12675 W ttmn    : <0x0,AVMDLManagerBridge.cpp,native_setIntValue,664>set key:760 value:0
05-17 13:07:33.249 12440 12675 W ttmn    : <0x0,AVMDLManagerBridge.cpp,native_setIntValue,664>set key:770 value:0
05-17 13:07:33.250 12440 12675 W ttmn    : <0x0,AVMDLManagerBridge.cpp,native_setIntValue,664>set key:771 value:0
05-17 13:07:33.250 12440 12675 W ttmn    : <0x0,AVMDLManagerBridge.cpp,native_setIntValue,664>set key:761 value:0
05-17 13:07:33.250 12440 12675 W ttmn    : <0x0,AVMDLManagerBridge.cpp,native_setIntValue,664>set key:-10000 value:0
05-17 13:07:33.250 12440 12675 W ttmn    : <0x0,AVMDLManagerBridge.cpp,native_setIntValue,664>set key:775 value:0
05-17 13:07:33.250 12440 12675 W ttmn    : <0x0,AVMDLManagerBridge.cpp,native_setIntValue,664>set key:-10000 value:0
05-17 13:07:33.250 12440 12675 W ttmn    : <0x0,AVMDLManagerBridge.cpp,native_setIntValue,664>set key:-10000 value:0
05-17 13:07:33.250 12440 12675 W ttmn    : <0x0,AVMDLManagerBridge.cpp,native_setIntValue,664>set key:811 value:0
05-17 13:07:33.250 12440 12675 W ttmn    : <0x0,AVMDLManagerBridge.cpp,native_setIntValue,664>set key:812 value:3
05-17 13:07:33.250 12440 12675 W ttmn    : <0x0,AVMDLManagerBridge.cpp,native_setIntValue,664>set key:810 value:0
05-17 13:07:33.250 12440 12675 W ttmn    : <0x0,AVMDLManagerBridge.cpp,native_setIntValue,664>set key:-10000 value:0
05-17 13:07:33.250 12440 12675 W ttmn    : <0x0,AVMDLManagerBridge.cpp,native_setInt64Value,386>set int64 key:801 value:0
05-17 13:07:33.250 12440 12675 W ttmn    : <0x0,AVMDLManagerBridge.cpp,native_setInt64Value,386>set int64 key:813 value:0
05-17 13:07:33.250 12440 12675 W ttmn    : <0x0,AVMDLManagerBridge.cpp,native_setIntValue,664>set key:815 value:0
05-17 13:07:33.250 12440 12675 W ttmn    : <0x0,AVMDLManagerBridge.cpp,native_setIntValue,664>set key:767 value:8192
05-17 13:07:33.250 12440 12675 W ttmn    : <0x0,AVMDLManagerBridge.cpp,native_setIntValue,664>set key:816 value:0
05-17 13:07:33.250 12440 12675 W ttmn    : <0x0,AVMDLManagerBridge.cpp,native_setIntValue,664>set key:817 value:1
05-17 13:07:33.250 12440 12675 W ttmn    : <0x0,AVMDLManagerBridge.cpp,native_setIntValue,664>set key:821 value:0
05-17 13:07:33.250 12440 12675 W ttmn    : <0x0,AVMDLManagerBridge.cpp,native_setInt64Value,386>set int64 key:942 value:0
05-17 13:07:33.250 12440 12675 W ttmn    : <0x0,AVMDLManagerBridge.cpp,native_setInt64Value,386>set int64 key:941 value:0
05-17 13:07:33.250 12440 12675 W ttmn    : <0x0,AVMDLManagerBridge.cpp,native_setStringValue,356>set key:7399 valuestr:/data/user/0/com.ldd.redenvelope/cache/pangle_com.byted.pangle/tt_ad/tt_video_brand$10485760|/data/user/0/com.ldd.redenvelope/cache/pangle_com.byted.pangle/tt_ad/tt_video_splash$20971520|/data/user/0/com.ldd.redenvelope/cache/pangle_com.byted.pangle/tt_ad/tt_video_reward_full$31457280|/data/user/0/com.ldd.redenvelope/cache/pangle_com.byted.pangle/tt_ad/tt_video_default$20971520|/storage/emulated/0/Android/data/com.ldd.redenvelope/cache/pangle_com.byted.pangle/tt_ad/tt_video_brand$1048
05-17 13:07:33.255 12585 12585 I Input   : injectMotionEvent: MotionEvent { action=ACTION_MOVE, actionButton=0, id[0]=0, x[0]=540.0, y[0]=1015.0, toolType[0]=TOOL_TYPE_UNKNOWN, buttonState=0, metaState=0, flags=0x0, edgeFlags=0x0, pointerCount=1, historySize=0, eventTime=13263611, downTime=13263611, deviceId=7, source=0x1002 }
05-17 13:07:33.259 12440 12675 W ttmn    : <0x0,AVMDLManagerBridge.cpp,native_setIntValue,664>set key:-10000 value:0
05-17 13:07:33.270 12585 12585 I Input   : injectMotionEvent: MotionEvent { action=ACTION_UP, actionButton=0, id[0]=0, x[0]=540.0, y[0]=1015.0, toolType[0]=TOOL_TYPE_UNKNOWN, buttonState=0, metaState=0, flags=0x0, edgeFlags=0x0, pointerCount=1, historySize=0, eventTime=13263626, downTime=13263626, deviceId=7, source=0x1002 }
05-17 13:07:33.290 10066 10066 I Timeline: Timeline: Activity_launch_request time:13263646 intent:Intent { flg=0x10000000 cmp=com.ldd.redenvelope/com.baidu.mobads.sdk.api.AppActivity (has extras) }
05-17 13:07:33.292  3705  4033 I TrafficManageService: mina mTrafficStatsReceiver onReceive
05-17 13:07:33.293  2133  2724 I SplashScreenServiceDelegate: None for com.ldd.redenvelope
05-17 13:07:33.294  2133  2724 I ActivityManager: START u0 {flg=0x10000000 cmp=com.ldd.redenvelope/com.baidu.mobads.sdk.api.AppActivity (has extras)} from uid 10180
05-17 13:07:33.302 12440 12682 W ttmn    : <0x0,AVMDLJniBase.cpp,create_thread_env,48>get java vm is:0x7416ac91c0
05-17 13:07:33.303  2133  2724 E ActivityTrigger: activityStartTrigger: not whiteListedcom.ldd.redenvelope/com.baidu.mobads.sdk.api.AppActivity/7
05-17 13:07:33.306  2133  2724 E ActivityTrigger: activityResumeTrigger: not whiteListedcom.ldd.redenvelope/com.baidu.mobads.sdk.api.AppActivity/7
05-17 13:07:33.307   786   816 E ANDR-PERF-MPCTL: Invalid profile no. 0, total profiles 0 only
05-17 13:07:33.323  2133  2724 E ActivityTrigger: activityResumeTrigger: not whiteListedcom.ldd.redenvelope/com.baidu.mobads.sdk.api.AppActivity/7
05-17 13:07:33.330  2133  2724 I Timeline: Timeline: App_transition_ready time:13263686
05-17 13:07:33.333 10066 10066 W ActivityThread: handleWindowVisibility: no activity for token android.os.BinderProxy@1498a57
05-17 13:07:33.343 10066 10127 I ContentCatcher: ViewContentFetcher : ViewContentFetcher
05-17 13:07:33.377  3705  4033 I TrafficManageService: mina mTrafficStatsReceiver onReceive
05-17 13:07:33.380 12440 12691 W ttmn    : <0x0,AVMDLJniBase.cpp,create_thread_env,48>get java vm is:0x7416ac91c0
05-17 13:07:33.397  2807  2807 I QcrilOemhookMsgTunnel: [0]invokeOemRilRequestRaw: serial=2119 length=24
05-17 13:07:33.398  2807  2831 I QcrilOemhookMsgTunnel: [0]processOemHookResponse serial no: 2119 error: 0length=0
05-17 13:07:33.401 12440 12619 I KSAdSDK : [KsAdSDKImpl]: onCacheLoaded() 
05-17 13:07:33.406  2807  2807 I QcrilOemhookMsgTunnel: [1]invokeOemRilRequestRaw: serial=2120 length=24
05-17 13:07:33.406  2807  2831 I QcrilOemhookMsgTunnel: [0]processOemHookIndication length=28
05-17 13:07:33.409  2807  2831 I QcrilOemhookMsgTunnel: [1]processOemHookResponse serial no: 2120 error: 0length=0
05-17 13:07:33.411  2807  2831 I QcrilOemhookMsgTunnel: [1]processOemHookIndication length=28
05-17 13:07:33.419  1106  4711 I MMParserExtractor: Created(0x719de86180)
05-17 13:07:33.422 12440 12695 W ttmn    : <0x0,AVMDLJniBase.cpp,create_thread_env,48>get java vm is:0x7416ac91c0
05-17 13:07:33.430 12440 12594 I Zeus/receiver: ZeusTransformUtils-registerReceiver-execute
05-17 13:07:33.432 12440 12594 I Zeus/receiver: plugin-receiver:d,action=android.intent.action.SCREEN_ON[注册完成]
05-17 13:07:33.432 12440 12594 I Zeus/receiver: plugin-receiver:d,action=android.intent.action.SCREEN_OFF[注册完成]
05-17 13:07:33.432 12440 12594 I Zeus/receiver: plugin-receiver:d,action=android.intent.action.USER_PRESENT[注册完成]
05-17 13:07:33.433 12440 12594 I Zeus/receiver: ZeusTransformUtils-registerReceiver-execute
05-17 13:07:33.434  3705  4033 I TrafficManageService: mina mTrafficStatsReceiver onReceive
05-17 13:07:33.435 12440 12696 W ttmn    : <0x0,AVMDLJniBase.cpp,create_thread_env,48>get java vm is:0x7416ac91c0
05-17 13:07:33.436 12440 12698 W ttmn    : <0x0,AVMDLJniBase.cpp,create_thread_env,48>get java vm is:0x7416ac91c0
05-17 13:07:33.436 12440 12699 W ttmn    : <0x0,AVMDLJniBase.cpp,create_thread_env,48>get java vm is:0x7416ac91c0
05-17 13:07:33.457 12440 12594 I Zeus/receiver: plugin-receiver:e,action=android.intent.action.PACKAGE_REMOVED[注册完成]
05-17 13:07:33.462 10066 10066 I crashsdk: Unexp log not enabled, skip update unexp info!
05-17 13:07:33.462 12440 12594 I Zeus/receiver: ZeusTransformUtils-registerReceiver-execute
05-17 13:07:33.463 12440 12594 I Zeus/receiver: plugin-receiver:a,action=android.intent.action.BATTERY_CHANGED[注册完成]
05-17 13:07:33.464 12440 12594 I Zeus/receiver: ZeusTransformUtils-registerReceiver-execute
05-17 13:07:33.475 12440 12594 I Zeus/receiver: plugin-receiver:b,action=android.net.conn.CONNECTIVITY_CHANGE[注册完成]
05-17 13:07:33.482  1106 30413 I MMParserExtractor: Created(0x719de860a0)
05-17 13:07:33.519  2133  2162 I ActivityManager: Start proc 12705:com.google.android.webview:sandboxed_process2/u0i110 for webview_service com.ldd.redenvelope/org.chromium.content.app.SandboxedProcessService2 caller=com.ldd.redenvelope
05-17 13:07:33.524  3705  4033 I TrafficManageService: mina mTrafficStatsReceiver onReceive
05-17 13:07:33.536  2133 25970 I Timeline: Timeline: App_transition_ready time:13263892
05-17 13:07:33.537 12440 12667 I TeaLog  : loadHeader, true, 0
05-17 13:07:33.542  2133 25970 I Timeline: Timeline: App_transition_ready time:13263897
05-17 13:07:33.562 10066 12603 E ignored : java.lang.NullPointerException: Attempt to invoke virtual method 'java.lang.Object android.content.Context.getSystemService(java.lang.String)' on a null object reference
05-17 13:07:33.574  3202  7464 W MiuiPerfServiceClient: interceptAndQueuing:10066|com.ldd.redenvelope|921|104|unknown|null|com.ldd.redenvelope/com.baidu.mobads.sdk.api.MobRewardVideoActivity|13263377842020|Slow handle traversal|36
05-17 13:07:33.569 12705 12705 W dboxed_process2: type=1400 audit(0.0:11672): avc: denied { search } for name="theme" dev="dm-2" ino=524300 scontext=u:r:isolated_app:s0:c110,c256,c512,c768 tcontext=u:object_r:theme_data_file:s0 tclass=dir permissive=0
05-17 13:07:33.600  3991  4011 I MetokLocationProvider: onSetRequest
05-17 13:07:33.601  3991  3991 I MetokLocationProvider: setRequest: request =ProviderRequest[ON interval=0 lowPowerMode=false] ; client =WorkSource{10180 com.ldd.redenvelope}
05-17 13:07:33.589 12705 12705 W dboxed_process2: type=1400 audit(0.0:11676): avc: denied { search } for name="theme" dev="dm-2" ino=524300 scontext=u:r:isolated_app:s0:c110,c256,c512,c768 tcontext=u:object_r:theme_data_file:s0 tclass=dir permissive=0
05-17 13:07:33.603  2599  4166 I DPMJ    : |REQ:RCVR| DPM creating socket
05-17 13:07:33.606  3991  4129 I NetworkLocationManager: start get current Location
05-17 13:07:33.609  3991  3991 I MetokLocationProvider: report position from 2
05-17 13:07:33.616 12440 12451 I nvelope:channe: Background concurrent copying GC freed 25404(3MB) AllocSpace objects, 50(1128KB) LOS objects, 49% free, 4MB/9MB, paused 2.379ms total 268.026ms
05-17 13:07:33.617  3991  4011 I MetokLocationProvider: onSetRequest
05-17 13:07:33.617  3991  3991 I MetokLocationProvider: setRequest: request =ProviderRequest[OFF] ; client =WorkSource{}
05-17 13:07:33.617  3991  3991 I NLPWrapper: request exit
05-17 13:07:33.619 12705 12705 I LoadedApk: No resource references to update in package com.google.android.webview
05-17 13:07:33.624 12705 12705 I cr_ChildProcessService: Creating new ChildProcessService pid=12705
05-17 13:07:33.625  1110 12541 W BpMediaSource: ignoring potentially modified MetaData from start
05-17 13:07:33.625  1110 12541 W BpMediaSource: input:
05-17 13:07:33.625  1110 12541 I MetaDataBase: extf: (int32_t) 0
05-17 13:07:33.625  1110 12541 W BpMediaSource: output:
05-17 13:07:33.625  1110 12541 I MetaDataBase: extf: (int32_t) 0
05-17 13:07:33.632  3705  4033 I TrafficManageService: mina mTrafficStatsReceiver onReceive
05-17 13:07:33.633 12440 12440 I KSAdSDK : [EncryptComponentsImpl]: 初次获取Gid: initGId 
05-17 13:07:33.639 12705 12725 I cr_LibraryLoader: Time to load native libraries: 0 ms (timestamps 3994-3994)
05-17 13:07:33.640 12705 12725 W chromium: [0517/130733.640526:WARNING:library_prefetcher.cc(328)] Code not ordered, madvise optimization skipped
05-17 13:07:33.641 12705 12725 I chromium: [INFO:library_loader_hooks.cc(50)] Chromium logging enabled: level = 0, default verbosity = 0
05-17 13:07:33.642 12705 12725 I cr_LibraryLoader: Expected native library version number "74.0.3729.136", actual native library version number "74.0.3729.136"
05-17 13:07:33.655 12440 12727 W Sodler.PluginConfigUpdater: config reqester not set
05-17 13:07:33.658 12440 12727 W Sodler.PluginConfigUpdater: config reqester not set
05-17 13:07:33.662  2133  2210 I Timeline: Timeline: App_transition_ready time:13264018
05-17 13:07:33.675 12440 12727 I DpmTcmClient: RegisterTcmMonitor from: com.android.okhttp.TcmIdleTimerMonitor
05-17 13:07:33.679  2133  2169 I ActivityManager: Displayed com.ldd.redenvelope/com.baidu.mobads.sdk.api.AppActivity: +337ms
05-17 13:07:33.694 10066 10066 E ldd.redenvelop: No package ID 07 found for ID 0x07e365c9.
05-17 13:07:33.695 10066 10066 E ldd.redenvelop: No package ID 07 found for ID 0x07e365ca.
05-17 13:07:33.695 10066 10066 E ldd.redenvelop: No package ID 07 found for ID 0x07e365cb.
05-17 13:07:33.710 12440 12703 I KSAdSDK : [SystemUtils]: getPhoneCount 
05-17 13:07:33.722 12440 12440 W KSAdSDK : [ad_tk_so_load_performence]: TACHIKOMA 
05-17 13:07:33.729  3705  4033 I TrafficManageService: mina mTrafficStatsReceiver onReceive
05-17 13:07:33.748 12440 12608 E ignored : java.lang.NullPointerException: Attempt to invoke virtual method 'java.lang.Object android.content.Context.getSystemService(java.lang.String)' on a null object reference
05-17 13:07:33.753 10066 10066 E ldd.redenvelop: No package ID 07 found for ID 0x07e365c9.
05-17 13:07:33.753 10066 10066 E ldd.redenvelop: No package ID 07 found for ID 0x07e365ca.
05-17 13:07:33.753 10066 10066 E ldd.redenvelop: No package ID 07 found for ID 0x07e365cb.
05-17 13:07:33.760 12440 12440 E AndroidRuntime: FATAL EXCEPTION: main
05-17 13:07:33.760 12440 12440 E AndroidRuntime: Process: com.ldd.redenvelope:channel, PID: 12440
05-17 13:07:33.760 12440 12440 E AndroidRuntime: java.lang.RuntimeException: Unable to create application com.stub.StubApp: java.lang.IllegalStateException: Can't set data directory suffix: WebView already initialized
05-17 13:07:33.760 12440 12440 E AndroidRuntime: 	at android.app.ActivityThread.handleBindApplication(ActivityThread.java:5965)
05-17 13:07:33.760 12440 12440 E AndroidRuntime: 	at android.app.ActivityThread.access$1200(ActivityThread.java:201)
05-17 13:07:33.760 12440 12440 E AndroidRuntime: 	at android.app.ActivityThread$H.handleMessage(ActivityThread.java:1674)
05-17 13:07:33.760 12440 12440 E AndroidRuntime: 	at android.os.Handler.dispatchMessage(Handler.java:106)
05-17 13:07:33.760 12440 12440 E AndroidRuntime: 	at android.os.Looper.loop(Looper.java:201)
05-17 13:07:33.760 12440 12440 E AndroidRuntime: 	at android.app.ActivityThread.main(ActivityThread.java:6821)
05-17 13:07:33.760 12440 12440 E AndroidRuntime: 	at java.lang.reflect.Method.invoke(Native Method)
05-17 13:07:33.760 12440 12440 E AndroidRuntime: 	at com.android.internal.os.RuntimeInit$MethodAndArgsCaller.run(RuntimeInit.java:547)
05-17 13:07:33.760 12440 12440 E AndroidRuntime: 	at com.android.internal.os.ZygoteInit.main(ZygoteInit.java:873)
05-17 13:07:33.760 12440 12440 E AndroidRuntime: Caused by: java.lang.IllegalStateException: Can't set data directory suffix: WebView already initialized
05-17 13:07:33.760 12440 12440 E AndroidRuntime: 	at android.webkit.WebViewFactory.setDataDirectorySuffix(WebViewFactory.java:136)
05-17 13:07:33.760 12440 12440 E AndroidRuntime: 	at android.webkit.WebView.setDataDirectorySuffix(WebView.java:2171)
05-17 13:07:33.760 12440 12440 E AndroidRuntime: 	at com.ldd.purecalendar.App.f(App.java:8)
05-17 13:07:33.760 12440 12440 E AndroidRuntime: 	at com.ldd.purecalendar.App.onCreate(App.java:13)
05-17 13:07:33.760 12440 12440 E AndroidRuntime: 	at com.stub.StubApp.onCreate(Unknown Source:60)
05-17 13:07:33.760 12440 12440 E AndroidRuntime: 	at android.app.Instrumentation.callApplicationOnCreate(Instrumentation.java:1155)
05-17 13:07:33.760 12440 12440 E AndroidRuntime: 	at android.app.ActivityThread.handleBindApplication(ActivityThread.java:5960)
05-17 13:07:33.760 12440 12440 E AndroidRuntime: 	... 8 more
05-17 13:07:33.763 12440 12727 W Sodler.update: 
05-17 13:07:33.763 12440 12727 W Sodler.update: PluginError{code=-4, msg = com.kwai.sodler.lib.ext.PluginError$UpdateError: java.security.cert.CertPathValidatorException: Trust anchor for certification path not found.}
05-17 13:07:33.763 12440 12727 W Sodler.update: 	at com.kwad.components.core.b$1.a(Unknown Source:19)
05-17 13:07:33.763 12440 12727 W Sodler.update: 	at com.kwai.sodler.lib.e.a(Unknown Source:34)
05-17 13:07:33.763 12440 12727 W Sodler.update: 	at com.kwai.sodler.lib.e.a(Unknown Source:276)
05-17 13:07:33.763 12440 12727 W Sodler.update: 	at com.kwai.sodler.lib.d.a(Unknown Source:243)
05-17 13:07:33.763 12440 12727 W Sodler.update: 	at com.kwai.sodler.lib.k$a$b.a(Unknown Source:6)
05-17 13:07:33.763 12440 12727 W Sodler.update: 	at com.kwai.sodler.lib.k.a(Unknown Source:47)
05-17 13:07:33.763 12440 12727 W Sodler.update: 	at com.kwai.sodler.lib.j.a(Unknown Source:17)
05-17 13:07:33.763 12440 12727 W Sodler.update: 	at com.kwai.sodler.lib.j$2.a(Unknown Source:6)
05-17 13:07:33.763 12440 12727 W Sodler.update: 	at com.kwai.sodler.lib.j$2.call(Unknown Source:0)
05-17 13:07:33.763 12440 12727 W Sodler.update: 	at java.util.concurrent.FutureTask.run(FutureTask.java:266)
05-17 13:07:33.763 12440 12727 W Sodler.update: 	at java.util.concurrent.ThreadPoolExecutor.runWorker(ThreadPoolExecutor.java:1167)
05-17 13:07:33.763 12440 12727 W Sodler.update: 	at java.util.concurrent.ThreadPoolExecutor$Worker.run(ThreadPoolExecutor.java:641)
05-17 13:07:33.763 12440 12727 W Sodler.update: 	at java.lang.Thread.run(Thread.java:764)
05-17 13:07:33.764 12440 12727 E Sodler.helper: load failed:-4:java.security.cert.CertPathValidatorException: Trust anchor for certification path not found.
05-17 13:07:33.765 10066 10864 I X509Util: Failed to validate the certificate chain, error: java.security.cert.CertPathValidatorException: Trust anchor for certification path not found.
05-17 13:07:33.766 10066 10863 E chromium: [ERROR:ssl_client_socket_impl.cc(946)] handshake failed; returned -1, SSL error code 1, net_error -202
05-17 13:07:33.780 12440 12440 I Process : Sending signal. PID: 12440 SIG: 9
05-17 13:07:33.797 10066 10079 I ldd.redenvelop: Background concurrent copying GC freed 77276(4MB) AllocSpace objects, 50(22MB) LOS objects, 49% free, 17MB/35MB, paused 447us total 394.139ms
05-17 13:07:33.811  3705  4033 I TrafficManageService: mina mTrafficStatsReceiver onReceive
05-17 13:07:33.814 10066 10066 E ldd.redenvelop: No package ID 07 found for ID 0x07e365c9.
05-17 13:07:33.814 10066 10066 E ldd.redenvelop: No package ID 07 found for ID 0x07e365ca.
05-17 13:07:33.814 10066 10066 E ldd.redenvelop: No package ID 07 found for ID 0x07e365cb.
05-17 13:07:33.814 12588 12588 I dex2oat : dex2oat took 1.250s (1.608s cpu) (threads: 6) arena alloc=513KB (526216B) java alloc=3MB (3226336B) native alloc=3MB (3996016B) free=2MB (2819728B)
05-17 13:07:33.847  2133  6011 I ActivityManager: Process com.ldd.redenvelope:channel (pid 12440) has died: fore BFGS
05-17 13:07:33.848  2133  2163 W libprocessgroup: kill(-12440, 9) failed: No such process
05-17 13:07:33.850  2133  6011 I AutoStartManagerService: MIUILOG- Reject RestartService packageName :com.ldd.redenvelope uid : 10180
05-17 13:07:33.850  2133  6011 I AutoStartManagerService: MIUILOG- Reject RestartService packageName :com.ldd.redenvelope uid : 10180
05-17 13:07:33.853  2133  2163 W libprocessgroup: kill(-12440, 9) failed: No such process
05-17 13:07:33.859  2133  2163 W libprocessgroup: kill(-12440, 9) failed: No such process
05-17 13:07:33.859  2133  2163 I libprocessgroup: Successfully killed process cgroup uid 10180 pid 12440 in 11ms
05-17 13:07:33.861  1084  1084 I Zygote  : Process 12440 exited due to signal (9)
05-17 13:07:33.874  3705  4033 I TrafficManageService: mina mTrafficStatsReceiver onReceive
05-17 13:07:33.887 10066 10066 E ldd.redenvelop: No package ID 07 found for ID 0x07e365c9.
05-17 13:07:33.887 10066 10066 E ldd.redenvelop: No package ID 07 found for ID 0x07e365ca.
05-17 13:07:33.887 10066 10066 E ldd.redenvelop: No package ID 07 found for ID 0x07e365cb.
05-17 13:07:33.945  3705  4033 I TrafficManageService: mina mTrafficStatsReceiver onReceive
05-17 13:07:33.968 10066 10066 E ldd.redenvelop: No package ID 07 found for ID 0x07e365c9.
05-17 13:07:33.968 10066 10066 E ldd.redenvelop: No package ID 07 found for ID 0x07e365ca.
05-17 13:07:33.968 10066 10066 E ldd.redenvelop: No package ID 07 found for ID 0x07e365cb.
05-17 13:07:33.982  2133 12015 I SplashScreenServiceDelegate: None for com.ldd.redenvelope
05-17 13:07:33.983 10066 10066 E ldd.redenvelop: No package ID 07 found for ID 0x07e365c9.
05-17 13:07:33.983 10066 10066 E ldd.redenvelop: No package ID 07 found for ID 0x07e365ca.
05-17 13:07:33.983 10066 10066 E ldd.redenvelop: No package ID 07 found for ID 0x07e365cb.
05-17 13:07:33.997 10066 10066 E ldd.redenvelop: No package ID 07 found for ID 0x07e365c9.
05-17 13:07:33.998 10066 10066 E ldd.redenvelop: No package ID 07 found for ID 0x07e365ca.
05-17 13:07:33.998 10066 10066 E ldd.redenvelop: No package ID 07 found for ID 0x07e365cb.
05-17 13:07:34.014 10066 10066 E ldd.redenvelop: No package ID 07 found for ID 0x07e365c9.
05-17 13:07:34.014 10066 10066 E ldd.redenvelop: No package ID 07 found for ID 0x07e365ca.
05-17 13:07:34.014 10066 10066 E ldd.redenvelop: No package ID 07 found for ID 0x07e365cb.
05-17 13:07:34.015  3705  4033 I TrafficManageService: mina mTrafficStatsReceiver onReceive
05-17 13:07:34.022  2133  2169 I Timeline: Timeline: Activity_windows_visible id: ActivityRecord{26bc151 u0 com.ldd.redenvelope/com.baidu.mobads.sdk.api.AppActivity t162} time:13264378
05-17 13:07:34.023  2133  2210 I Timeline: Timeline: App_transition_stopped time:13264379
05-17 13:07:34.036 10066 10066 E ldd.redenvelop: No package ID 07 found for ID 0x07e365c9.
05-17 13:07:34.036 10066 10066 E ldd.redenvelop: No package ID 07 found for ID 0x07e365ca.
05-17 13:07:34.036 10066 10066 E ldd.redenvelop: No package ID 07 found for ID 0x07e365cb.
05-17 13:07:34.072  3705  4033 I TrafficManageService: mina mTrafficStatsReceiver onReceive
05-17 13:07:34.143  3423  3490 I mit.droidbotap: Background concurrent copying GC freed 220244(8MB) AllocSpace objects, 339(18MB) LOS objects, 36% free, 41MB/65MB, paused 80us total 146.895ms
05-17 13:07:34.170  3705  4033 I TrafficManageService: mina mTrafficStatsReceiver onReceive
05-17 13:07:34.193  1110 12554 W BpMediaSource: ignoring potentially modified MetaData from start
05-17 13:07:34.193  1110 12554 W BpMediaSource: input:
05-17 13:07:34.193  1110 12554 I MetaDataBase: extf: (int32_t) 0
05-17 13:07:34.193  1110 12554 W BpMediaSource: output:
05-17 13:07:34.193  1110 12554 I MetaDataBase: extf: (int32_t) 0
05-17 13:07:34.233  3705  4033 I TrafficManageService: mina mTrafficStatsReceiver onReceive
05-17 13:07:34.305  3705  4033 I TrafficManageService: mina mTrafficStatsReceiver onReceive
05-17 13:07:34.376  3705  4033 I TrafficManageService: mina mTrafficStatsReceiver onReceive
05-17 13:07:34.450  3705  4033 I TrafficManageService: mina mTrafficStatsReceiver onReceive
05-17 13:07:34.539  3705  4033 I TrafficManageService: mina mTrafficStatsReceiver onReceive
05-17 13:07:34.608  3705  4033 I TrafficManageService: mina mTrafficStatsReceiver onReceive
05-17 13:07:34.621  1110 12561 W BpMediaSource: ignoring potentially modified MetaData from start
05-17 13:07:34.622  1110 12561 W BpMediaSource: input:
05-17 13:07:34.622  1110 12561 I MetaDataBase: extf: (int32_t) 0
05-17 13:07:34.622  1110 12561 W BpMediaSource: output:
05-17 13:07:34.622  1110 12561 I MetaDataBase: extf: (int32_t) 0
05-17 13:07:34.666  3705  4033 I TrafficManageService: mina mTrafficStatsReceiver onReceive
05-17 13:07:34.717  2133  2143 I system_server: Background concurrent copying GC freed 211380(15MB) AllocSpace objects, 52(1488KB) LOS objects, 42% free, 23MB/41MB, paused 314us total 222.185ms
05-17 13:07:34.728  3705  4033 I TrafficManageService: mina mTrafficStatsReceiver onReceive
05-17 13:07:34.827  3705  4033 I TrafficManageService: mina mTrafficStatsReceiver onReceive
05-17 13:07:34.899  3705  4033 I TrafficManageService: mina mTrafficStatsReceiver onReceive
05-17 13:07:34.921 10066 11940 I crashsdk: crashsdk uploading logs
05-17 13:07:34.977  3705  4033 I TrafficManageService: mina mTrafficStatsReceiver onReceive
05-17 13:07:35.062  3705  4033 I TrafficManageService: mina mTrafficStatsReceiver onReceive
05-17 13:07:35.150  3705  4033 I TrafficManageService: mina mTrafficStatsReceiver onReceive
05-17 13:07:35.212  3705  4033 I TrafficManageService: mina mTrafficStatsReceiver onReceive
05-17 13:07:35.284  3705  4033 I TrafficManageService: mina mTrafficStatsReceiver onReceive
05-17 13:07:35.487  3705  4033 I TrafficManageService: mina mTrafficStatsReceiver onReceive
05-17 13:07:35.564  3705  4033 I TrafficManageService: mina mTrafficStatsReceiver onReceive
05-17 13:07:35.638  3705  4033 I TrafficManageService: mina mTrafficStatsReceiver onReceive
05-17 13:07:35.728  3705  4033 I TrafficManageService: mina mTrafficStatsReceiver onReceive
05-17 13:07:35.800  3705  4033 I TrafficManageService: mina mTrafficStatsReceiver onReceive
05-17 13:07:35.878  3705  4033 I TrafficManageService: mina mTrafficStatsReceiver onReceive
05-17 13:07:35.939  3705  4033 I TrafficManageService: mina mTrafficStatsReceiver onReceive
05-17 13:07:36.027  3705  4033 I TrafficManageService: mina mTrafficStatsReceiver onReceive
05-17 13:07:36.101  3705  4033 I TrafficManageService: mina mTrafficStatsReceiver onReceive
05-17 13:07:36.168  3705  4033 I TrafficManageService: mina mTrafficStatsReceiver onReceive
05-17 13:07:36.246  3705  4033 I TrafficManageService: mina mTrafficStatsReceiver onReceive
05-17 13:07:36.311  3705  4033 I TrafficManageService: mina mTrafficStatsReceiver onReceive
05-17 13:07:36.372  3705  4033 I TrafficManageService: mina mTrafficStatsReceiver onReceive
05-17 13:07:36.457  3705  4033 I TrafficManageService: mina mTrafficStatsReceiver onReceive
05-17 13:07:36.529  3705  4033 I TrafficManageService: mina mTrafficStatsReceiver onReceive
05-17 13:07:36.593  3705  4033 I TrafficManageService: mina mTrafficStatsReceiver onReceive
05-17 13:07:36.655  3705  4033 I TrafficManageService: mina mTrafficStatsReceiver onReceive
05-17 13:07:36.720  3705  4033 I TrafficManageService: mina mTrafficStatsReceiver onReceive
05-17 13:07:36.755 12777 12777 F linker  : CANNOT LINK EXECUTABLE "/system/bin/dpmd": "/system/lib64/libdpmframework.so" is 32-bit instead of 64-bit
05-17 13:07:36.790  3705  4033 I TrafficManageService: mina mTrafficStatsReceiver onReceive
05-17 13:07:36.859  3705  4033 I TrafficManageService: mina mTrafficStatsReceiver onReceive
05-17 13:07:36.925  3705  4033 I TrafficManageService: mina mTrafficStatsReceiver onReceive
05-17 13:07:36.999  3705  4033 I TrafficManageService: mina mTrafficStatsReceiver onReceive
05-17 13:07:37.082  3705  4033 I TrafficManageService: mina mTrafficStatsReceiver onReceive
05-17 13:07:37.162  3705  4033 I TrafficManageService: mina mTrafficStatsReceiver onReceive
05-17 13:07:37.248  3705  4033 I TrafficManageService: mina mTrafficStatsReceiver onReceive
05-17 13:07:37.328  3705  4033 I TrafficManageService: mina mTrafficStatsReceiver onReceive
05-17 13:07:37.390  3705  4033 I TrafficManageService: mina mTrafficStatsReceiver onReceive
05-17 13:07:37.476  3705  4033 I TrafficManageService: mina mTrafficStatsReceiver onReceive
05-17 13:07:37.545  3705  4033 I TrafficManageService: mina mTrafficStatsReceiver onReceive
05-17 13:07:37.603  3705  4033 I TrafficManageService: mina mTrafficStatsReceiver onReceive
05-17 13:07:37.604  2599  4166 I DPMJ    : |REQ:RCVR| DPM creating socket
05-17 13:07:37.695  3705  4033 I TrafficManageService: mina mTrafficStatsReceiver onReceive
05-17 13:07:37.761  3705  4033 I TrafficManageService: mina mTrafficStatsReceiver onReceive
05-17 13:07:37.815  3705  4033 I TrafficManageService: mina mTrafficStatsReceiver onReceive
05-17 13:07:37.871  3705  4033 I TrafficManageService: mina mTrafficStatsReceiver onReceive
05-17 13:07:37.950  3705  4033 I TrafficManageService: mina mTrafficStatsReceiver onReceive
05-17 13:07:38.022  3705  4033 I TrafficManageService: mina mTrafficStatsReceiver onReceive
05-17 13:07:38.100  3705  4033 I TrafficManageService: mina mTrafficStatsReceiver onReceive
05-17 13:07:38.161  3705  4033 I TrafficManageService: mina mTrafficStatsReceiver onReceive
05-17 13:07:38.228  3705  4033 I TrafficManageService: mina mTrafficStatsReceiver onReceive
05-17 13:07:38.312  3705  4033 I TrafficManageService: mina mTrafficStatsReceiver onReceive
05-17 13:07:38.393  3705  4033 I TrafficManageService: mina mTrafficStatsReceiver onReceive
05-17 13:07:38.466  3705  4033 I TrafficManageService: mina mTrafficStatsReceiver onReceive
05-17 13:07:38.526  3705  4033 I TrafficManageService: mina mTrafficStatsReceiver onReceive
05-17 13:07:38.598  3705  4033 I TrafficManageService: mina mTrafficStatsReceiver onReceive
05-17 13:07:38.671  3705  4033 I TrafficManageService: mina mTrafficStatsReceiver onReceive
05-17 13:07:38.750  3705  4033 I TrafficManageService: mina mTrafficStatsReceiver onReceive
05-17 13:07:38.850  3705  4033 I TrafficManageService: mina mTrafficStatsReceiver onReceive
05-17 13:07:38.929  3705  4033 I TrafficManageService: mina mTrafficStatsReceiver onReceive
05-17 13:07:39.001  3705  4033 I TrafficManageService: mina mTrafficStatsReceiver onReceive
05-17 13:07:39.059  3705  4033 I TrafficManageService: mina mTrafficStatsReceiver onReceive
05-17 13:07:39.112  3705  4033 I TrafficManageService: mina mTrafficStatsReceiver onReceive
05-17 13:07:39.176  3705  4033 I TrafficManageService: mina mTrafficStatsReceiver onReceive
05-17 13:07:39.230  3705  4033 I TrafficManageService: mina mTrafficStatsReceiver onReceive
05-17 13:07:39.287  3705  4033 I TrafficManageService: mina mTrafficStatsReceiver onReceive
05-17 13:07:39.343  3705  4033 I TrafficManageService: mina mTrafficStatsReceiver onReceive
05-17 13:07:39.395  3705  4033 I TrafficManageService: mina mTrafficStatsReceiver onReceive
05-17 13:07:39.468  3705  4033 I TrafficManageService: mina mTrafficStatsReceiver onReceive
05-17 13:07:39.573  3705  4033 I TrafficManageService: mina mTrafficStatsReceiver onReceive
05-17 13:07:39.654  3705  4033 I TrafficManageService: mina mTrafficStatsReceiver onReceive
05-17 13:07:39.740  3705  4033 I TrafficManageService: mina mTrafficStatsReceiver onReceive
05-17 13:07:39.812  3705  4033 I TrafficManageService: mina mTrafficStatsReceiver onReceive
05-17 13:07:39.901  3705  4033 I TrafficManageService: mina mTrafficStatsReceiver onReceive
05-17 13:07:39.979  3705  4033 I TrafficManageService: mina mTrafficStatsReceiver onReceive
05-17 13:07:40.067  3705  4033 I TrafficManageService: mina mTrafficStatsReceiver onReceive
05-17 13:07:40.143  3705  4033 I TrafficManageService: mina mTrafficStatsReceiver onReceive
05-17 13:07:40.207  3705  4033 I TrafficManageService: mina mTrafficStatsReceiver onReceive
05-17 13:07:40.268  3705  4033 I TrafficManageService: mina mTrafficStatsReceiver onReceive
05-17 13:07:40.356  3705  4033 I TrafficManageService: mina mTrafficStatsReceiver onReceive
05-17 13:07:40.424  3705  4033 I TrafficManageService: mina mTrafficStatsReceiver onReceive
05-17 13:07:40.532  3705  4033 I TrafficManageService: mina mTrafficStatsReceiver onReceive
05-17 13:07:40.595  3705  4033 I TrafficManageService: mina mTrafficStatsReceiver onReceive
05-17 13:07:40.645  3705  4033 I TrafficManageService: mina mTrafficStatsReceiver onReceive
05-17 13:07:40.708  3705  4033 I TrafficManageService: mina mTrafficStatsReceiver onReceive
05-17 13:07:40.769  3705  4033 I TrafficManageService: mina mTrafficStatsReceiver onReceive
05-17 13:07:40.846  3705  4033 I TrafficManageService: mina mTrafficStatsReceiver onReceive
05-17 13:07:40.887  2133  2143 I system_server: Background concurrent copying GC freed 207307(17MB) AllocSpace objects, 17(468KB) LOS objects, 42% free, 23MB/41MB, paused 187us total 128.464ms
05-17 13:07:40.906  3705  4033 I TrafficManageService: mina mTrafficStatsReceiver onReceive
05-17 13:07:40.954  3705  4033 I TrafficManageService: mina mTrafficStatsReceiver onReceive
05-17 13:07:41.030  3705  4033 I TrafficManageService: mina mTrafficStatsReceiver onReceive
05-17 13:07:41.115  3705  4033 I TrafficManageService: mina mTrafficStatsReceiver onReceive
05-17 13:07:41.182  3705  4033 I TrafficManageService: mina mTrafficStatsReceiver onReceive
05-17 13:07:41.263  3705  4033 I TrafficManageService: mina mTrafficStatsReceiver onReceive
05-17 13:07:41.341  3705  4033 I TrafficManageService: mina mTrafficStatsReceiver onReceive
05-17 13:07:41.429  3705  4033 I TrafficManageService: mina mTrafficStatsReceiver onReceive
05-17 13:07:41.484  3705  4033 I TrafficManageService: mina mTrafficStatsReceiver onReceive
05-17 13:07:41.571  3705  4033 I TrafficManageService: mina mTrafficStatsReceiver onReceive
05-17 13:07:41.610  2599  4166 I DPMJ    : |REQ:RCVR| DPM creating socket
05-17 13:07:41.657  3705  4033 I TrafficManageService: mina mTrafficStatsReceiver onReceive
05-17 13:07:41.756  3705  4033 I TrafficManageService: mina mTrafficStatsReceiver onReceive
05-17 13:07:41.761 12863 12863 F linker  : CANNOT LINK EXECUTABLE "/system/bin/dpmd": "/system/lib64/libdpmframework.so" is 32-bit instead of 64-bit
05-17 13:07:41.820  3705  4033 I TrafficManageService: mina mTrafficStatsReceiver onReceive
05-17 13:07:41.910  3705  4033 I TrafficManageService: mina mTrafficStatsReceiver onReceive
05-17 13:07:41.998  3705  4033 I TrafficManageService: mina mTrafficStatsReceiver onReceive
05-17 13:07:42.065  3705  4033 I TrafficManageService: mina mTrafficStatsReceiver onReceive
05-17 13:07:42.151  3705  4033 I TrafficManageService: mina mTrafficStatsReceiver onReceive
05-17 13:07:42.223  3705  4033 I TrafficManageService: mina mTrafficStatsReceiver onReceive
05-17 13:07:42.291  3705  4033 I TrafficManageService: mina mTrafficStatsReceiver onReceive
05-17 13:07:42.356  3705  4033 I TrafficManageService: mina mTrafficStatsReceiver onReceive
05-17 13:07:42.413  3705  4033 I TrafficManageService: mina mTrafficStatsReceiver onReceive
05-17 13:07:42.515  3705  4033 I TrafficManageService: mina mTrafficStatsReceiver onReceive
05-17 13:07:42.590  3705  4033 I TrafficManageService: mina mTrafficStatsReceiver onReceive
05-17 13:07:42.644  3705  4033 I TrafficManageService: mina mTrafficStatsReceiver onReceive
05-17 13:07:42.716  3705  4033 I TrafficManageService: mina mTrafficStatsReceiver onReceive
05-17 13:07:42.818  3705  4033 I TrafficManageService: mina mTrafficStatsReceiver onReceive
05-17 13:07:42.891  3705  4033 I TrafficManageService: mina mTrafficStatsReceiver onReceive
05-17 13:07:42.968  3705  4033 I TrafficManageService: mina mTrafficStatsReceiver onReceive
05-17 13:07:43.064  3705  4033 I TrafficManageService: mina mTrafficStatsReceiver onReceive
05-17 13:07:43.140  3705  4033 I TrafficManageService: mina mTrafficStatsReceiver onReceive
05-17 13:07:43.229  3705  4033 I TrafficManageService: mina mTrafficStatsReceiver onReceive
05-17 13:07:43.301 10066 12748 E ignored : java.lang.NullPointerException: Attempt to invoke virtual method 'java.lang.Object android.content.Context.getSystemService(java.lang.String)' on a null object reference
05-17 13:07:43.318  3705  4033 I TrafficManageService: mina mTrafficStatsReceiver onReceive
05-17 13:07:43.389  3705  4033 I TrafficManageService: mina mTrafficStatsReceiver onReceive
05-17 13:07:43.448  3705  4033 I TrafficManageService: mina mTrafficStatsReceiver onReceive
05-17 13:07:43.538  3705  4033 I TrafficManageService: mina mTrafficStatsReceiver onReceive
05-17 13:07:43.606  3705  4033 I TrafficManageService: mina mTrafficStatsReceiver onReceive
05-17 13:07:43.652 12894 12894 I app_process: The ClassLoaderContext is a special shared library.
05-17 13:07:43.664  3705  4033 I TrafficManageService: mina mTrafficStatsReceiver onReceive
05-17 13:07:43.669 12894 12894 W main    : type=1400 audit(0.0:11685): avc: denied { read } for name="u:object_r:vendor_mpctl_prop:s0" dev="tmpfs" ino=12459 scontext=u:r:shell:s0 tcontext=u:object_r:vendor_mpctl_prop:s0 tclass=file permissive=0
05-17 13:07:43.677 12894 12894 E libc    : Access denied finding property "ro.vendor.at_library"
05-17 13:07:43.693 12894 12894 I Input   : injectKeyEvent: KeyEvent { action=ACTION_DOWN, keyCode=KEYCODE_BACK, scanCode=0, metaState=0, flags=0x0, repeatCount=0, eventTime=13274049, downTime=13274049, deviceId=-1, source=0x101 }
05-17 13:07:43.723  2133  6011 W BaseMiuiPhoneWindowManager: keyCode:4 down:true eventTime:13274049 downTime:13274049 policyFlags:2b000000 flags:0 deviceId:-1 isScreenOn:true keyguardActive:false repeatCount:0
05-17 13:07:43.735 12894 12894 I Input   : injectKeyEvent: KeyEvent { action=ACTION_UP, keyCode=KEYCODE_BACK, scanCode=0, metaState=0, flags=0x0, repeatCount=0, eventTime=13274049, downTime=13274049, deviceId=-1, source=0x101 }
05-17 13:07:43.735  2133  6011 W BaseMiuiPhoneWindowManager: keyCode:4 down:false ev